==============================================================================
crop/year/district : wheat / 2025 / kasur
AOI                : /home/jovyan/FAO/wheat/kasur_testing/Kasur.shp
NDVI source        : stac
static source      : stac (auto)
NDVI series window : 2024-08-24 -> 2025-07-01
NDVI inference     : 2024-09-01 -> 2025-06-30
static window      : 2025-01-20 -> 2025-03-20
NDVI model         : gs://farmdar_data_catalog/FAO_Wheat_Model_Files/FAO_Wheat_NDVI_Model/FAO_Wheat_RF_Model.joblib
static model       : gs://farmdar_data_catalog/FAO_Wheat_Model_Files/FAO_Wheat_Static_IMG_Model/FAO_Wheat_XGB_Model.json
model cache        : /home/jovyan/.cache/fao_pipeline/models
run modes          : ndvi=resume, static=resume, vector=resume
sieve min pixels   : ndvi=20, static=20
==============================================================================
2026-09-04 10:19:37,430 INFO pipeline: Pipeline configuration:
crop/year/district : wheat / 2025 / kasur
AOI                : /home/jovyan/FAO/wheat/kasur_testing/Kasur.shp
NDVI source        : stac
static source      : stac (auto)
NDVI series window : 2024-08-24 -> 2025-07-01
NDVI inference     : 2024-09-01 -> 2025-06-30
static window      : 2025-01-20 -> 2025-03-20
NDVI model         : gs://farmdar_data_catalog/FAO_Wheat_Model_Files/FAO_Wheat_NDVI_Model/FAO_Wheat_RF_Model.joblib
static model       : gs://farmdar_data_catalog/FAO_Wheat_Model_Files/FAO_Wheat_Static_IMG_Model/FAO_Wheat_XGB_Model.json
model cache        : /home/jovyan/.cache/fao_pipeline/models
run modes          : ndvi=resume, static=resume, vector=resume
sieve min pixels   : ndvi=20, static=20
2026-09-04 10:19:37,431 INFO run_manager: 1_ndvi: resuming run 1 -> /home/jovyan/FAO/optimized_code_testing/runs_district/D1_kasur_wheat_2025/1_ndvi_run_1
2026-09-04 10:19:37,431 INFO run_manager: 3_vector: starting run 1 -> /home/jovyan/FAO/optimized_code_testing/runs_district/D1_kasur_wheat_2025/3_vector_run_1  (no previous output to reuse)
2026-09-04 10:19:37,431 INFO model_registry: ndvi_model: cache hit, using /home/jovyan/.cache/fao_pipeline/models/farmdar_data_catalog/FAO_Wheat_Model_Files/FAO_Wheat_NDVI_Model/FAO_Wheat_RF_Model.joblib
2026-09-04 10:19:37,431 INFO model_registry: static_model: cache hit, using /home/jovyan/.cache/fao_pipeline/models/farmdar_data_catalog/FAO_Wheat_Model_Files/FAO_Wheat_Static_IMG_Model/FAO_Wheat_XGB_Model.json
2026-09-04 10:19:37,455 INFO ndvi_pipeline: STAC acquisition: ~88 tile(s), 8 in flight, estimated peak 11.7 GiB of 33.4 GiB budget
2026-09-04 10:19:37,528 INFO farmdar.sentinel: aws-creds: bootstrapped 12-hour session, expires 2026-09-04T22:19:37+00:00
2026-09-04 10:19:37,596 INFO farmdar.sentinel: AOI -> 57 tiles @ 10m (tile=0.10deg, bands=['red', 'nir'], 8 workers)
2026-09-04 10:19:37,598 INFO farmdar.sentinel: [1/57] tile 0011: skipped_exists
2026-09-04 10:19:37,598 INFO farmdar.sentinel: [2/57] tile 0007: skipped_exists
2026-09-04 10:19:37,598 INFO farmdar.sentinel: [3/57] tile 0016: skipped_exists
2026-09-04 10:19:37,598 INFO farmdar.sentinel: [4/57] tile 0006: skipped_exists
2026-09-04 10:19:37,598 INFO farmdar.sentinel: [5/57] tile 0010: skipped_exists
2026-09-04 10:19:37,598 INFO farmdar.sentinel: [6/57] tile 0015: skipped_exists
2026-09-04 10:19:37,598 INFO farmdar.sentinel: [7/57] tile 0014: skipped_exists
2026-09-04 10:19:37,598 INFO farmdar.sentinel: [8/57] tile 0027: skipped_exists
2026-09-04 10:19:37,598 INFO farmdar.sentinel: [9/57] tile 0019: skipped_exists
2026-09-04 10:19:37,599 INFO farmdar.sentinel: [10/57] tile 0002: skipped_exists
2026-09-04 10:19:37,599 INFO farmdar.sentinel: [11/57] tile 0022: skipped_exists
2026-09-04 10:19:37,599 INFO farmdar.sentinel: [12/57] tile 0005: skipped_exists
2026-09-04 10:19:37,599 INFO farmdar.sentinel: [13/57] tile 0026: skipped_exists
2026-09-04 10:19:37,599 INFO farmdar.sentinel: [14/57] tile 0021: skipped_exists
2026-09-04 10:19:37,599 INFO farmdar.sentinel: [15/57] tile 0004: skipped_exists
2026-09-04 10:19:37,599 INFO farmdar.sentinel: [16/57] tile 0001: skipped_exists
2026-09-04 10:19:37,599 INFO farmdar.sentinel: [17/57] tile 0025: skipped_exists
2026-09-04 10:19:37,599 INFO farmdar.sentinel: [18/57] tile 0013: skipped_exists
2026-09-04 10:19:37,599 INFO farmdar.sentinel: [19/57] tile 0009: skipped_exists
2026-09-04 10:19:37,599 INFO farmdar.sentinel: [20/57] tile 0020: skipped_exists
2026-09-04 10:19:37,599 INFO farmdar.sentinel: [21/57] tile 0008: skipped_exists
2026-09-04 10:19:37,599 INFO farmdar.sentinel: [22/57] tile 0012: skipped_exists
2026-09-04 10:19:37,599 INFO farmdar.sentinel: [23/57] tile 0003: skipped_exists
2026-09-04 10:19:37,599 INFO farmdar.sentinel: [24/57] tile 0024: skipped_exists
2026-09-04 10:19:37,599 INFO farmdar.sentinel: [25/57] tile 0017: skipped_exists
2026-09-04 10:19:37,599 INFO farmdar.sentinel: [26/57] tile 0023: skipped_exists
2026-09-04 10:19:37,599 INFO farmdar.sentinel: [27/57] tile 0028: skipped_exists
2026-09-04 10:19:37,599 INFO farmdar.sentinel: [28/57] tile 0029: skipped_exists
2026-09-04 10:19:37,599 INFO farmdar.sentinel: [29/57] tile 0030: skipped_exists
2026-09-04 10:19:37,599 INFO farmdar.sentinel: [30/57] tile 0031: skipped_exists
2026-09-04 10:19:37,599 INFO farmdar.sentinel: [31/57] tile 0032: skipped_exists
2026-09-04 10:19:37,599 INFO farmdar.sentinel: [32/57] tile 0033: skipped_exists
2026-09-04 10:19:37,599 INFO farmdar.sentinel: [33/57] tile 0034: skipped_exists
2026-09-04 10:19:37,599 INFO farmdar.sentinel: [34/57] tile 0035: skipped_exists
2026-09-04 10:19:37,599 INFO farmdar.sentinel: [35/57] tile 0036: skipped_exists
2026-09-04 10:19:37,600 INFO farmdar.sentinel: [36/57] tile 0037: skipped_exists
2026-09-04 10:19:37,600 INFO farmdar.sentinel: [37/57] tile 0038: skipped_exists
2026-09-04 10:19:37,600 INFO farmdar.sentinel: [38/57] tile 0039: skipped_exists
2026-09-04 10:19:37,600 INFO farmdar.sentinel: [39/57] tile 0040: skipped_exists
2026-09-04 10:19:37,600 INFO farmdar.sentinel: [40/57] tile 0041: skipped_exists
2026-09-04 10:19:37,600 INFO farmdar.sentinel: [41/57] tile 0042: skipped_exists
2026-09-04 10:19:37,600 INFO farmdar.sentinel: [42/57] tile 0043: skipped_exists
2026-09-04 10:19:37,600 INFO farmdar.sentinel: [43/57] tile 0044: skipped_exists
2026-09-04 10:19:37,600 INFO farmdar.sentinel: [44/57] tile 0045: skipped_exists
2026-09-04 10:19:37,600 INFO farmdar.sentinel: [45/57] tile 0046: skipped_exists
2026-09-04 10:19:37,600 INFO farmdar.sentinel: [46/57] tile 0047: skipped_exists
2026-09-04 10:19:37,600 INFO farmdar.sentinel: [47/57] tile 0048: skipped_exists
2026-09-04 10:19:37,600 INFO farmdar.sentinel: [48/57] tile 0049: skipped_exists
2026-09-04 10:19:37,600 INFO farmdar.sentinel: [49/57] tile 0050: skipped_exists
2026-09-04 10:19:37,600 INFO farmdar.sentinel: [50/57] tile 0051: skipped_exists
2026-09-04 10:19:37,600 INFO farmdar.sentinel: [51/57] tile 0052: skipped_exists
2026-09-04 10:19:37,600 INFO farmdar.sentinel: [52/57] tile 0053: skipped_exists
2026-09-04 10:19:37,600 INFO farmdar.sentinel: [53/57] tile 0054: skipped_exists
2026-09-04 10:19:37,600 INFO farmdar.sentinel: [54/57] tile 0055: skipped_exists
2026-09-04 10:19:37,600 INFO farmdar.sentinel: [55/57] tile 0056: skipped_exists
2026-09-04 10:19:37,600 INFO farmdar.sentinel: [56/57] tile 0057: skipped_exists
2026-09-04 10:19:37,600 INFO farmdar.sentinel: [57/57] tile 0018: skipped_exists
2026-09-04 10:19:37,601 INFO farmdar.sentinel: DONE 57 tiles in 0.0 min. out_dir=/home/jovyan/FAO/optimized_code_testing/runs_district/D1_kasur_wheat_2025/1_ndvi_run_1/raw_ndvi_tiles vrt=None
2026-09-04 10:19:37,604 INFO ndvi_pipeline: STAC acquisition: ~88 tile(s), 8 in flight, estimated peak 11.7 GiB of 33.4 GiB budget
2026-09-04 10:19:37,604 INFO ndvi_pipeline: STAC acquisition took 0.0 min for 57 tile(s) -- 0.0 min/tile (wall-clock over 8 batch(es) of 8 worker(s)).
2026-09-04 10:19:37,604 INFO ndvi_pipeline: Running RF inference over 57 tile(s) on 6 worker(s)...
NDVI tiles:   0%|                                                                                                                                                              | 0/57 [00:00<?, ?it/s]2026-09-04 10:19:37,605 INFO ndvi_pipeline: Inference batch 1/2: 48 tile(s) on 6 fresh worker(s).
NDVI tiles:   2%|██▋                                                                                                                                                   | 1/57 [00:00<00:27,  2.07it/s]NDVI tiles:  74%|█████████████████████████████████████████████████████████████████████████████████████████████████████████████▊                                       | 42/57 [00:00<00:00, 95.06it/s]2026-09-04 10:19:38,354 INFO ndvi_pipeline: Inference batch 2/2: 9 tile(s) on 6 fresh worker(s).
NDVI tiles: 100%|█████████████████████████████████████████████████████████████████████████████████████████████████████████████████████████████████████████████████████| 57/57 [00:15<00:00,  3.77it/s]
2026-09-04 10:19:52,754 INFO raster_io: Mosaicking 57 raster(s) -> Kasur_rf_classification_map.tif
Warning 1: PROJ: proj_create_from_database: Open of /opt/gis/share/proj failed
Warning 1: PROJ: proj_create_from_name: Open of /opt/gis/share/proj failed
Warning 1: PROJ: proj_create_from_database: Open of /opt/gis/share/proj failed
Warning 1: PROJ: proj_create_from_name: Open of /opt/gis/share/proj failed
Warning 1: PROJ: proj_create_from_database: Open of /opt/gis/share/proj failed
Warning 1: PROJ: proj_create_from_name: Open of /opt/gis/share/proj failed
Warning 1: PROJ: proj_create_from_database: Open of /opt/gis/share/proj failed
Warning 1: PROJ: proj_create_from_name: Open of /opt/gis/share/proj failed
Warning 1: PROJ: proj_create_from_database: Open of /opt/gis/share/proj failed
Warning 1: PROJ: proj_create_from_name: Open of /opt/gis/share/proj failed
Warning 1: PROJ: proj_create_from_database: Open of /opt/gis/share/proj failed
Warning 1: PROJ: proj_create_from_name: Open of /opt/gis/share/proj failed
Warning 1: PROJ: proj_create_from_database: Open of /opt/gis/share/proj failed
Warning 1: PROJ: proj_create_from_name: Open of /opt/gis/share/proj failed
Warning 1: PROJ: proj_create_from_database: Open of /opt/gis/share/proj failed
Warning 1: PROJ: proj_create_from_name: Open of /opt/gis/share/proj failed
Warning 1: PROJ: proj_create_from_database: Open of /opt/gis/share/proj failed
Warning 1: PROJ: proj_create_from_name: Open of /opt/gis/share/proj failed
Warning 1: PROJ: proj_create_from_database: Open of /opt/gis/share/proj failed
Warning 1: PROJ: proj_create_from_name: Open of /opt/gis/share/proj failed
Warning 1: PROJ: proj_create_from_database: Open of /opt/gis/share/proj failed
Warning 1: PROJ: proj_create_from_name: Open of /opt/gis/share/proj failed
Warning 1: PROJ: proj_create_from_database: Open of /opt/gis/share/proj failed
Warning 1: PROJ: proj_create_from_name: Open of /opt/gis/share/proj failed
Warning 1: PROJ: proj_create_from_database: Open of /opt/gis/share/proj failed
Warning 1: PROJ: proj_create_from_name: Open of /opt/gis/share/proj failed
Warning 1: PROJ: proj_create_from_database: Open of /opt/gis/share/proj failed
Warning 1: PROJ: proj_create_from_name: Open of /opt/gis/share/proj failed
Warning 1: PROJ: proj_create_from_database: Open of /opt/gis/share/proj failed
Warning 1: PROJ: proj_create_from_name: Open of /opt/gis/share/proj failed
Warning 1: PROJ: proj_create_from_database: Open of /opt/gis/share/proj failed
Warning 1: PROJ: proj_create_from_name: Open of /opt/gis/share/proj failed
Warning 1: PROJ: proj_create_from_database: Open of /opt/gis/share/proj failed
Warning 1: PROJ: proj_create_from_name: Open of /opt/gis/share/proj failed
Warning 1: PROJ: proj_create_from_database: Open of /opt/gis/share/proj failed
Warning 1: PROJ: proj_create_from_name: Open of /opt/gis/share/proj failed
Warning 1: PROJ: proj_create_from_database: Open of /opt/gis/share/proj failed
Warning 1: PROJ: proj_create_from_name: Open of /opt/gis/share/proj failed
Warning 1: PROJ: proj_create_from_database: Open of /opt/gis/share/proj failed
Warning 1: PROJ: proj_create_from_name: Open of /opt/gis/share/proj failed
Warning 1: PROJ: proj_create_from_database: Open of /opt/gis/share/proj failed
Warning 1: PROJ: proj_create_from_name: Open of /opt/gis/share/proj failed
Warning 1: PROJ: proj_create_from_database: Open of /opt/gis/share/proj failed
Warning 1: PROJ: proj_create_from_name: Open of /opt/gis/share/proj failed
Warning 1: PROJ: proj_create_from_database: Open of /opt/gis/share/proj failed
Warning 1: PROJ: proj_create_from_name: Open of /opt/gis/share/proj failed
Warning 1: PROJ: proj_create_from_database: Open of /opt/gis/share/proj failed
Warning 1: PROJ: proj_create_from_name: Open of /opt/gis/share/proj failed
Warning 1: PROJ: proj_create_from_database: Open of /opt/gis/share/proj failed
Warning 1: PROJ: proj_create_from_name: Open of /opt/gis/share/proj failed
Warning 1: PROJ: proj_create_from_database: Open of /opt/gis/share/proj failed
Warning 1: PROJ: proj_create_from_name: Open of /opt/gis/share/proj failed
Warning 1: PROJ: proj_create_from_database: Open of /opt/gis/share/proj failed
Warning 1: PROJ: proj_create_from_name: Open of /opt/gis/share/proj failed
Warning 1: PROJ: proj_create_from_database: Open of /opt/gis/share/proj failed
Warning 1: PROJ: proj_create_from_name: Open of /opt/gis/share/proj failed
Warning 1: PROJ: proj_create_from_database: Open of /opt/gis/share/proj failed
Warning 1: PROJ: proj_create_from_name: Open of /opt/gis/share/proj failed
Warning 1: PROJ: proj_create_from_database: Open of /opt/gis/share/proj failed
Warning 1: PROJ: proj_create_from_name: Open of /opt/gis/share/proj failed
Warning 1: PROJ: proj_create_from_database: Open of /opt/gis/share/proj failed
Warning 1: PROJ: proj_create_from_name: Open of /opt/gis/share/proj failed
Warning 1: PROJ: proj_create_from_database: Open of /opt/gis/share/proj failed
Warning 1: PROJ: proj_create_from_name: Open of /opt/gis/share/proj failed
Warning 1: PROJ: proj_create_from_database: Open of /opt/gis/share/proj failed
Warning 1: PROJ: proj_create_from_name: Open of /opt/gis/share/proj failed
Warning 1: PROJ: proj_create_from_database: Open of /opt/gis/share/proj failed
Warning 1: PROJ: proj_create_from_name: Open of /opt/gis/share/proj failed
Warning 1: PROJ: proj_create_from_database: Open of /opt/gis/share/proj failed
Warning 1: PROJ: proj_create_from_name: Open of /opt/gis/share/proj failed
Warning 1: PROJ: proj_create_from_database: Open of /opt/gis/share/proj failed
Warning 1: PROJ: proj_create_from_name: Open of /opt/gis/share/proj failed
Warning 1: PROJ: proj_create_from_database: Open of /opt/gis/share/proj failed
Warning 1: PROJ: proj_create_from_name: Open of /opt/gis/share/proj failed
Warning 1: PROJ: proj_create_from_database: Open of /opt/gis/share/proj failed
Warning 1: PROJ: proj_create_from_name: Open of /opt/gis/share/proj failed
Warning 1: PROJ: proj_create_from_database: Open of /opt/gis/share/proj failed
Warning 1: PROJ: proj_create_from_name: Open of /opt/gis/share/proj failed
Warning 1: PROJ: proj_create_from_database: Open of /opt/gis/share/proj failed
Warning 1: PROJ: proj_create_from_name: Open of /opt/gis/share/proj failed
Warning 1: PROJ: proj_create_from_database: Open of /opt/gis/share/proj failed
Warning 1: PROJ: proj_create_from_name: Open of /opt/gis/share/proj failed
Warning 1: PROJ: proj_create_from_database: Open of /opt/gis/share/proj failed
Warning 1: PROJ: proj_create_from_name: Open of /opt/gis/share/proj failed
Warning 1: PROJ: proj_create_from_database: Open of /opt/gis/share/proj failed
Warning 1: PROJ: proj_create_from_name: Open of /opt/gis/share/proj failed
Warning 1: PROJ: proj_create_from_database: Open of /opt/gis/share/proj failed
Warning 1: PROJ: proj_create_from_name: Open of /opt/gis/share/proj failed
Warning 1: PROJ: proj_create_from_database: Open of /opt/gis/share/proj failed
Warning 1: PROJ: proj_create_from_name: Open of /opt/gis/share/proj failed
Warning 1: PROJ: proj_create_from_database: Open of /opt/gis/share/proj failed
Warning 1: PROJ: proj_create_from_name: Open of /opt/gis/share/proj failed
Warning 1: PROJ: proj_create_from_database: Open of /opt/gis/share/proj failed
Warning 1: PROJ: proj_create_from_name: Open of /opt/gis/share/proj failed
Warning 1: PROJ: proj_create_from_database: Open of /opt/gis/share/proj failed
Warning 1: PROJ: proj_create_from_name: Open of /opt/gis/share/proj failed
Warning 1: PROJ: proj_create_from_database: Open of /opt/gis/share/proj failed
Warning 1: PROJ: proj_create_from_name: Open of /opt/gis/share/proj failed
Warning 1: PROJ: proj_create_from_database: Open of /opt/gis/share/proj failed
Warning 1: PROJ: proj_create_from_name: Open of /opt/gis/share/proj failed
Warning 1: PROJ: proj_create_from_database: Open of /opt/gis/share/proj failed
Warning 1: PROJ: proj_create_from_name: Open of /opt/gis/share/proj failed
Warning 1: PROJ: proj_create_from_database: Open of /opt/gis/share/proj failed
Warning 1: PROJ: proj_create_from_name: Open of /opt/gis/share/proj failed
Warning 1: PROJ: proj_create_from_database: Open of /opt/gis/share/proj failed
Warning 1: PROJ: proj_create_from_name: Open of /opt/gis/share/proj failed
Warning 1: PROJ: proj_create_from_database: Open of /opt/gis/share/proj failed
Warning 1: PROJ: proj_create_from_name: Open of /opt/gis/share/proj failed
Warning 1: PROJ: proj_create_from_database: Open of /opt/gis/share/proj failed
Warning 1: PROJ: proj_create_from_name: Open of /opt/gis/share/proj failed
Warning 1: PROJ: proj_create_from_database: Open of /opt/gis/share/proj failed
Warning 1: PROJ: proj_create_from_name: Open of /opt/gis/share/proj failed
Warning 1: PROJ: proj_create_from_database: Open of /opt/gis/share/proj failed
Warning 1: PROJ: proj_create_from_name: Open of /opt/gis/share/proj failed
ERROR 1: PROJ: proj_create_from_name: Open of /opt/gis/share/proj failed
Warning 1: PROJ: proj_create_from_name: Open of /opt/gis/share/proj failed
Warning 1: PROJ: proj_create_from_database: Open of /opt/gis/share/proj failed
Warning 1: PROJ: proj_create_from_name: Open of /opt/gis/share/proj failed
Warning 1: PROJ: proj_create_from_database: Open of /opt/gis/share/proj failed
Warning 1: PROJ: proj_create_from_name: Open of /opt/gis/share/proj failed
Warning 1: PROJ: proj_create_from_database: Open of /opt/gis/share/proj failed
Warning 1: PROJ: proj_create_from_name: Open of /opt/gis/share/proj failed
Warning 1: PROJ: proj_create_from_database: Open of /opt/gis/share/proj failed
Warning 1: PROJ: proj_create_from_name: Open of /opt/gis/share/proj failed
Warning 1: PROJ: proj_create_from_database: Open of /opt/gis/share/proj failed
Warning 1: PROJ: proj_create_from_name: Open of /opt/gis/share/proj failed
Warning 1: PROJ: proj_create_from_database: Open of /opt/gis/share/proj failed
Warning 1: PROJ: proj_create_from_name: Open of /opt/gis/share/proj failed
Warning 1: PROJ: proj_create_from_database: Open of /opt/gis/share/proj failed
Warning 1: PROJ: proj_create_from_name: Open of /opt/gis/share/proj failed
Warning 1: PROJ: proj_create_from_database: Open of /opt/gis/share/proj failed
Warning 1: PROJ: proj_create_from_name: Open of /opt/gis/share/proj failed
Warning 1: PROJ: proj_create_from_database: Open of /opt/gis/share/proj failed
Warning 1: PROJ: proj_create_from_name: Open of /opt/gis/share/proj failed
Warning 1: PROJ: proj_create_from_database: Open of /opt/gis/share/proj failed
Warning 1: PROJ: proj_create_from_name: Open of /opt/gis/share/proj failed
Warning 1: PROJ: proj_create_from_database: Open of /opt/gis/share/proj failed
Warning 1: PROJ: proj_create_from_name: Open of /opt/gis/share/proj failed
Warning 1: PROJ: proj_create_from_database: Open of /opt/gis/share/proj failed
Warning 1: PROJ: proj_create_from_name: Open of /opt/gis/share/proj failed
Warning 1: PROJ: proj_create_from_database: Open of /opt/gis/share/proj failed
Warning 1: PROJ: proj_create_from_name: Open of /opt/gis/share/proj failed
Warning 1: PROJ: proj_create_from_database: Open of /opt/gis/share/proj failed
Warning 1: PROJ: proj_create_from_name: Open of /opt/gis/share/proj failed
Warning 1: PROJ: proj_create_from_database: Open of /opt/gis/share/proj failed
Warning 1: PROJ: proj_create_from_name: Open of /opt/gis/share/proj failed
Warning 1: PROJ: proj_create_from_database: Open of /opt/gis/share/proj failed
Warning 1: PROJ: proj_create_from_name: Open of /opt/gis/share/proj failed
Warning 1: PROJ: proj_create_from_database: Open of /opt/gis/share/proj failed
Warning 1: PROJ: proj_create_from_name: Open of /opt/gis/share/proj failed
Warning 1: PROJ: proj_create_from_database: Open of /opt/gis/share/proj failed
Warning 1: PROJ: proj_create_from_name: Open of /opt/gis/share/proj failed
Warning 1: PROJ: proj_create_from_database: Open of /opt/gis/share/proj failed
Warning 1: PROJ: proj_create_from_name: Open of /opt/gis/share/proj failed
Warning 1: PROJ: proj_create_from_database: Open of /opt/gis/share/proj failed
Warning 1: PROJ: proj_create_from_name: Open of /opt/gis/share/proj failed
Warning 1: PROJ: proj_create_from_database: Open of /opt/gis/share/proj failed
Warning 1: PROJ: proj_create_from_name: Open of /opt/gis/share/proj failed
Warning 1: PROJ: proj_create_from_database: Open of /opt/gis/share/proj failed
Warning 1: PROJ: proj_create_from_name: Open of /opt/gis/share/proj failed
Warning 1: PROJ: proj_create_from_database: Open of /opt/gis/share/proj failed
Warning 1: PROJ: proj_create_from_name: Open of /opt/gis/share/proj failed
Warning 1: PROJ: proj_create_from_database: Open of /opt/gis/share/proj failed
Warning 1: PROJ: proj_create_from_name: Open of /opt/gis/share/proj failed
Warning 1: PROJ: proj_create_from_database: Open of /opt/gis/share/proj failed
Warning 1: PROJ: proj_create_from_name: Open of /opt/gis/share/proj failed
Warning 1: PROJ: proj_create_from_database: Open of /opt/gis/share/proj failed
Warning 1: PROJ: proj_create_from_name: Open of /opt/gis/share/proj failed
Warning 1: PROJ: proj_create_from_database: Open of /opt/gis/share/proj failed
Warning 1: PROJ: proj_create_from_name: Open of /opt/gis/share/proj failed
Warning 1: PROJ: proj_create_from_database: Open of /opt/gis/share/proj failed
Warning 1: PROJ: proj_create_from_name: Open of /opt/gis/share/proj failed
Warning 1: PROJ: proj_create_from_database: Open of /opt/gis/share/proj failed
Warning 1: PROJ: proj_create_from_name: Open of /opt/gis/share/proj failed
Warning 1: PROJ: proj_create_from_database: Open of /opt/gis/share/proj failed
Warning 1: PROJ: proj_create_from_name: Open of /opt/gis/share/proj failed
Warning 1: PROJ: proj_create_from_database: Open of /opt/gis/share/proj failed
Warning 1: PROJ: proj_create_from_name: Open of /opt/gis/share/proj failed
Warning 1: PROJ: proj_create_from_database: Open of /opt/gis/share/proj failed
Warning 1: PROJ: proj_create_from_name: Open of /opt/gis/share/proj failed
Warning 1: PROJ: proj_create_from_database: Open of /opt/gis/share/proj failed
Warning 1: PROJ: proj_create_from_name: Open of /opt/gis/share/proj failed
Warning 1: PROJ: proj_create_from_database: Open of /opt/gis/share/proj failed
Warning 1: PROJ: proj_create_from_name: Open of /opt/gis/share/proj failed
Warning 1: PROJ: proj_create_from_database: Open of /opt/gis/share/proj failed
Warning 1: PROJ: proj_create_from_name: Open of /opt/gis/share/proj failed
Warning 1: PROJ: proj_create_from_database: Open of /opt/gis/share/proj failed
Warning 1: PROJ: proj_create_from_name: Open of /opt/gis/share/proj failed
Warning 1: PROJ: proj_create_from_database: Open of /opt/gis/share/proj failed
Warning 1: PROJ: proj_create_from_name: Open of /opt/gis/share/proj failed
Warning 1: PROJ: proj_create_from_database: Open of /opt/gis/share/proj failed
Warning 1: PROJ: proj_create_from_name: Open of /opt/gis/share/proj failed
Warning 1: PROJ: proj_create_from_database: Open of /opt/gis/share/proj failed
Warning 1: PROJ: proj_create_from_name: Open of /opt/gis/share/proj failed
Warning 1: PROJ: proj_create_from_database: Open of /opt/gis/share/proj failed
Warning 1: PROJ: proj_create_from_name: Open of /opt/gis/share/proj failed
Warning 1: PROJ: proj_create_from_database: Open of /opt/gis/share/proj failed
Warning 1: PROJ: proj_create_from_name: Open of /opt/gis/share/proj failed
Warning 1: PROJ: proj_create_from_database: Open of /opt/gis/share/proj failed
Warning 1: PROJ: proj_create_from_name: Open of /opt/gis/share/proj failed
Warning 1: PROJ: proj_create_from_database: Open of /opt/gis/share/proj failed
Warning 1: PROJ: proj_create_from_name: Open of /opt/gis/share/proj failed
Warning 1: PROJ: proj_create_from_database: Open of /opt/gis/share/proj failed
Warning 1: PROJ: proj_create_from_name: Open of /opt/gis/share/proj failed
Warning 1: PROJ: proj_create_from_database: Open of /opt/gis/share/proj failed
Warning 1: PROJ: proj_create_from_name: Open of /opt/gis/share/proj failed
Warning 1: PROJ: proj_create_from_database: Open of /opt/gis/share/proj failed
Warning 1: PROJ: proj_create_from_name: Open of /opt/gis/share/proj failed
Warning 1: PROJ: proj_create_from_database: Open of /opt/gis/share/proj failed
Warning 1: PROJ: proj_create_from_name: Open of /opt/gis/share/proj failed
Warning 1: PROJ: proj_create_from_database: Open of /opt/gis/share/proj failed
Warning 1: PROJ: proj_create_from_name: Open of /opt/gis/share/proj failed
Warning 1: PROJ: proj_create_from_database: Open of /opt/gis/share/proj failed
Warning 1: PROJ: proj_create_from_name: Open of /opt/gis/share/proj failed
Warning 1: PROJ: proj_create_from_database: Open of /opt/gis/share/proj failed
Warning 1: PROJ: proj_create_from_name: Open of /opt/gis/share/proj failed
Warning 1: PROJ: proj_create_from_database: Open of /opt/gis/share/proj failed
Warning 1: PROJ: proj_create_from_name: Open of /opt/gis/share/proj failed
Warning 1: PROJ: proj_create_from_database: Open of /opt/gis/share/proj failed
Warning 1: PROJ: proj_create_from_name: Open of /opt/gis/share/proj failed
Warning 1: PROJ: proj_create_from_database: Open of /opt/gis/share/proj failed
Warning 1: PROJ: proj_create_from_name: Open of /opt/gis/share/proj failed
Warning 1: PROJ: proj_create_from_database: Open of /opt/gis/share/proj failed
Warning 1: PROJ: proj_create_from_name: Open of /opt/gis/share/proj failed
Warning 1: PROJ: proj_create_from_database: Open of /opt/gis/share/proj failed
Warning 1: PROJ: proj_create_from_name: Open of /opt/gis/share/proj failed
Warning 1: PROJ: proj_create_from_database: Open of /opt/gis/share/proj failed
Warning 1: PROJ: proj_create_from_name: Open of /opt/gis/share/proj failed
Warning 1: PROJ: proj_create_from_database: Open of /opt/gis/share/proj failed
Warning 1: PROJ: proj_create_from_name: Open of /opt/gis/share/proj failed
Loading categorical map for strict sieving: Kasur_rf_classification_map.tif
Phase 1: base sieve filter (removing blobs < 20 px)...
Phase 2: enforcing strict topological encapsulation...
  -> Reverting 262 illegal edge-merges...
Writing topologically-enforced output to disk...
SUCCESS: sieved raster saved to: /home/jovyan/FAO/optimized_code_testing/runs_district/D1_kasur_wheat_2025/1_ndvi_run_1/Kasur_rf_classification_map_sieved_p20.tif
2026-09-04 10:19:57,432 INFO pipeline: NDVI stage finished in 0.3 min -> /home/jovyan/FAO/optimized_code_testing/runs_district/D1_kasur_wheat_2025/1_ndvi_run_1/Kasur_rf_classification_map_sieved_p20.tif
2026-09-04 10:19:57,433 INFO run_manager: 2_static: starting run 1 -> /home/jovyan/FAO/optimized_code_testing/runs_district/D1_kasur_wheat_2025/2_static_run_1  (no previous output to reuse)
2026-09-04 10:19:59,515 INFO farmdar.sentinel: static: 24 scenes on 6 dates in [2025-02-10, 2025-02-25)
2026-09-04 10:20:05,272 INFO farmdar.sentinel: static: dates=['2025-02-15', '2025-02-10'] (anchor=2025-02-15) -> 99.08% of AOI usable
2026-09-04 10:20:10,866 INFO farmdar.sentinel: static: 23 scenes on 6 dates in [2025-01-25, 2025-02-10)
2026-09-04 10:20:15,018 INFO farmdar.sentinel: static: dates=['2025-02-05'] (anchor=2025-02-05) -> 99.97% of AOI usable
2026-09-04 10:20:21,177 INFO farmdar.sentinel: static: 13 scenes on 4 dates in [2025-02-26, 2025-03-10)
2026-09-04 10:20:24,981 INFO farmdar.sentinel: static: dates=['2025-03-07'] (anchor=2025-03-07) -> 99.87% of AOI usable
2026-09-04 10:20:31,655 INFO farmdar.sentinel: static: 14 scenes on 4 dates in [2025-03-11, 2025-03-20)
2026-09-04 10:20:36,090 INFO farmdar.sentinel: static: dates=['2025-03-17'] (anchor=2025-03-17) -> 99.83% of AOI usable
2026-09-04 10:20:36,091 INFO static_pipeline: Window scores (4 of 4 window(s) scored):
2026-09-04 10:20:36,091 INFO static_pipeline:   window 1 (2025-02-10 to 2025-02-25): ['2025-02-15', '2025-02-10'] -> 99.1% of AOI usable
2026-09-04 10:20:36,091 INFO static_pipeline:   window 2 (2025-01-25 to 2025-02-10): ['2025-02-05'] -> 100.0% of AOI usable
2026-09-04 10:20:36,091 INFO static_pipeline:   window 3 (2025-02-26 to 2025-03-10): ['2025-03-07'] -> 99.9% of AOI usable
2026-09-04 10:20:36,091 INFO static_pipeline:   window 4 (2025-03-11 to 2025-03-20): ['2025-03-17'] -> 99.8% of AOI usable
2026-09-04 10:20:36,091 INFO static_pipeline: Coverage spread across the scored windows: 99.1%-100.0%. The chosen date, not just the code, determines the acreage reported.
2026-09-04 10:20:36,091 INFO static_pipeline: Preferring window 1 (2025-02-10 to 2025-02-25) at 99.1% over the highest-coverage 100.0%: within the 5-point margin, and it is the agronomically better date.
2026-09-04 10:21:05,640 INFO farmdar.sentinel: layer matching: 2025-02-10 -> 2025-02-15 on 85383 px: {'blue': (1.0, 98.0), 'green': (1.0, -5.0), 'red': (1.0, -20.0), 'rededge1': (1.0, -179.0), 'nir': (1.0, -141.0)}
2026-09-04 10:21:05,644 INFO farmdar.sentinel: AOI -> 57 tiles @ 10m (tile=0.10deg, bands=['blue', 'green', 'red', 'rededge1', 'nir', 'ndvi'], dates=['2025-02-15', '2025-02-10'], 8 workers)
2026-09-04 10:21:13,999 WARNING urllib3.connectionpool: Connection pool is full, discarding connection: farmdar-sentinel-cache-production.s3.ap-southeast-1.amazonaws.com. Connection pool size: 32
2026-09-04 10:21:14,002 WARNING urllib3.connectionpool: Connection pool is full, discarding connection: farmdar-sentinel-cache-production.s3.ap-southeast-1.amazonaws.com. Connection pool size: 32
2026-09-04 10:21:14,015 WARNING urllib3.connectionpool: Connection pool is full, discarding connection: farmdar-sentinel-cache-production.s3.ap-southeast-1.amazonaws.com. Connection pool size: 32
2026-09-04 10:21:14,020 WARNING urllib3.connectionpool: Connection pool is full, discarding connection: farmdar-sentinel-cache-production.s3.ap-southeast-1.amazonaws.com. Connection pool size: 32
2026-09-04 10:21:18,393 INFO farmdar.sentinel: s2-cache MISS seeded S2B_MSIL2A_20250215T053829_R005_T43RCQ_20250215T074546/B05 (9486834 bytes)
2026-09-04 10:21:20,071 INFO farmdar.sentinel: s2-cache MISS seeded S2B_MSIL2A_20250215T053829_R005_T43RCQ_20250215T075025/B05 (30767710 bytes)
2026-09-04 10:21:20,183 INFO farmdar.sentinel: s2-cache MISS seeded S2B_MSIL2A_20250215T053829_R005_T43RCQ_20250215T075025/B05 (30767710 bytes)
2026-09-04 10:21:20,598 INFO farmdar.sentinel: s2-cache MISS seeded S2B_MSIL2A_20250215T053829_R005_T43RCQ_20250215T075025/B05 (30767710 bytes)
2026-09-04 10:21:20,675 INFO farmdar.sentinel: s2-cache MISS seeded S2B_MSIL2A_20250215T053829_R005_T43RCQ_20250215T075025/B05 (30767710 bytes)
2026-09-04 10:21:20,712 INFO farmdar.sentinel: s2-cache MISS seeded S2B_MSIL2A_20250215T053829_R005_T43RCQ_20250215T075025/B05 (30767710 bytes)
2026-09-04 10:21:20,923 INFO farmdar.sentinel: s2-cache MISS seeded S2B_MSIL2A_20250215T053829_R005_T43RCQ_20250215T075025/B05 (30767710 bytes)
2026-09-04 10:21:21,587 INFO farmdar.sentinel: s2-cache MISS seeded S2B_MSIL2A_20250215T053829_R005_T43RCQ_20250215T075025/B05 (30767710 bytes)
2026-09-04 10:21:21,608 INFO farmdar.sentinel: s2-cache MISS seeded S2B_MSIL2A_20250215T053829_R005_T43RCQ_20250215T075025/B05 (30767710 bytes)
2026-09-04 10:21:21,844 INFO farmdar.sentinel: s2-cache MISS seeded S2B_MSIL2A_20250215T053829_R005_T43RCQ_20250215T074546/B03 (36363042 bytes)
2026-09-04 10:21:22,122 INFO farmdar.sentinel: s2-cache MISS seeded S2B_MSIL2A_20250215T053829_R005_T43RCQ_20250215T074546/B02 (36440262 bytes)
2026-09-04 10:21:31,331 INFO farmdar.sentinel: s2-cache MISS seeded S2B_MSIL2A_20250215T053829_R005_T43RCQ_20250215T075025/B03 (117837340 bytes)
2026-09-04 10:21:33,440 INFO farmdar.sentinel: s2-cache MISS seeded S2B_MSIL2A_20250215T053829_R005_T43RCQ_20250215T075025/B03 (117837340 bytes)
2026-09-04 10:21:34,352 INFO farmdar.sentinel: s2-cache MISS seeded S2B_MSIL2A_20250215T053829_R005_T43RCQ_20250215T075025/B02 (116526692 bytes)
2026-09-04 10:21:34,998 INFO farmdar.sentinel: s2-cache MISS seeded S2B_MSIL2A_20250215T053829_R005_T43RCQ_20250215T075025/B02 (116526692 bytes)
2026-09-04 10:21:35,186 INFO farmdar.sentinel: s2-cache MISS seeded S2B_MSIL2A_20250215T053829_R005_T43RCQ_20250215T075025/B02 (116526692 bytes)
2026-09-04 10:21:35,194 INFO farmdar.sentinel: s2-cache MISS seeded S2B_MSIL2A_20250215T053829_R005_T43RCQ_20250215T075025/B02 (116526692 bytes)
2026-09-04 10:21:35,460 INFO farmdar.sentinel: s2-cache MISS seeded S2B_MSIL2A_20250215T053829_R005_T43RCQ_20250215T075025/B03 (117837340 bytes)
2026-09-04 10:21:35,743 INFO farmdar.sentinel: s2-cache MISS seeded S2B_MSIL2A_20250215T053829_R005_T43RCQ_20250215T075025/B03 (117837340 bytes)
2026-09-04 10:21:36,017 INFO farmdar.sentinel: s2-cache MISS seeded S2B_MSIL2A_20250215T053829_R005_T43RCQ_20250215T075025/B02 (116526692 bytes)
2026-09-04 10:21:36,273 INFO farmdar.sentinel: s2-cache MISS seeded S2B_MSIL2A_20250215T053829_R005_T43RCQ_20250215T075025/B03 (117837340 bytes)
2026-09-04 10:21:36,456 INFO farmdar.sentinel: s2-cache MISS seeded S2B_MSIL2A_20250215T053829_R005_T43RCQ_20250215T075025/B03 (117837340 bytes)
2026-09-04 10:21:36,888 INFO farmdar.sentinel: s2-cache MISS seeded S2B_MSIL2A_20250215T053829_R005_T43RCQ_20250215T075025/B03 (117837340 bytes)
2026-09-04 10:21:37,066 INFO farmdar.sentinel: s2-cache MISS seeded S2B_MSIL2A_20250215T053829_R005_T43RCQ_20250215T075025/B02 (116526692 bytes)
2026-09-04 10:21:37,898 INFO farmdar.sentinel: s2-cache MISS seeded S2B_MSIL2A_20250215T053829_R005_T43RCQ_20250215T075025/B03 (117837340 bytes)
2026-09-04 10:21:38,248 INFO farmdar.sentinel: s2-cache MISS seeded S2B_MSIL2A_20250215T053829_R005_T43RCQ_20250215T075025/B02 (116526692 bytes)
2026-09-04 10:21:38,995 INFO farmdar.sentinel: s2-cache MISS seeded S2B_MSIL2A_20250215T053829_R005_T43RCQ_20250215T075025/B02 (116526692 bytes)
2026-09-04 10:21:46,344 INFO farmdar.sentinel: s2-cache MISS seeded S2C_MSIL2A_20250210T054021_R005_T43RCQ_20250210T090411/B05 (32978537 bytes)
2026-09-04 10:21:46,755 INFO farmdar.sentinel: s2-cache MISS seeded S2C_MSIL2A_20250210T054021_R005_T43RCQ_20250210T090411/B05 (32978537 bytes)
2026-09-04 10:21:46,924 INFO farmdar.sentinel: s2-cache MISS seeded S2C_MSIL2A_20250210T054021_R005_T43RCQ_20250210T090411/B05 (32978537 bytes)
2026-09-04 10:21:47,024 INFO farmdar.sentinel: s2-cache MISS seeded S2C_MSIL2A_20250210T054021_R005_T43RCQ_20250210T090411/B05 (32978537 bytes)
2026-09-04 10:21:47,241 INFO farmdar.sentinel: s2-cache MISS seeded S2C_MSIL2A_20250210T054021_R005_T43RCQ_20250210T090411/B05 (32978537 bytes)
2026-09-04 10:21:47,265 INFO farmdar.sentinel: s2-cache MISS seeded S2C_MSIL2A_20250210T054021_R005_T43RCQ_20250210T090411/B05 (32978537 bytes)
2026-09-04 10:21:47,996 INFO farmdar.sentinel: s2-cache MISS seeded S2C_MSIL2A_20250210T054021_R005_T43RCQ_20250210T090411/B05 (32978537 bytes)
2026-09-04 10:21:48,067 INFO farmdar.sentinel: s2-cache MISS seeded S2C_MSIL2A_20250210T054021_R005_T43RCQ_20250210T090411/B05 (32978537 bytes)
2026-09-04 10:21:58,834 INFO farmdar.sentinel: s2-cache MISS seeded S2C_MSIL2A_20250210T054021_R005_T43RCQ_20250210T090411/B02 (126512417 bytes)
2026-09-04 10:21:59,088 INFO farmdar.sentinel: s2-cache MISS seeded S2C_MSIL2A_20250210T054021_R005_T43RCQ_20250210T090411/B03 (127309919 bytes)
2026-09-04 10:21:59,260 INFO farmdar.sentinel: s2-cache MISS seeded S2C_MSIL2A_20250210T054021_R005_T43RCQ_20250210T090411/B03 (127309919 bytes)
2026-09-04 10:21:59,814 INFO farmdar.sentinel: s2-cache MISS seeded S2C_MSIL2A_20250210T054021_R005_T43RCQ_20250210T090411/B03 (127309919 bytes)
2026-09-04 10:21:59,896 INFO farmdar.sentinel: s2-cache MISS seeded S2C_MSIL2A_20250210T054021_R005_T43RCQ_20250210T090411/B02 (126512417 bytes)
2026-09-04 10:22:00,728 INFO farmdar.sentinel: s2-cache MISS seeded S2C_MSIL2A_20250210T054021_R005_T43RCQ_20250210T090411/B02 (126512417 bytes)
2026-09-04 10:22:00,864 INFO farmdar.sentinel: s2-cache MISS seeded S2C_MSIL2A_20250210T054021_R005_T43RCQ_20250210T090411/B02 (126512417 bytes)
2026-09-04 10:22:01,160 INFO farmdar.sentinel: s2-cache MISS seeded S2C_MSIL2A_20250210T054021_R005_T43RCQ_20250210T090411/B03 (127309919 bytes)
2026-09-04 10:22:01,746 INFO farmdar.sentinel: s2-cache MISS seeded S2C_MSIL2A_20250210T054021_R005_T43RCQ_20250210T090411/B02 (126512417 bytes)
2026-09-04 10:22:02,645 INFO farmdar.sentinel: s2-cache MISS seeded S2C_MSIL2A_20250210T054021_R005_T43RCQ_20250210T090411/B02 (126512417 bytes)
2026-09-04 10:22:02,668 INFO farmdar.sentinel: s2-cache MISS seeded S2C_MSIL2A_20250210T054021_R005_T43RCQ_20250210T090411/B03 (127309919 bytes)
2026-09-04 10:22:04,649 INFO farmdar.sentinel: [1/57] tile 0001: written (58.7s, 100.0% filled)
2026-09-04 10:22:05,927 INFO farmdar.sentinel: [2/57] tile 0006: written (59.6s, 100.0% filled)
2026-09-04 10:22:06,205 INFO farmdar.sentinel: s2-cache MISS seeded S2C_MSIL2A_20250210T054021_R005_T43RCQ_20250210T090411/B03 (127309919 bytes)
2026-09-04 10:22:06,266 INFO farmdar.sentinel: s2-cache MISS seeded S2C_MSIL2A_20250210T054021_R005_T43RCQ_20250210T090411/B02 (126512417 bytes)
2026-09-04 10:22:06,302 INFO farmdar.sentinel: s2-cache MISS seeded S2C_MSIL2A_20250210T054021_R005_T43RCQ_20250210T090411/B03 (127309919 bytes)
2026-09-04 10:22:07,962 INFO farmdar.sentinel: [3/57] tile 0007: written (61.7s, 100.0% filled)
2026-09-04 10:22:08,927 INFO farmdar.sentinel: s2-cache MISS seeded S2C_MSIL2A_20250210T054021_R005_T43RCQ_20250210T090411/B02 (126512417 bytes)
2026-09-04 10:22:09,252 INFO farmdar.sentinel: s2-cache MISS seeded S2C_MSIL2A_20250210T054021_R005_T43RCQ_20250210T090411/B03 (127309919 bytes)
2026-09-04 10:22:10,971 INFO farmdar.sentinel: [4/57] tile 0008: written (64.7s, 100.0% filled)
2026-09-04 10:22:12,373 INFO farmdar.sentinel: [5/57] tile 0003: written (66.1s, 100.0% filled)
2026-09-04 10:22:13,794 INFO farmdar.sentinel: [6/57] tile 0004: written (67.5s, 100.0% filled)
2026-09-04 10:22:15,760 INFO farmdar.sentinel: [7/57] tile 0005: written (69.4s, 100.0% filled)
2026-09-04 10:22:17,071 INFO farmdar.sentinel: [8/57] tile 0002: written (70.8s, 100.0% filled)
2026-09-04 10:22:19,185 INFO farmdar.sentinel: [9/57] tile 0010: written (13.0s, 100.0% filled)
2026-09-04 10:22:21,440 INFO farmdar.sentinel: [10/57] tile 0009: written (15.5s, 100.0% filled)
2026-09-04 10:22:22,754 INFO farmdar.sentinel: s2-cache MISS seeded S2B_MSIL2A_20250215T053829_R005_T43RCP_20250215T075025/B02 (5395966 bytes)
2026-09-04 10:22:22,757 INFO farmdar.sentinel: [11/57] tile 0011: written (14.0s, 100.0% filled)
2026-09-04 10:22:22,891 INFO farmdar.sentinel: s2-cache MISS seeded S2B_MSIL2A_20250215T053829_R005_T43RCP_20250215T075025/B03 (5380013 bytes)
2026-09-04 10:22:24,938 INFO farmdar.sentinel: [12/57] tile 0013: written (11.2s, 100.0% filled)
2026-09-04 10:22:26,200 INFO farmdar.sentinel: [13/57] tile 0012: written (13.8s, 100.0% filled)
2026-09-04 10:22:27,255 INFO farmdar.sentinel: s2-cache MISS seeded S2B_MSIL2A_20250215T053829_R005_T43RCP_20250215T075025/B05 (1411403 bytes)
2026-09-04 10:22:29,330 INFO farmdar.sentinel: s2-cache MISS seeded S2B_MSIL2A_20250215T053829_R005_T43RCP_20250215T075025/B05 (1411403 bytes)
2026-09-04 10:22:32,289 INFO farmdar.sentinel: s2-cache MISS seeded S2B_MSIL2A_20250215T053829_R005_T43RCP_20250215T075025/B05 (1411403 bytes)
2026-09-04 10:22:35,658 INFO farmdar.sentinel: s2-cache MISS seeded S2B_MSIL2A_20250215T053829_R005_T43RDQ_20250215T075025/B05 (71973387 bytes)
2026-09-04 10:22:37,596 INFO farmdar.sentinel: s2-cache MISS seeded S2B_MSIL2A_20250215T053829_R005_T43RDP_20250215T074546/B05 (69814776 bytes)
2026-09-04 10:22:39,093 INFO farmdar.sentinel: s2-cache MISS seeded S2B_MSIL2A_20250215T053829_R005_T43RDQ_20250215T075025/B05 (71973387 bytes)
2026-09-04 10:22:42,177 INFO farmdar.sentinel: s2-cache MISS seeded S2B_MSIL2A_20250215T053829_R005_T43RDQ_20250215T075025/B05 (71973387 bytes)
2026-09-04 10:22:43,212 INFO farmdar.sentinel: s2-cache MISS seeded S2B_MSIL2A_20250215T053829_R005_T43RDQ_20250215T075025/B05 (71973387 bytes)
2026-09-04 10:22:44,440 INFO farmdar.sentinel: s2-cache MISS seeded S2B_MSIL2A_20250215T053829_R005_T43RDQ_20250215T075025/B05 (71973387 bytes)
2026-09-04 10:22:44,541 INFO farmdar.sentinel: s2-cache MISS seeded S2B_MSIL2A_20250215T053829_R005_T43RDQ_20250215T075025/B05 (71973387 bytes)
2026-09-04 10:22:44,631 INFO farmdar.sentinel: s2-cache MISS seeded S2B_MSIL2A_20250215T053829_R005_T43RDP_20250215T074546/B05 (69814776 bytes)
2026-09-04 10:22:44,946 INFO farmdar.sentinel: s2-cache MISS seeded S2B_MSIL2A_20250215T053829_R005_T43RDP_20250215T074546/B05 (69814776 bytes)
2026-09-04 10:22:46,410 INFO farmdar.sentinel: s2-cache MISS seeded S2B_MSIL2A_20250215T053829_R005_T43RDQ_20250215T075025/B05 (71973387 bytes)
2026-09-04 10:22:46,652 INFO farmdar.sentinel: s2-cache MISS seeded S2B_MSIL2A_20250215T053829_R005_T43RDQ_20250215T075025/B05 (71973387 bytes)
2026-09-04 10:22:49,461 INFO farmdar.sentinel: s2-cache MISS seeded S2B_MSIL2A_20250215T053829_R005_T43RCP_20250215T074546/B05 (48859771 bytes)
2026-09-04 10:22:54,967 WARNING urllib3.connectionpool: Connection pool is full, discarding connection: farmdar-sentinel-cache-production.s3.ap-southeast-1.amazonaws.com. Connection pool size: 32
2026-09-04 10:22:54,969 WARNING urllib3.connectionpool: Connection pool is full, discarding connection: farmdar-sentinel-cache-production.s3.ap-southeast-1.amazonaws.com. Connection pool size: 32
2026-09-04 10:22:55,443 INFO farmdar.sentinel: s2-cache MISS seeded S2B_MSIL2A_20250215T053829_R005_T43RCP_20250215T074546/B05 (48859771 bytes)
2026-09-04 10:22:55,638 INFO farmdar.sentinel: s2-cache MISS seeded S2B_MSIL2A_20250215T053829_R005_T43RCP_20250215T074546/B05 (48859771 bytes)
2026-09-04 10:22:56,048 WARNING urllib3.connectionpool: Connection pool is full, discarding connection: farmdar-sentinel-cache-production.s3.ap-southeast-1.amazonaws.com. Connection pool size: 32
2026-09-04 10:22:56,102 WARNING urllib3.connectionpool: Connection pool is full, discarding connection: farmdar-sentinel-cache-production.s3.ap-southeast-1.amazonaws.com. Connection pool size: 32
2026-09-04 10:22:56,145 WARNING urllib3.connectionpool: Connection pool is full, discarding connection: farmdar-sentinel-cache-production.s3.ap-southeast-1.amazonaws.com. Connection pool size: 32
2026-09-04 10:22:56,163 WARNING urllib3.connectionpool: Connection pool is full, discarding connection: farmdar-sentinel-cache-production.s3.ap-southeast-1.amazonaws.com. Connection pool size: 32
2026-09-04 10:22:56,165 WARNING urllib3.connectionpool: Connection pool is full, discarding connection: farmdar-sentinel-cache-production.s3.ap-southeast-1.amazonaws.com. Connection pool size: 32
2026-09-04 10:22:56,205 WARNING urllib3.connectionpool: Connection pool is full, discarding connection: farmdar-sentinel-cache-production.s3.ap-southeast-1.amazonaws.com. Connection pool size: 32
2026-09-04 10:22:56,212 WARNING urllib3.connectionpool: Connection pool is full, discarding connection: farmdar-sentinel-cache-production.s3.ap-southeast-1.amazonaws.com. Connection pool size: 32
2026-09-04 10:22:56,275 WARNING urllib3.connectionpool: Connection pool is full, discarding connection: farmdar-sentinel-cache-production.s3.ap-southeast-1.amazonaws.com. Connection pool size: 32
2026-09-04 10:22:56,280 WARNING urllib3.connectionpool: Connection pool is full, discarding connection: farmdar-sentinel-cache-production.s3.ap-southeast-1.amazonaws.com. Connection pool size: 32
2026-09-04 10:22:56,297 WARNING urllib3.connectionpool: Connection pool is full, discarding connection: farmdar-sentinel-cache-production.s3.ap-southeast-1.amazonaws.com. Connection pool size: 32
2026-09-04 10:22:56,357 WARNING urllib3.connectionpool: Connection pool is full, discarding connection: farmdar-sentinel-cache-production.s3.ap-southeast-1.amazonaws.com. Connection pool size: 32
2026-09-04 10:22:56,427 WARNING urllib3.connectionpool: Connection pool is full, discarding connection: farmdar-sentinel-cache-production.s3.ap-southeast-1.amazonaws.com. Connection pool size: 32
2026-09-04 10:23:00,999 INFO farmdar.sentinel: s2-cache MISS seeded S2B_MSIL2A_20250215T053829_R005_T43RCP_20250215T074546/B02 (185307122 bytes)
2026-09-04 10:23:03,124 INFO farmdar.sentinel: s2-cache MISS seeded S2B_MSIL2A_20250215T053829_R005_T43RCP_20250215T074546/B02 (185307122 bytes)
2026-09-04 10:23:03,857 INFO farmdar.sentinel: s2-cache MISS seeded S2B_MSIL2A_20250215T053829_R005_T43RCP_20250215T074546/B02 (185307122 bytes)
2026-09-04 10:23:03,867 INFO farmdar.sentinel: s2-cache MISS seeded S2B_MSIL2A_20250215T053829_R005_T43RCP_20250215T074546/B03 (186760732 bytes)
2026-09-04 10:23:05,677 INFO farmdar.sentinel: s2-cache MISS seeded S2B_MSIL2A_20250215T053829_R005_T43RCP_20250215T074546/B03 (186760732 bytes)
2026-09-04 10:23:09,661 INFO farmdar.sentinel: s2-cache MISS seeded S2B_MSIL2A_20250215T053829_R005_T43RDQ_20250215T075025/B02 (271773756 bytes)
2026-09-04 10:23:10,175 INFO farmdar.sentinel: s2-cache MISS seeded S2B_MSIL2A_20250215T053829_R005_T43RCP_20250215T074546/B03 (186760732 bytes)
2026-09-04 10:23:11,548 INFO farmdar.sentinel: s2-cache MISS seeded S2B_MSIL2A_20250215T053829_R005_T43RDP_20250215T074546/B03 (264987050 bytes)
2026-09-04 10:23:12,471 INFO farmdar.sentinel: s2-cache MISS seeded S2B_MSIL2A_20250215T053829_R005_T43RDQ_20250215T075025/B02 (271773756 bytes)
2026-09-04 10:23:12,958 INFO farmdar.sentinel: s2-cache MISS seeded S2B_MSIL2A_20250215T053829_R005_T43RDQ_20250215T075025/B03 (274381309 bytes)
2026-09-04 10:23:13,016 INFO farmdar.sentinel: s2-cache MISS seeded S2B_MSIL2A_20250215T053829_R005_T43RDQ_20250215T075025/B02 (271773756 bytes)
2026-09-04 10:23:14,171 INFO farmdar.sentinel: s2-cache MISS seeded S2B_MSIL2A_20250215T053829_R005_T43RDQ_20250215T075025/B03 (274381309 bytes)
2026-09-04 10:23:14,251 INFO farmdar.sentinel: s2-cache MISS seeded S2B_MSIL2A_20250215T053829_R005_T43RDQ_20250215T075025/B03 (274381309 bytes)
2026-09-04 10:23:14,855 INFO farmdar.sentinel: s2-cache MISS seeded S2B_MSIL2A_20250215T053829_R005_T43RDP_20250215T074546/B02 (261402077 bytes)
2026-09-04 10:23:15,177 INFO farmdar.sentinel: s2-cache MISS seeded S2B_MSIL2A_20250215T053829_R005_T43RDP_20250215T074546/B02 (261402077 bytes)
2026-09-04 10:23:15,681 INFO farmdar.sentinel: s2-cache MISS seeded S2B_MSIL2A_20250215T053829_R005_T43RDQ_20250215T075025/B03 (274381309 bytes)
2026-09-04 10:23:16,412 INFO farmdar.sentinel: s2-cache MISS seeded S2B_MSIL2A_20250215T053829_R005_T43RDP_20250215T074546/B03 (264987050 bytes)
2026-09-04 10:23:18,695 INFO farmdar.sentinel: s2-cache MISS seeded S2B_MSIL2A_20250215T053829_R005_T43RDQ_20250215T075025/B03 (274381309 bytes)
2026-09-04 10:23:19,283 INFO farmdar.sentinel: s2-cache MISS seeded S2B_MSIL2A_20250215T053829_R005_T43RDQ_20250215T075025/B03 (274381309 bytes)
2026-09-04 10:23:19,494 INFO farmdar.sentinel: s2-cache MISS seeded S2B_MSIL2A_20250215T053829_R005_T43RDQ_20250215T075025/B02 (271773756 bytes)
2026-09-04 10:23:19,606 INFO farmdar.sentinel: s2-cache MISS seeded S2B_MSIL2A_20250215T053829_R005_T43RDQ_20250215T075025/B02 (271773756 bytes)
2026-09-04 10:23:21,053 INFO farmdar.sentinel: s2-cache MISS seeded S2B_MSIL2A_20250215T053829_R005_T43RDP_20250215T074546/B02 (261402077 bytes)
2026-09-04 10:23:21,131 INFO farmdar.sentinel: s2-cache MISS seeded S2B_MSIL2A_20250215T053829_R005_T43RDQ_20250215T075025/B02 (271773756 bytes)
2026-09-04 10:23:21,208 INFO farmdar.sentinel: s2-cache MISS seeded S2B_MSIL2A_20250215T053829_R005_T43RDQ_20250215T075025/B03 (274381309 bytes)
2026-09-04 10:23:22,086 INFO farmdar.sentinel: s2-cache MISS seeded S2B_MSIL2A_20250215T053829_R005_T43RDQ_20250215T075025/B02 (271773756 bytes)
2026-09-04 10:23:22,523 INFO farmdar.sentinel: s2-cache MISS seeded S2B_MSIL2A_20250215T053829_R005_T43RDQ_20250215T075025/B03 (274381309 bytes)
2026-09-04 10:23:25,050 INFO farmdar.sentinel: s2-cache MISS seeded S2B_MSIL2A_20250215T053829_R005_T43RDQ_20250215T075025/B02 (271773756 bytes)
2026-09-04 10:23:33,741 INFO farmdar.sentinel: s2-cache MISS seeded S2C_MSIL2A_20250210T054021_R005_T43RDQ_20250210T090411/B05 (72200649 bytes)
2026-09-04 10:23:39,633 INFO farmdar.sentinel: s2-cache MISS seeded S2B_MSIL2A_20250215T053829_R005_T43RDP_20250215T074546/B03 (264987050 bytes)
2026-09-04 10:23:41,671 INFO farmdar.sentinel: s2-cache MISS seeded S2C_MSIL2A_20250210T054021_R005_T43RDP_20250210T090411/B05 (70077485 bytes)
2026-09-04 10:23:43,746 INFO farmdar.sentinel: s2-cache MISS seeded S2C_MSIL2A_20250210T054021_R005_T43RDQ_20250210T090411/B05 (72200649 bytes)
2026-09-04 10:23:43,894 INFO farmdar.sentinel: s2-cache MISS seeded S2C_MSIL2A_20250210T054021_R005_T43RDQ_20250210T090411/B05 (72200649 bytes)
2026-09-04 10:23:43,923 INFO farmdar.sentinel: s2-cache MISS seeded S2C_MSIL2A_20250210T054021_R005_T43RDQ_20250210T090411/B05 (72200649 bytes)
2026-09-04 10:23:44,036 INFO farmdar.sentinel: s2-cache MISS seeded S2C_MSIL2A_20250210T054021_R005_T43RDQ_20250210T090411/B05 (72200649 bytes)
2026-09-04 10:23:44,039 INFO farmdar.sentinel: s2-cache MISS seeded S2C_MSIL2A_20250210T054021_R005_T43RDQ_20250210T090411/B05 (72200649 bytes)
2026-09-04 10:23:44,059 INFO farmdar.sentinel: s2-cache MISS seeded S2C_MSIL2A_20250210T054021_R005_T43RDP_20250210T090411/B05 (70077485 bytes)
2026-09-04 10:23:44,094 INFO farmdar.sentinel: s2-cache MISS seeded S2C_MSIL2A_20250210T054021_R005_T43RDQ_20250210T090411/B05 (72200649 bytes)
2026-09-04 10:23:51,496 INFO farmdar.sentinel: s2-cache MISS seeded S2C_MSIL2A_20250210T054021_R005_T43RCP_20250210T090411/B05 (48618065 bytes)
2026-09-04 10:23:54,718 INFO farmdar.sentinel: s2-cache MISS seeded S2C_MSIL2A_20250210T054021_R005_T43RCP_20250210T090411/B05 (48618065 bytes)
2026-09-04 10:24:01,068 INFO farmdar.sentinel: s2-cache MISS seeded S2C_MSIL2A_20250210T054021_R005_T43RCP_20250210T090411/B05 (48618065 bytes)
2026-09-04 10:24:04,860 INFO farmdar.sentinel: s2-cache MISS seeded S2C_MSIL2A_20250210T054021_R005_T43RCP_20250210T090411/B03 (186850208 bytes)
2026-09-04 10:24:05,642 INFO farmdar.sentinel: s2-cache MISS seeded S2C_MSIL2A_20250210T054021_R005_T43RCP_20250210T090411/B03 (186850208 bytes)
2026-09-04 10:24:06,415 INFO farmdar.sentinel: s2-cache MISS seeded S2C_MSIL2A_20250210T054021_R005_T43RCP_20250210T090411/B02 (185499402 bytes)
2026-09-04 10:24:07,200 INFO farmdar.sentinel: s2-cache MISS seeded S2C_MSIL2A_20250210T054021_R005_T43RDQ_20250210T090411/B02 (274547481 bytes)
2026-09-04 10:24:08,216 INFO farmdar.sentinel: s2-cache MISS seeded S2C_MSIL2A_20250210T054021_R005_T43RCP_20250210T090411/B02 (185499402 bytes)
2026-09-04 10:24:12,947 INFO farmdar.sentinel: s2-cache MISS seeded S2C_MSIL2A_20250210T054021_R005_T43RDQ_20250210T090411/B02 (274547481 bytes)
2026-09-04 10:24:13,300 INFO farmdar.sentinel: s2-cache MISS seeded S2C_MSIL2A_20250210T054021_R005_T43RDQ_20250210T090411/B03 (275922694 bytes)
2026-09-04 10:24:14,009 INFO farmdar.sentinel: s2-cache MISS seeded S2C_MSIL2A_20250210T054021_R005_T43RDP_20250210T090411/B03 (268080560 bytes)
2026-09-04 10:24:14,630 INFO farmdar.sentinel: s2-cache MISS seeded S2C_MSIL2A_20250210T054021_R005_T43RDQ_20250210T090411/B02 (274547481 bytes)
2026-09-04 10:24:15,170 INFO farmdar.sentinel: s2-cache MISS seeded S2C_MSIL2A_20250210T054021_R005_T43RDQ_20250210T090411/B02 (274547481 bytes)
2026-09-04 10:24:16,149 INFO farmdar.sentinel: s2-cache MISS seeded S2C_MSIL2A_20250210T054021_R005_T43RDQ_20250210T090411/B03 (275922694 bytes)
2026-09-04 10:24:16,156 INFO farmdar.sentinel: s2-cache MISS seeded S2C_MSIL2A_20250210T054021_R005_T43RDP_20250210T090411/B02 (263456879 bytes)
2026-09-04 10:24:16,894 INFO farmdar.sentinel: s2-cache MISS seeded S2C_MSIL2A_20250210T054021_R005_T43RDQ_20250210T090411/B03 (275922694 bytes)
2026-09-04 10:24:16,954 INFO farmdar.sentinel: s2-cache MISS seeded S2C_MSIL2A_20250210T054021_R005_T43RDP_20250210T090411/B02 (263456879 bytes)
2026-09-04 10:24:17,364 INFO farmdar.sentinel: s2-cache MISS seeded S2C_MSIL2A_20250210T054021_R005_T43RDP_20250210T090411/B03 (268080560 bytes)
2026-09-04 10:24:18,239 INFO farmdar.sentinel: s2-cache MISS seeded S2C_MSIL2A_20250210T054021_R005_T43RDQ_20250210T090411/B03 (275922694 bytes)
2026-09-04 10:24:19,251 INFO farmdar.sentinel: s2-cache MISS seeded S2C_MSIL2A_20250210T054021_R005_T43RDQ_20250210T090411/B02 (274547481 bytes)
2026-09-04 10:24:21,901 INFO farmdar.sentinel: [14/57] tile 0019: written (118.9s, 100.0% filled)
2026-09-04 10:24:22,091 INFO farmdar.sentinel: s2-cache MISS seeded S2C_MSIL2A_20250210T054021_R005_T43RDQ_20250210T090411/B03 (275922694 bytes)
2026-09-04 10:24:22,209 INFO farmdar.sentinel: s2-cache MISS seeded S2C_MSIL2A_20250210T054021_R005_T43RDQ_20250210T090411/B02 (274547481 bytes)
2026-09-04 10:24:22,738 INFO farmdar.sentinel: s2-cache MISS seeded S2C_MSIL2A_20250210T054021_R005_T43RCP_20250210T090411/B02 (185499402 bytes)
2026-09-04 10:24:24,101 INFO farmdar.sentinel: [15/57] tile 0017: written (124.6s, 100.0% filled)
2026-09-04 10:24:25,452 INFO farmdar.sentinel: [16/57] tile 0016: written (127.7s, 100.0% filled)
2026-09-04 10:24:25,842 INFO farmdar.sentinel: s2-cache MISS seeded S2C_MSIL2A_20250210T054021_R005_T43RDQ_20250210T090411/B02 (274547481 bytes)
2026-09-04 10:24:26,982 INFO farmdar.sentinel: s2-cache MISS seeded S2C_MSIL2A_20250210T054021_R005_T43RCP_20250210T090411/B03 (186850208 bytes)
2026-09-04 10:24:29,291 INFO farmdar.sentinel: [17/57] tile 0018: written (126.5s, 100.0% filled)
2026-09-04 10:24:31,572 INFO farmdar.sentinel: s2-cache MISS seeded S2C_MSIL2A_20250210T054021_R005_T43RDQ_20250210T090411/B03 (275922694 bytes)
2026-09-04 10:24:32,018 INFO farmdar.sentinel: s2-cache MISS seeded S2C_MSIL2A_20250210T054021_R005_T43RDQ_20250210T090411/B03 (275922694 bytes)
2026-09-04 10:24:33,789 INFO farmdar.sentinel: [18/57] tile 0021: written (127.3s, 100.0% filled)
2026-09-04 10:24:36,691 INFO farmdar.sentinel: [19/57] tile 0023: written (11.3s, 100.0% filled)
2026-09-04 10:24:38,043 INFO farmdar.sentinel: [20/57] tile 0024: written (12.4s, 100.0% filled)
2026-09-04 10:24:39,313 INFO farmdar.sentinel: [21/57] tile 0022: written (17.1s, 100.0% filled)
2026-09-04 10:24:41,652 INFO farmdar.sentinel: [22/57] tile 0015: written (144.1s, 100.0% filled)
2026-09-04 10:24:42,705 INFO farmdar.sentinel: s2-cache MISS seeded S2C_MSIL2A_20250210T054021_R005_T43RDQ_20250210T090411/B03 (275922694 bytes)
2026-09-04 10:24:44,135 INFO farmdar.sentinel: [23/57] tile 0014: written (149.8s, 100.0% filled)
2026-09-04 10:24:45,812 INFO farmdar.sentinel: [24/57] tile 0025: written (15.9s, 100.0% filled)
2026-09-04 10:24:47,071 INFO farmdar.sentinel: s2-cache MISS seeded S2C_MSIL2A_20250210T054021_R005_T43RDQ_20250210T090411/B02 (274547481 bytes)
2026-09-04 10:24:47,096 INFO farmdar.sentinel: s2-cache MISS seeded S2C_MSIL2A_20250210T054021_R005_T43RDP_20250210T090411/B03 (268080560 bytes)
2026-09-04 10:24:49,635 INFO farmdar.sentinel: s2-cache MISS seeded S2C_MSIL2A_20250210T054021_R005_T43RDP_20250210T090411/B02 (263456879 bytes)
2026-09-04 10:24:49,655 INFO farmdar.sentinel: [25/57] tile 0029: written (9.7s, 100.0% filled)
2026-09-04 10:24:51,917 INFO farmdar.sentinel: [26/57] tile 0026: written (17.8s, 100.0% filled)
2026-09-04 10:24:53,319 INFO farmdar.sentinel: [27/57] tile 0030: written (11.1s, 100.0% filled)
2026-09-04 10:24:55,222 INFO farmdar.sentinel: [28/57] tile 0028: written (15.6s, 100.0% filled)
2026-09-04 10:24:56,805 INFO farmdar.sentinel: [29/57] tile 0027: written (18.8s, 100.0% filled)
2026-09-04 10:24:58,705 INFO farmdar.sentinel: [30/57] tile 0032: written (12.3s, 100.0% filled)
2026-09-04 10:25:00,686 INFO farmdar.sentinel: [31/57] tile 0031: written (14.7s, 100.0% filled)
2026-09-04 10:25:03,503 INFO farmdar.sentinel: [32/57] tile 0033: written (13.6s, 100.0% filled)
2026-09-04 10:25:06,390 INFO farmdar.sentinel: [33/57] tile 0036: written (9.6s, 100.0% filled)
2026-09-04 10:25:07,795 INFO farmdar.sentinel: [34/57] tile 0037: written (10.3s, 100.0% filled)
2026-09-04 10:25:09,183 INFO farmdar.sentinel: [35/57] tile 0020: written (163.0s, 100.0% filled)
2026-09-04 10:25:11,999 INFO farmdar.sentinel: [36/57] tile 0038: written (12.7s, 100.0% filled)
2026-09-04 10:25:13,364 INFO farmdar.sentinel: [37/57] tile 0035: written (19.7s, 100.0% filled)
2026-09-04 10:25:14,655 INFO farmdar.sentinel: [38/57] tile 0039: written (13.2s, 100.0% filled)
2026-09-04 10:25:16,296 INFO farmdar.sentinel: [39/57] tile 0034: written (23.0s, 100.0% filled)
2026-09-04 10:25:18,160 INFO farmdar.sentinel: [40/57] tile 0040: written (14.4s, 100.0% filled)
2026-09-04 10:25:20,792 INFO farmdar.sentinel: [41/57] tile 0041: written (13.0s, 100.0% filled)
2026-09-04 10:25:22,567 INFO farmdar.sentinel: [42/57] tile 0042: written (12.8s, 100.0% filled)
2026-09-04 10:25:23,951 INFO farmdar.sentinel: [43/57] tile 0043: written (14.2s, 100.0% filled)
2026-09-04 10:25:26,705 INFO farmdar.sentinel: [44/57] tile 0044: written (12.0s, 100.0% filled)
2026-09-04 10:25:28,056 INFO farmdar.sentinel: [45/57] tile 0045: written (11.8s, 100.0% filled)
2026-09-04 10:25:29,462 INFO farmdar.sentinel: [46/57] tile 0046: written (13.2s, 100.0% filled)
2026-09-04 10:25:30,737 INFO farmdar.sentinel: [47/57] tile 0048: written (12.3s, 100.0% filled)
2026-09-04 10:25:32,063 INFO farmdar.sentinel: [48/57] tile 0047: written (15.2s, 100.0% filled)
2026-09-04 10:25:35,420 INFO farmdar.sentinel: [49/57] tile 0050: written (11.5s, 100.0% filled)
2026-09-04 10:25:38,074 INFO farmdar.sentinel: [50/57] tile 0051: written (13.9s, 100.0% filled)
2026-09-04 10:25:38,074 INFO farmdar.sentinel: [51/57] tile 0049: written (15.5s, 100.0% filled)
2026-09-04 10:25:41,202 INFO farmdar.sentinel: [52/57] tile 0054: written (10.5s, 100.0% filled)
2026-09-04 10:25:43,978 INFO farmdar.sentinel: [53/57] tile 0053: written (13.2s, 100.0% filled)
2026-09-04 10:25:43,982 INFO farmdar.sentinel: [54/57] tile 0052: written (15.9s, 100.0% filled)
2026-09-04 10:25:46,032 INFO farmdar.sentinel: [55/57] tile 0056: written (13.4s, 100.0% filled)
2026-09-04 10:25:47,418 INFO farmdar.sentinel: [56/57] tile 0055: written (14.8s, 100.0% filled)
2026-09-04 10:25:49,959 INFO farmdar.sentinel: [57/57] tile 0057: written (11.9s, 100.0% filled)
2026-09-04 10:25:50,018 INFO farmdar.sentinel: DONE 57 tiles in 4.7 min. dates=['2025-02-15', '2025-02-10'] out_dir=/home/jovyan/FAO/optimized_code_testing/runs_district/D1_kasur_wheat_2025/2_static_run_1/static_staging vrt=/home/jovyan/FAO/optimized_code_testing/runs_district/D1_kasur_wheat_2025/2_static_run_1/static_staging/static.vrt
2026-09-04 10:25:50,018 INFO static_pipeline: STAC static dates (auto mode): ['2025-02-15', '2025-02-10'] via window 1 (2025-02-10 to 2025-02-25)
2026-09-04 10:25:50,019 INFO static_classify: Building crop mask | crop_classes=(14,) | AOI=/home/jovyan/FAO/wheat/kasur_testing/Kasur.shp
Building crop mask:   0%|                                                                                                                                                   | 0/30 [00:00<?, ?block/s]Building crop mask:   7%|█████████▎                                                                                                                                 | 2/30 [00:00<00:02, 10.76block/s]Building crop mask:  13%|██████████████████▌                                                                                                                        | 4/30 [00:00<00:02, 10.43block/s]Building crop mask:  20%|███████████████████████████▊                                                                                                               | 6/30 [00:00<00:02,  9.96block/s]Building crop mask:  23%|████████████████████████████████▍                                                                                                          | 7/30 [00:00<00:02,  9.50block/s]Building crop mask:  27%|█████████████████████████████████████                                                                                                      | 8/30 [00:00<00:02,  9.09block/s]Building crop mask:  30%|█████████████████████████████████████████▋                                                                                                 | 9/30 [00:00<00:02,  8.80block/s]Building crop mask:  33%|██████████████████████████████████████████████                                                                                            | 10/30 [00:01<00:02,  8.58block/s]Building crop mask:  37%|██████████████████████████████████████████████████▌                                                                                       | 11/30 [00:01<00:02,  8.51block/s]Building crop mask:  40%|███████████████████████████████████████████████████████▏                                                                                  | 12/30 [00:01<00:03,  5.83block/s]Building crop mask:  43%|███████████████████████████████████████████████████████████▊                                                                              | 13/30 [00:01<00:02,  6.38block/s]Building crop mask:  47%|████████████████████████████████████████████████████████████████▍                                                                         | 14/30 [00:01<00:02,  6.83block/s]Building crop mask:  50%|█████████████████████████████████████████████████████████████████████                                                                     | 15/30 [00:01<00:02,  7.13block/s]Building crop mask:  53%|█████████████████████████████████████████████████████████████████████████▌                                                                | 16/30 [00:02<00:01,  7.38block/s]Building crop mask:  57%|██████████████████████████████████████████████████████████████████████████████▏                                                           | 17/30 [00:02<00:01,  7.72block/s]Building crop mask:  63%|███████████████████████████████████████████████████████████████████████████████████████▍                                                  | 19/30 [00:02<00:01,  8.73block/s]Building crop mask:  67%|████████████████████████████████████████████████████████████████████████████████████████████                                              | 20/30 [00:02<00:01,  8.85block/s]Building crop mask:  70%|████████████████████████████████████████████████████████████████████████████████████████████████▌                                         | 21/30 [00:02<00:01,  8.58block/s]Building crop mask:  73%|█████████████████████████████████████████████████████████████████████████████████████████████████████▏                                    | 22/30 [00:02<00:00,  8.54block/s]Building crop mask:  80%|██████████████████████████████████████████████████████████████████████████████████████████████████████████████▍                           | 24/30 [00:02<00:00, 10.33block/s]Building crop mask:  93%|████████████████████████████████████████████████████████████████████████████████████████████████████████████████████████████████▊         | 28/30 [00:02<00:00, 16.88block/s]Building crop mask: 100%|██████████████████████████████████████████████████████████████████████████████████████████████████████████████████████████████████████████| 30/30 [00:02<00:00, 10.14block/s]
2026-09-04 10:25:53,003 INFO static_classify: Crop mask coverage: 25,928,142 px (55.65% of the AOI)
2026-09-04 10:25:53,016 INFO static_classify: Grid parity verified: crop mask is 1:1 with the static image.
2026-09-04 10:25:53,027 INFO static_classify: Classifying 30 window(s) across 7 worker(s)...
Classifying static image:   0%|                                                                                                                                             | 0/30 [00:00<?, ?block/s]Classifying static image:   3%|████▍                                                                                                                                | 1/30 [00:01<00:52,  1.82s/block]Classifying static image:   7%|████████▊                                                                                                                            | 2/30 [00:01<00:23,  1.22block/s]Classifying static image:  10%|█████████████▎                                                                                                                       | 3/30 [00:02<00:19,  1.39block/s]Classifying static image:  13%|█████████████████▋                                                                                                                   | 4/30 [00:02<00:13,  1.89block/s]Classifying static image:  20%|██████████████████████████▌                                                                                                          | 6/30 [00:04<00:16,  1.46block/s]Classifying static image:  27%|███████████████████████████████████▍                                                                                                 | 8/30 [00:06<00:18,  1.18block/s]Classifying static image:  33%|████████████████████████████████████████████                                                                                        | 10/30 [00:06<00:11,  1.67block/s]Classifying static image:  37%|████████████████████████████████████████████████▍                                                                                   | 11/30 [00:08<00:13,  1.39block/s]Classifying static image:  43%|█████████████████████████████████████████████████████████▏                                                                          | 13/30 [00:08<00:08,  2.12block/s]Classifying static image:  47%|█████████████████████████████████████████████████████████████▌                                                                      | 14/30 [00:08<00:07,  2.25block/s]Classifying static image:  50%|██████████████████████████████████████████████████████████████████                                                                  | 15/30 [00:08<00:05,  2.55block/s]Classifying static image:  53%|██████████████████████████████████████████████████████████████████████▍                                                             | 16/30 [00:09<00:06,  2.32block/s]Classifying static image:  63%|███████████████████████████████████████████████████████████████████████████████████▌                                                | 19/30 [00:09<00:02,  4.44block/s]Classifying static image:  70%|████████████████████████████████████████████████████████████████████████████████████████████▍                                       | 21/30 [00:09<00:01,  5.91block/s]Classifying static image:  77%|█████████████████████████████████████████████████████████████████████████████████████████████████████▏                              | 23/30 [00:09<00:00,  7.33block/s]Classifying static image:  87%|██████████████████████████████████████████████████████████████████████████████████████████████████████████████████▍                 | 26/30 [00:10<00:00,  6.79block/s]Classifying static image:  93%|███████████████████████████████████████████████████████████████████████████████████████████████████████████████████████████▏        | 28/30 [00:11<00:00,  3.64block/s]Classifying static image:  97%|███████████████████████████████████████████████████████████████████████████████████████████████████████████████████████████████▌    | 29/30 [00:11<00:00,  3.90block/s]Classifying static image: 100%|████████████████████████████████████████████████████████████████████████████████████████████████████████████████████████████████████| 30/30 [00:12<00:00,  3.03block/s]Classifying static image: 100%|████████████████████████████████████████████████████████████████████████████████████████████████████████████████████████████████████| 30/30 [00:12<00:00,  2.46block/s]
Loading categorical map for strict sieving: static_mosaic_15_Feb_2025_and_10_Feb_2025_Cls.tif
Phase 1: base sieve filter (removing blobs < 20 px)...
Phase 2: enforcing strict topological encapsulation...
Writing topologically-enforced output to disk...
SUCCESS: sieved raster saved to: /home/jovyan/FAO/optimized_code_testing/runs_district/D1_kasur_wheat_2025/2_static_run_1/15_Feb_2025_and_10_Feb_2025/static_mosaic_15_Feb_2025_and_10_Feb_2025_Cls_sieved_p20.tif
2026-09-04 10:26:08,760 INFO pipeline: Static stage finished in 6.2 min -> /home/jovyan/FAO/optimized_code_testing/runs_district/D1_kasur_wheat_2025/2_static_run_1/15_Feb_2025_and_10_Feb_2025/static_mosaic_15_Feb_2025_and_10_Feb_2025_Cls_sieved_p20.tif
1. Vectorising target classes [1]...
  -> Extracted 33,602 raw polygon features.
  -> Pre-filter dropped 3,051 sub-threshold polygons before clipping.
2. Loading boundary for clipping...
3. Clip to boundary, explode to singlepart...
4. Computing area (EPSG:32642) and filtering (>= 0.5 acres)...
   Retained 30,546 features, 288,123.30 acres, label 14
5. Exporting...
2026-09-04 10:26:19,840 INFO pyogrio._io: Created 30,546 records
   -> Saved GPKG: /home/jovyan/FAO/optimized_code_testing/runs_district/D1_kasur_wheat_2025/3_vector_run_1/final_output/kasur_wheat_2025.gpkg
2026-09-04 10:26:20,135 INFO pyogrio._io: Created 30,546 records
   -> Saved ZIP (Shapefile): /home/jovyan/FAO/optimized_code_testing/runs_district/D1_kasur_wheat_2025/3_vector_run_1/final_output/kasur_wheat_2025.zip
2026-09-04 10:26:21,876 INFO qc: Result: aoi_acres=984439.6, feature_count=30546, crop_acres=288123.3, crop_share_of_aoi_pct=29.3, ndvi_crop_pixels=43545988, static_crop_pixels=13657319, static_retention_pct=31.4
2026-09-04 10:26:21,894 INFO pipeline: Pipeline finished in 6.7 min -> /home/jovyan/FAO/optimized_code_testing/runs_district/D1_kasur_wheat_2025/3_vector_run_1/final_output/kasur_wheat_2025.gpkg

=== RESULT ===
{
  "name": "D1_kasur_wheat_2025",
  "status": "ok",
  "started_utc": "2026-09-04T10:19:36Z",
  "config_summary": "crop/year/district : wheat / 2025 / kasur\nAOI                : /home/jovyan/FAO/wheat/kasur_testing/Kasur.shp\nNDVI source        : stac\nstatic source      : stac (auto)\nNDVI series window : 2024-08-24 -> 2025-07-01\nNDVI inference     : 2024-09-01 -> 2025-06-30\nstatic window      : 2025-01-20 -> 2025-03-20\nNDVI model         : gs://farmdar_data_catalog/FAO_Wheat_Model_Files/FAO_Wheat_NDVI_Model/FAO_Wheat_RF_Model.joblib\nstatic model       : gs://farmdar_data_catalog/FAO_Wheat_Model_Files/FAO_Wheat_Static_IMG_Model/FAO_Wheat_XGB_Model.json\nmodel cache        : /home/jovyan/.cache/fao_pipeline/models\nrun modes          : ndvi=resume, static=resume, vector=resume\nsieve min pixels   : ndvi=20, static=20",
  "output_dir": "/home/jovyan/FAO/optimized_code_testing/runs_district/D1_kasur_wheat_2025",
  "outcome": {
    "crop": "wheat",
    "year": "2025",
    "district": "kasur",
    "ndvi_source": "stac",
    "static_source": "stac",
    "output_dir": "/home/jovyan/FAO/optimized_code_testing/runs_district/D1_kasur_wheat_2025",
    "ndvi_run": "1_ndvi_run_1",
    "static_run": "2_static_run_1",
    "vector_run": "3_vector_run_1",
    "sieved_ndvi_raster": "/home/jovyan/FAO/optimized_code_testing/runs_district/D1_kasur_wheat_2025/1_ndvi_run_1/Kasur_rf_classification_map_sieved_p20.tif",
    "sieved_static_raster": "/home/jovyan/FAO/optimized_code_testing/runs_district/D1_kasur_wheat_2025/2_static_run_1/15_Feb_2025_and_10_Feb_2025/static_mosaic_15_Feb_2025_and_10_Feb_2025_Cls_sieved_p20.tif",
    "vector_output": "/home/jovyan/FAO/optimized_code_testing/runs_district/D1_kasur_wheat_2025/3_vector_run_1/final_output/kasur_wheat_2025.gpkg",
    "ndvi_minutes": 0.3,
    "static_minutes": 6.2,
    "total_minutes": 6.7,
    "result_check": {
      "warnings": [],
      "aoi_acres": 984439.6,
      "feature_count": 30546,
      "crop_acres": 288123.3,
      "crop_share_of_aoi_pct": 29.3,
      "ndvi_crop_pixels": 43545988,
      "static_crop_pixels": 13657319,
      "static_retention_pct": 31.4
    }
  },
  "wall_s": 404.46,
  "resources": {
    "samples": 653,
    "duration_s": 404.5,
    "peak_rss_tree_mb": 8786.4,
    "peak_rss_single_proc_mb": 4525.1,
    "peak_outdir_mb": 9023.4,
    "final_outdir_mb": 60.0,
    "tree_read_mb": 0.18,
    "tree_write_mb": 868.55,
    "sys_read_mb": 0.23,
    "sys_write_mb": 743.58,
    "net_recv_mb": 23078.13,
    "net_sent_mb": 20694.88,
    "stage_peak_rss_mb": {
      "resolve_models": 0.0,
      "ndvi_stage": 3705.8,
      "ndvi_acquire_stac": 202.7,
      "ndvi_mosaic": 0.0,
      "sieve": 4538.2,
      "static_stage": 3856.9,
      "static_acquire_stac": 3872.2,
      "static_classify": 8786.4,
      "static_crop_mask": 3891.5,
      "vector_stage": 4186.8,
      "pipeline": 3897.8
    }
  },
  "finished_utc": "2026-09-04T10:26:21Z"
}
