==============================================================================
crop/year/district : spr_maize / 2025 / okara
AOI                : /home/jovyan/FAO/optimized_code_testing/test_aois_small/okara_test_data_spr_maize.shp
NDVI source        : stac
static source      : stac (auto)
NDVI series window : 2024-12-24 -> 2025-07-17
NDVI inference     : 2025-01-01 -> 2025-07-15
static window      : 2025-04-20 -> 2025-05-20
NDVI model         : gs://farmdar_data_catalog/FAO_SPR_MAIZE_MODELS/FAO_Spr_Maize_NDVI_Model/FAO_Spr_Maize_RF_Model.joblib
static model       : gs://farmdar_data_catalog/FAO_SPR_MAIZE_MODELS/FAO_Spr_Maize_Static_IMG_Model/FAO_Spr_Maize_XGB_Static_IMG_Model.json
model cache        : /home/jovyan/.cache/fao_pipeline/models
run modes          : ndvi=resume, static=resume, vector=resume
sieve min pixels   : ndvi=20, static=20
==============================================================================
2026-09-04 07:02:56,743 INFO pipeline: Pipeline configuration:
crop/year/district : spr_maize / 2025 / okara
AOI                : /home/jovyan/FAO/optimized_code_testing/test_aois_small/okara_test_data_spr_maize.shp
NDVI source        : stac
static source      : stac (auto)
NDVI series window : 2024-12-24 -> 2025-07-17
NDVI inference     : 2025-01-01 -> 2025-07-15
static window      : 2025-04-20 -> 2025-05-20
NDVI model         : gs://farmdar_data_catalog/FAO_SPR_MAIZE_MODELS/FAO_Spr_Maize_NDVI_Model/FAO_Spr_Maize_RF_Model.joblib
static model       : gs://farmdar_data_catalog/FAO_SPR_MAIZE_MODELS/FAO_Spr_Maize_Static_IMG_Model/FAO_Spr_Maize_XGB_Static_IMG_Model.json
model cache        : /home/jovyan/.cache/fao_pipeline/models
run modes          : ndvi=resume, static=resume, vector=resume
sieve min pixels   : ndvi=20, static=20
2026-09-04 07:02:56,743 INFO run_manager: 1_ndvi: resuming run 1 -> /home/jovyan/FAO/optimized_code_testing/runs_retest/K1_kill_static/1_ndvi_run_1
2026-09-04 07:02:56,743 INFO run_manager: 3_vector: starting run 1 -> /home/jovyan/FAO/optimized_code_testing/runs_retest/K1_kill_static/3_vector_run_1  (no previous output to reuse)
2026-09-04 07:02:56,743 INFO model_registry: ndvi_model: cache hit, using /home/jovyan/.cache/fao_pipeline/models/farmdar_data_catalog/FAO_SPR_MAIZE_MODELS/FAO_Spr_Maize_NDVI_Model/FAO_Spr_Maize_RF_Model.joblib
2026-09-04 07:02:56,743 INFO model_registry: static_model: cache hit, using /home/jovyan/.cache/fao_pipeline/models/farmdar_data_catalog/FAO_SPR_MAIZE_MODELS/FAO_Spr_Maize_Static_IMG_Model/FAO_Spr_Maize_XGB_Static_IMG_Model.json
2026-09-04 07:02:56,744 INFO ndvi_pipeline: [Checkpoint] NDVI classification map already exists: /home/jovyan/FAO/optimized_code_testing/runs_retest/K1_kill_static/1_ndvi_run_1/okara_test_data_spr_maize_rf_classification_map.tif
[Skipped] Sieved raster already exists at: /home/jovyan/FAO/optimized_code_testing/runs_retest/K1_kill_static/1_ndvi_run_1/okara_test_data_spr_maize_rf_classification_map_sieved_p20.tif
2026-09-04 07:02:56,744 INFO pipeline: NDVI stage finished in 0.0 min -> /home/jovyan/FAO/optimized_code_testing/runs_retest/K1_kill_static/1_ndvi_run_1/okara_test_data_spr_maize_rf_classification_map_sieved_p20.tif
2026-09-04 07:02:56,744 INFO run_manager: 2_static: starting run 1 -> /home/jovyan/FAO/optimized_code_testing/runs_retest/K1_kill_static/2_static_run_1  (no previous output to reuse)
2026-09-04 07:02:56,830 INFO farmdar.sentinel: aws-creds: bootstrapped 12-hour session, expires 2026-09-04T19:02:56+00:00
2026-09-04 07:02:58,557 WARNING static_pipeline: window 1 (2025-05-01 to 2025-05-10): could not be scored (You have exceeded a rate limit. Contact planetarycomputer@microsoft.com.).
2026-09-04 07:03:00,257 INFO farmdar.sentinel: static: 5 scenes on 5 dates in [2025-04-20, 2025-04-30)
2026-09-04 07:03:02,772 INFO farmdar.sentinel: static: dates=['2025-04-29'] (anchor=2025-04-29) -> 100.00% of AOI usable
2026-09-04 07:03:03,749 INFO farmdar.sentinel: static: 5 scenes on 5 dates in [2025-05-11, 2025-05-20)
2026-09-04 07:03:05,964 INFO farmdar.sentinel: static: dates=['2025-05-14'] (anchor=2025-05-14) -> 100.00% of AOI usable
2026-09-04 07:03:05,964 INFO static_pipeline: Window scores (best-first by preference):
2026-09-04 07:03:05,964 INFO static_pipeline:   window 2 (2025-04-20 to 2025-04-30): ['2025-04-29'] -> 100.0% of AOI usable
2026-09-04 07:03:05,964 INFO static_pipeline:   window 3 (2025-05-11 to 2025-05-20): ['2025-05-14'] -> 100.0% of AOI usable
2026-09-04 07:03:05,964 INFO static_pipeline: Chose window 2 (2025-04-20 to 2025-04-30) at 100.0% (floor 80%).
2026-09-04 07:03:05,967 INFO farmdar.sentinel: AOI -> 4 tiles @ 10m (tile=0.10deg, bands=['blue', 'green', 'red', 'rededge1', 'nir', 'ndvi'], dates=['2025-04-29'], 8 workers)
2026-09-04 07:03:10,782 INFO farmdar.sentinel: [1/4] tile 0002: written (4.2s, 100.0% filled)
2026-09-04 07:03:12,044 INFO farmdar.sentinel: [2/4] tile 0001: written (5.5s, 100.0% filled)
2026-09-04 07:03:13,278 INFO farmdar.sentinel: [3/4] tile 0003: written (6.6s, 100.0% filled)
2026-09-04 07:03:14,486 INFO farmdar.sentinel: [4/4] tile 0004: written (7.9s, 100.0% filled)
2026-09-04 07:03:14,518 INFO farmdar.sentinel: DONE 4 tiles in 0.1 min. dates=['2025-04-29'] out_dir=/home/jovyan/FAO/optimized_code_testing/runs_retest/K1_kill_static/2_static_run_1/static_staging vrt=/home/jovyan/FAO/optimized_code_testing/runs_retest/K1_kill_static/2_static_run_1/static_staging/static.vrt
2026-09-04 07:03:14,518 INFO static_pipeline: STAC static dates (auto mode): ['2025-04-29'] via window 2 (2025-04-20 to 2025-04-30)
2026-09-04 07:03:14,518 INFO static_classify: Building crop mask | crop_classes=(1, 4, 5, 6, 7) | AOI=/home/jovyan/FAO/optimized_code_testing/test_aois_small/okara_test_data_spr_maize.shp
Building crop mask:   0%|                                                                                                                                                    | 0/4 [00:00<?, ?block/s]Building crop mask:  25%|███████████████████████████████████                                                                                                         | 1/4 [00:00<00:00,  9.33block/s]Building crop mask: 100%|████████████████████████████████████████████████████████████████████████████████████████████████████████████████████████████████████████████| 4/4 [00:00<00:00, 32.69block/s]
2026-09-04 07:03:14,660 INFO static_classify: Crop mask coverage: 439,255 px (18.19% of the AOI)
2026-09-04 07:03:14,666 INFO static_classify: Grid parity verified: crop mask is 1:1 with the static image.
2026-09-04 07:03:14,673 INFO static_classify: Static worker pool = 4  [requested=7; windows=4]
2026-09-04 07:03:14,673 INFO static_classify: Classifying 4 window(s) across 4 worker(s)...
Classifying static image:   0%|                                                                                                                                              | 0/4 [00:00<?, ?block/s]Classifying static image:  25%|█████████████████████████████████▌                                                                                                    | 1/4 [00:12<00:36, 12.12s/block]Classifying static image:  50%|███████████████████████████████████████████████████████████████████                                                                   | 2/4 [00:12<00:10,  5.05s/block]Classifying static image:  75%|████████████████████████████████████████████████████████████████████████████████████████████████████▌                                 | 3/4 [00:13<00:03,  3.28s/block]