==============================================================================
crop/year/district : spr_maize / 2025 / okara
AOI                : /home/jovyan/FAO/optimized_code_testing/test_aois_small/okara_test_data_spr_maize.shp
NDVI source        : stac
static source      : stac (manual)
NDVI series window : 2024-12-24 -> 2025-07-17
NDVI inference     : 2025-01-01 -> 2025-07-15
static window      : 2025-04-20 -> 2025-05-20
NDVI model         : gs://farmdar_data_catalog/FAO_SPR_MAIZE_MODELS/FAO_Spr_Maize_NDVI_Model/FAO_Spr_Maize_RF_Model.joblib
static model       : gs://farmdar_data_catalog/FAO_SPR_MAIZE_MODELS/FAO_Spr_Maize_Static_IMG_Model/FAO_Spr_Maize_XGB_Static_IMG_Model.json
model cache        : /home/jovyan/.cache/fao_pipeline/models
run modes          : ndvi=resume, static=resume, vector=resume
sieve min pixels   : ndvi=20, static=20
==============================================================================
2026-09-04 07:07:19,219 INFO pipeline: Pipeline configuration:
crop/year/district : spr_maize / 2025 / okara
AOI                : /home/jovyan/FAO/optimized_code_testing/test_aois_small/okara_test_data_spr_maize.shp
NDVI source        : stac
static source      : stac (manual)
NDVI series window : 2024-12-24 -> 2025-07-17
NDVI inference     : 2025-01-01 -> 2025-07-15
static window      : 2025-04-20 -> 2025-05-20
NDVI model         : gs://farmdar_data_catalog/FAO_SPR_MAIZE_MODELS/FAO_Spr_Maize_NDVI_Model/FAO_Spr_Maize_RF_Model.joblib
static model       : gs://farmdar_data_catalog/FAO_SPR_MAIZE_MODELS/FAO_Spr_Maize_Static_IMG_Model/FAO_Spr_Maize_XGB_Static_IMG_Model.json
model cache        : /home/jovyan/.cache/fao_pipeline/models
run modes          : ndvi=resume, static=resume, vector=resume
sieve min pixels   : ndvi=20, static=20
2026-09-04 07:07:19,220 INFO run_manager: 1_ndvi: resuming run 1 -> /home/jovyan/FAO/optimized_code_testing/runs_retest/K4_staging_reuse/1_ndvi_run_1
2026-09-04 07:07:19,220 INFO run_manager: 3_vector: resuming run 1 -> /home/jovyan/FAO/optimized_code_testing/runs_retest/K4_staging_reuse/3_vector_run_1
2026-09-04 07:07:19,220 INFO model_registry: ndvi_model: cache hit, using /home/jovyan/.cache/fao_pipeline/models/farmdar_data_catalog/FAO_SPR_MAIZE_MODELS/FAO_Spr_Maize_NDVI_Model/FAO_Spr_Maize_RF_Model.joblib
2026-09-04 07:07:19,220 INFO model_registry: static_model: cache hit, using /home/jovyan/.cache/fao_pipeline/models/farmdar_data_catalog/FAO_SPR_MAIZE_MODELS/FAO_Spr_Maize_Static_IMG_Model/FAO_Spr_Maize_XGB_Static_IMG_Model.json
2026-09-04 07:07:19,220 INFO ndvi_pipeline: [Checkpoint] NDVI classification map already exists: /home/jovyan/FAO/optimized_code_testing/runs_retest/K4_staging_reuse/1_ndvi_run_1/okara_test_data_spr_maize_rf_classification_map.tif
[Skipped] Sieved raster already exists at: /home/jovyan/FAO/optimized_code_testing/runs_retest/K4_staging_reuse/1_ndvi_run_1/okara_test_data_spr_maize_rf_classification_map_sieved_p20.tif
2026-09-04 07:07:19,220 INFO pipeline: NDVI stage finished in 0.0 min -> /home/jovyan/FAO/optimized_code_testing/runs_retest/K4_staging_reuse/1_ndvi_run_1/okara_test_data_spr_maize_rf_classification_map_sieved_p20.tif
2026-09-04 07:07:19,221 INFO run_manager: 2_static: resuming run 1 -> /home/jovyan/FAO/optimized_code_testing/runs_retest/K4_staging_reuse/2_static_run_1
2026-09-04 07:07:19,319 INFO farmdar.sentinel: aws-creds: bootstrapped 12-hour session, expires 2026-09-04T19:07:19+00:00
2026-09-04 07:07:19,383 INFO farmdar.sentinel: AOI -> 4 tiles @ 10m (tile=0.10deg, bands=['blue', 'green', 'red', 'rededge1', 'nir', 'ndvi'], dates=['2025-05-09'], 8 workers)
2026-09-04 07:07:19,383 INFO farmdar.sentinel: [1/4] tile 0002: skipped_exists
2026-09-04 07:07:19,383 INFO farmdar.sentinel: [2/4] tile 0001: skipped_exists
2026-09-04 07:07:19,383 INFO farmdar.sentinel: [3/4] tile 0003: skipped_exists
2026-09-04 07:07:19,384 INFO farmdar.sentinel: [4/4] tile 0004: skipped_exists
2026-09-04 07:07:19,414 INFO farmdar.sentinel: DONE 4 tiles in 0.0 min. dates=['2025-05-09'] out_dir=/home/jovyan/FAO/optimized_code_testing/runs_retest/K4_staging_reuse/2_static_run_1/static_staging vrt=/home/jovyan/FAO/optimized_code_testing/runs_retest/K4_staging_reuse/2_static_run_1/static_staging/static.vrt
2026-09-04 07:07:19,415 INFO static_pipeline: STAC static dates (manual mode): ['2025-05-09']
2026-09-04 07:07:19,415 WARNING static_pipeline: Manual static dates: 2025-05-09 is the ANCHOR (layered on top and used as the radiometric reference). Put the date with the best AOI coverage first -- chronological order is not automatically correct.
2026-09-04 07:07:19,415 WARNING static_pipeline: This static run folder already holds output for ['29_Apr_2025'] and is now adding 09_May_2025. The folder no longer identifies one result -- use static_run_mode='new' when the static dates change.
2026-09-04 07:07:19,415 INFO static_classify: Building crop mask | crop_classes=(1, 4, 5, 6, 7) | AOI=/home/jovyan/FAO/optimized_code_testing/test_aois_small/okara_test_data_spr_maize.shp
Building crop mask:   0%|                                                                                                                                                    | 0/4 [00:00<?, ?block/s]Building crop mask:  25%|███████████████████████████████████                                                                                                         | 1/4 [00:00<00:00,  8.69block/s]Building crop mask: 100%|████████████████████████████████████████████████████████████████████████████████████████████████████████████████████████████████████████████| 4/4 [00:00<00:00, 30.64block/s]
2026-09-04 07:07:19,570 INFO static_classify: Crop mask coverage: 439,255 px (18.19% of the AOI)
2026-09-04 07:07:19,576 INFO static_classify: Grid parity verified: crop mask is 1:1 with the static image.
2026-09-04 07:07:19,582 INFO static_classify: Static worker pool = 4  [requested=7; windows=4]
2026-09-04 07:07:19,582 INFO static_classify: Classifying 4 window(s) across 4 worker(s)...
Classifying static image:   0%|                                                                                                                                              | 0/4 [00:00<?, ?block/s]Classifying static image:  25%|█████████████████████████████████▌                                                                                                    | 1/4 [00:12<00:36, 12.12s/block]Classifying static image:  50%|███████████████████████████████████████████████████████████████████                                                                   | 2/4 [00:12<00:10,  5.06s/block]Classifying static image:  75%|████████████████████████████████████████████████████████████████████████████████████████████████████▌                                 | 3/4 [00:13<00:03,  3.35s/block]Classifying static image: 100%|██████████████████████████████████████████████████████████████████████████████████████████████████████████████████████████████████████| 4/4 [00:31<00:00,  9.04s/block]Classifying static image: 100%|██████████████████████████████████████████████████████████████████████████████████████████████████████████████████████████████████████| 4/4 [00:31<00:00,  7.83s/block]
2026-09-04 07:07:51,288 INFO static_pipeline: Raw static tiles kept at: /home/jovyan/FAO/optimized_code_testing/runs_retest/K4_staging_reuse/2_static_run_1/static_staging (crop mask: /home/jovyan/FAO/optimized_code_testing/runs_retest/K4_staging_reuse/2_static_run_1/09_May_2025/static_mosaic_09_May_2025_Cls_crop_mask.tif)
Loading categorical map for strict sieving: static_mosaic_09_May_2025_Cls.tif
Phase 1: base sieve filter (removing blobs < 20 px)...
Phase 2: enforcing strict topological encapsulation...
Writing topologically-enforced output to disk...
SUCCESS: sieved raster saved to: /home/jovyan/FAO/optimized_code_testing/runs_retest/K4_staging_reuse/2_static_run_1/09_May_2025/static_mosaic_09_May_2025_Cls_sieved_p20.tif
2026-09-04 07:07:51,497 INFO pipeline: Static stage finished in 0.5 min -> /home/jovyan/FAO/optimized_code_testing/runs_retest/K4_staging_reuse/2_static_run_1/09_May_2025/static_mosaic_09_May_2025_Cls_sieved_p20.tif
[Rebuilding] okara_spr_maize_2025 exists but was built from a different raster (/home/jovyan/FAO/optimized_code_testing/runs_retest/K4_staging_reuse/2_static_run_1/29_Apr_2025/static_mosaic_29_Apr_2025_Cls_sieved_p20.tif); regenerating from static_mosaic_09_May_2025_Cls_sieved_p20.tif.
1. Vectorising target classes [1]...
  -> Extracted 2,098 raw polygon features.
  -> Pre-filter dropped 153 sub-threshold polygons before clipping.
2. Loading boundary for clipping...
3. Clip to boundary, explode to singlepart...
4. Computing area (EPSG:32642) and filtering (>= 0.5 acres)...
   Retained 1,945 features, 8,322.02 acres, label 3015
5. Exporting...
2026-09-04 07:07:51,875 INFO pyogrio._io: Created 1,945 records
   -> Saved GPKG: /home/jovyan/FAO/optimized_code_testing/runs_retest/K4_staging_reuse/3_vector_run_1/final_output/okara_spr_maize_2025.gpkg
2026-09-04 07:07:51,951 INFO pyogrio._io: Created 1,945 records
   -> Saved ZIP (Shapefile): /home/jovyan/FAO/optimized_code_testing/runs_retest/K4_staging_reuse/3_vector_run_1/final_output/okara_spr_maize_2025.zip
2026-09-04 07:07:52,066 INFO qc: Result: aoi_acres=51293.1, feature_count=1945, crop_acres=8322.0, crop_share_of_aoi_pct=16.2, ndvi_crop_pixels=933959, static_crop_pixels=395796, static_retention_pct=42.4
2026-09-04 07:07:52,067 INFO pipeline: Pipeline finished in 0.5 min -> /home/jovyan/FAO/optimized_code_testing/runs_retest/K4_staging_reuse/3_vector_run_1/final_output/okara_spr_maize_2025.gpkg

=== RESULT ===
{
  "name": "K4b_staging_0509_reuse",
  "status": "ok",
  "started_utc": "2026-09-04T07:07:18Z",
  "config_summary": "crop/year/district : spr_maize / 2025 / okara\nAOI                : /home/jovyan/FAO/optimized_code_testing/test_aois_small/okara_test_data_spr_maize.shp\nNDVI source        : stac\nstatic source      : stac (manual)\nNDVI series window : 2024-12-24 -> 2025-07-17\nNDVI inference     : 2025-01-01 -> 2025-07-15\nstatic window      : 2025-04-20 -> 2025-05-20\nNDVI model         : gs://farmdar_data_catalog/FAO_SPR_MAIZE_MODELS/FAO_Spr_Maize_NDVI_Model/FAO_Spr_Maize_RF_Model.joblib\nstatic model       : gs://farmdar_data_catalog/FAO_SPR_MAIZE_MODELS/FAO_Spr_Maize_Static_IMG_Model/FAO_Spr_Maize_XGB_Static_IMG_Model.json\nmodel cache        : /home/jovyan/.cache/fao_pipeline/models\nrun modes          : ndvi=resume, static=resume, vector=resume\nsieve min pixels   : ndvi=20, static=20",
  "output_dir": "/home/jovyan/FAO/optimized_code_testing/runs_retest/K4_staging_reuse",
  "outcome": {
    "crop": "spr_maize",
    "year": "2025",
    "district": "okara",
    "ndvi_source": "stac",
    "static_source": "stac",
    "output_dir": "/home/jovyan/FAO/optimized_code_testing/runs_retest/K4_staging_reuse",
    "ndvi_run": "1_ndvi_run_1",
    "static_run": "2_static_run_1",
    "vector_run": "3_vector_run_1",
    "sieved_ndvi_raster": "/home/jovyan/FAO/optimized_code_testing/runs_retest/K4_staging_reuse/1_ndvi_run_1/okara_test_data_spr_maize_rf_classification_map_sieved_p20.tif",
    "sieved_static_raster": "/home/jovyan/FAO/optimized_code_testing/runs_retest/K4_staging_reuse/2_static_run_1/09_May_2025/static_mosaic_09_May_2025_Cls_sieved_p20.tif",
    "vector_output": "/home/jovyan/FAO/optimized_code_testing/runs_retest/K4_staging_reuse/3_vector_run_1/final_output/okara_spr_maize_2025.gpkg",
    "ndvi_minutes": 0.0,
    "static_minutes": 0.5,
    "total_minutes": 0.5,
    "result_check": {
      "warnings": [],
      "aoi_acres": 51293.1,
      "feature_count": 1945,
      "crop_acres": 8322.0,
      "crop_share_of_aoi_pct": 16.2,
      "ndvi_crop_pixels": 933959,
      "static_crop_pixels": 395796,
      "static_retention_pct": 42.4
    }
  },
  "wall_s": 32.85,
  "resources": {
    "samples": 66,
    "duration_s": 32.8,
    "peak_rss_tree_mb": 25458.8,
    "peak_rss_single_proc_mb": 6295.1,
    "peak_outdir_mb": 57.2,
    "final_outdir_mb": 57.2,
    "tree_read_mb": 0.0,
    "tree_write_mb": 2.39,
    "sys_read_mb": 0.0,
    "sys_write_mb": 8.34,
    "net_recv_mb": 0.16,
    "net_sent_mb": 0.53,
    "stage_peak_rss_mb": {
      "resolve_models": 0.0,
      "ndvi_stage": 0.0,
      "sieve": 293.4,
      "static_stage": 0.0,
      "static_acquire_stac": 202.3,
      "static_classify": 25458.8,
      "static_crop_mask": 0.0,
      "vector_stage": 298.0
    }
  },
  "finished_utc": "2026-09-04T07:07:52Z"
}
