==============================================================================
crop/year/district : spr_maize / 2025 / okara
AOI                : /home/jovyan/FAO/optimized_code_testing/test_aois_small/okara_test_data_spr_maize.shp
NDVI source        : stac
static source      : stac (auto)
NDVI series window : 2024-12-24 -> 2025-07-17
NDVI inference     : 2025-01-01 -> 2025-07-15
static window      : 2025-04-20 -> 2025-05-20
NDVI model         : gs://farmdar_data_catalog/FAO_SPR_MAIZE_MODELS/FAO_Spr_Maize_NDVI_Model/FAO_Spr_Maize_RF_Model.joblib
static model       : gs://farmdar_data_catalog/FAO_SPR_MAIZE_MODELS/FAO_Spr_Maize_Static_IMG_Model/FAO_Spr_Maize_XGB_Static_IMG_Model.json
model cache        : /home/jovyan/.cache/fao_pipeline/models
run modes          : ndvi=resume, static=resume, vector=resume
sieve min pixels   : ndvi=20, static=20
==============================================================================
2026-09-04 06:52:24,430 INFO pipeline: Pipeline configuration:
crop/year/district : spr_maize / 2025 / okara
AOI                : /home/jovyan/FAO/optimized_code_testing/test_aois_small/okara_test_data_spr_maize.shp
NDVI source        : stac
static source      : stac (auto)
NDVI series window : 2024-12-24 -> 2025-07-17
NDVI inference     : 2025-01-01 -> 2025-07-15
static window      : 2025-04-20 -> 2025-05-20
NDVI model         : gs://farmdar_data_catalog/FAO_SPR_MAIZE_MODELS/FAO_Spr_Maize_NDVI_Model/FAO_Spr_Maize_RF_Model.joblib
static model       : gs://farmdar_data_catalog/FAO_SPR_MAIZE_MODELS/FAO_Spr_Maize_Static_IMG_Model/FAO_Spr_Maize_XGB_Static_IMG_Model.json
model cache        : /home/jovyan/.cache/fao_pipeline/models
run modes          : ndvi=resume, static=resume, vector=resume
sieve min pixels   : ndvi=20, static=20
2026-09-04 06:52:24,431 INFO run_manager: 1_ndvi: resuming run 1 -> /home/jovyan/FAO/optimized_code_testing/runs_retest/T2_sprmaize_margin0/1_ndvi_run_1
2026-09-04 06:52:24,431 INFO run_manager: 3_vector: starting run 1 -> /home/jovyan/FAO/optimized_code_testing/runs_retest/T2_sprmaize_margin0/3_vector_run_1  (no previous output to reuse)
2026-09-04 06:52:24,431 INFO model_registry: ndvi_model: cache hit, using /home/jovyan/.cache/fao_pipeline/models/farmdar_data_catalog/FAO_SPR_MAIZE_MODELS/FAO_Spr_Maize_NDVI_Model/FAO_Spr_Maize_RF_Model.joblib
2026-09-04 06:52:24,431 INFO model_registry: static_model: cache hit, using /home/jovyan/.cache/fao_pipeline/models/farmdar_data_catalog/FAO_SPR_MAIZE_MODELS/FAO_Spr_Maize_Static_IMG_Model/FAO_Spr_Maize_XGB_Static_IMG_Model.json
2026-09-04 06:52:24,431 INFO ndvi_pipeline: [Checkpoint] NDVI classification map already exists: /home/jovyan/FAO/optimized_code_testing/runs_retest/T2_sprmaize_margin0/1_ndvi_run_1/okara_test_data_spr_maize_rf_classification_map.tif
[Skipped] Sieved raster already exists at: /home/jovyan/FAO/optimized_code_testing/runs_retest/T2_sprmaize_margin0/1_ndvi_run_1/okara_test_data_spr_maize_rf_classification_map_sieved_p20.tif
2026-09-04 06:52:24,431 INFO pipeline: NDVI stage finished in 0.0 min -> /home/jovyan/FAO/optimized_code_testing/runs_retest/T2_sprmaize_margin0/1_ndvi_run_1/okara_test_data_spr_maize_rf_classification_map_sieved_p20.tif
2026-09-04 06:52:24,431 INFO run_manager: 2_static: starting run 1 -> /home/jovyan/FAO/optimized_code_testing/runs_retest/T2_sprmaize_margin0/2_static_run_1  (no previous output to reuse)
2026-09-04 06:52:24,520 INFO farmdar.sentinel: aws-creds: bootstrapped 12-hour session, expires 2026-09-04T18:52:24+00:00
2026-09-04 06:52:27,230 INFO farmdar.sentinel: static: 4 scenes on 3 dates in [2025-05-01, 2025-05-10)
2026-09-04 06:52:30,463 INFO farmdar.sentinel: static: dates=['2025-05-09', '2025-05-01'] (anchor=2025-05-09) -> 99.12% of AOI usable
2026-09-04 06:52:31,581 INFO farmdar.sentinel: static: 5 scenes on 5 dates in [2025-04-20, 2025-04-30)
2026-09-04 06:52:33,792 INFO farmdar.sentinel: static: dates=['2025-04-29'] (anchor=2025-04-29) -> 100.00% of AOI usable
2026-09-04 06:52:34,823 INFO farmdar.sentinel: static: 5 scenes on 5 dates in [2025-05-11, 2025-05-20)
2026-09-04 06:52:36,903 INFO farmdar.sentinel: static: dates=['2025-05-14'] (anchor=2025-05-14) -> 100.00% of AOI usable
2026-09-04 06:52:36,903 INFO static_pipeline: Window scores (best-first by preference):
2026-09-04 06:52:36,903 INFO static_pipeline:   window 1 (2025-05-01 to 2025-05-10): ['2025-05-09', '2025-05-01'] -> 99.1% of AOI usable
2026-09-04 06:52:36,903 INFO static_pipeline:   window 2 (2025-04-20 to 2025-04-30): ['2025-04-29'] -> 100.0% of AOI usable
2026-09-04 06:52:36,903 INFO static_pipeline:   window 3 (2025-05-11 to 2025-05-20): ['2025-05-14'] -> 100.0% of AOI usable
2026-09-04 06:52:36,903 INFO static_pipeline: Coverage spread across windows: 99.1%-100.0%. The chosen date, not just the code, determines the acreage reported.
2026-09-04 06:52:36,903 INFO static_pipeline: Chose window 2 (2025-04-20 to 2025-04-30) at 100.0% (floor 80%).
2026-09-04 06:52:36,906 INFO farmdar.sentinel: AOI -> 4 tiles @ 10m (tile=0.10deg, bands=['blue', 'green', 'red', 'rededge1', 'nir', 'ndvi'], dates=['2025-04-29'], 8 workers)
2026-09-04 06:52:41,184 INFO farmdar.sentinel: [1/4] tile 0002: written (3.6s, 100.0% filled)
2026-09-04 06:52:42,431 INFO farmdar.sentinel: [2/4] tile 0001: written (4.9s, 100.0% filled)
2026-09-04 06:52:43,664 INFO farmdar.sentinel: [3/4] tile 0003: written (6.5s, 100.0% filled)
2026-09-04 06:52:44,859 INFO farmdar.sentinel: [4/4] tile 0004: written (7.4s, 100.0% filled)
2026-09-04 06:52:44,891 INFO farmdar.sentinel: DONE 4 tiles in 0.1 min. dates=['2025-04-29'] out_dir=/home/jovyan/FAO/optimized_code_testing/runs_retest/T2_sprmaize_margin0/2_static_run_1/static_staging vrt=/home/jovyan/FAO/optimized_code_testing/runs_retest/T2_sprmaize_margin0/2_static_run_1/static_staging/static.vrt
2026-09-04 06:52:44,891 INFO static_pipeline: STAC static dates (auto mode): ['2025-04-29'] via window 2 (2025-04-20 to 2025-04-30)
2026-09-04 06:52:44,892 INFO static_classify: Building crop mask | crop_classes=(1, 4, 5, 6, 7) | AOI=/home/jovyan/FAO/optimized_code_testing/test_aois_small/okara_test_data_spr_maize.shp
Building crop mask:   0%|                                                                                                                                                    | 0/4 [00:00<?, ?block/s]Building crop mask:  25%|███████████████████████████████████                                                                                                         | 1/4 [00:00<00:00,  9.01block/s]Building crop mask: 100%|████████████████████████████████████████████████████████████████████████████████████████████████████████████████████████████████████████████| 4/4 [00:00<00:00, 31.69block/s]
2026-09-04 06:52:45,156 INFO static_classify: Crop mask coverage: 439,255 px (18.19% of the AOI)
2026-09-04 06:52:45,162 INFO static_classify: Grid parity verified: crop mask is 1:1 with the static image.
2026-09-04 06:52:45,168 INFO static_classify: Static worker pool = 4  [requested=7; windows=4]
2026-09-04 06:52:45,168 INFO static_classify: Classifying 4 window(s) across 4 worker(s)...
Classifying static image:   0%|                                                                                                                                              | 0/4 [00:00<?, ?block/s]Classifying static image:  25%|█████████████████████████████████▌                                                                                                    | 1/4 [00:12<00:36, 12.05s/block]Classifying static image:  75%|████████████████████████████████████████████████████████████████████████████████████████████████████▌                                 | 3/4 [00:13<00:03,  3.61s/block]Classifying static image: 100%|██████████████████████████████████████████████████████████████████████████████████████████████████████████████████████████████████████| 4/4 [00:30<00:00,  8.25s/block]Classifying static image: 100%|██████████████████████████████████████████████████████████████████████████████████████████████████████████████████████████████████████| 4/4 [00:30<00:00,  7.60s/block]
Loading categorical map for strict sieving: static_mosaic_29_Apr_2025_Cls.tif
Phase 1: base sieve filter (removing blobs < 20 px)...
Phase 2: enforcing strict topological encapsulation...
Writing topologically-enforced output to disk...
SUCCESS: sieved raster saved to: /home/jovyan/FAO/optimized_code_testing/runs_retest/T2_sprmaize_margin0/2_static_run_1/29_Apr_2025/static_mosaic_29_Apr_2025_Cls_sieved_p20.tif
2026-09-04 06:53:16,281 INFO pipeline: Static stage finished in 0.9 min -> /home/jovyan/FAO/optimized_code_testing/runs_retest/T2_sprmaize_margin0/2_static_run_1/29_Apr_2025/static_mosaic_29_Apr_2025_Cls_sieved_p20.tif
1. Vectorising target classes [1]...
  -> Extracted 2,098 raw polygon features.
  -> Pre-filter dropped 153 sub-threshold polygons before clipping.
2. Loading boundary for clipping...
3. Clip to boundary, explode to singlepart...
4. Computing area (EPSG:32642) and filtering (>= 0.5 acres)...
   Retained 1,945 features, 8,322.02 acres, label 3015
5. Exporting...
2026-09-04 06:53:16,740 INFO pyogrio._io: Created 1,945 records
   -> Saved GPKG: /home/jovyan/FAO/optimized_code_testing/runs_retest/T2_sprmaize_margin0/3_vector_run_1/final_output/okara_spr_maize_2025.gpkg
2026-09-04 06:53:16,756 INFO pyogrio._io: Created 1,945 records
   -> Saved ZIP (Shapefile): /home/jovyan/FAO/optimized_code_testing/runs_retest/T2_sprmaize_margin0/3_vector_run_1/final_output/okara_spr_maize_2025.zip
2026-09-04 06:53:16,924 INFO qc: Result: aoi_acres=51293.1, feature_count=1945, crop_acres=8322.0, crop_share_of_aoi_pct=16.2, ndvi_crop_pixels=933959, static_crop_pixels=395796, static_retention_pct=42.4
2026-09-04 06:53:16,925 INFO pipeline: Pipeline finished in 0.9 min -> /home/jovyan/FAO/optimized_code_testing/runs_retest/T2_sprmaize_margin0/3_vector_run_1/final_output/okara_spr_maize_2025.gpkg

=== RESULT ===
{
  "name": "T2_sprmaize_margin0",
  "status": "ok",
  "started_utc": "2026-09-04T06:52:23Z",
  "config_summary": "crop/year/district : spr_maize / 2025 / okara\nAOI                : /home/jovyan/FAO/optimized_code_testing/test_aois_small/okara_test_data_spr_maize.shp\nNDVI source        : stac\nstatic source      : stac (auto)\nNDVI series window : 2024-12-24 -> 2025-07-17\nNDVI inference     : 2025-01-01 -> 2025-07-15\nstatic window      : 2025-04-20 -> 2025-05-20\nNDVI model         : gs://farmdar_data_catalog/FAO_SPR_MAIZE_MODELS/FAO_Spr_Maize_NDVI_Model/FAO_Spr_Maize_RF_Model.joblib\nstatic model       : gs://farmdar_data_catalog/FAO_SPR_MAIZE_MODELS/FAO_Spr_Maize_Static_IMG_Model/FAO_Spr_Maize_XGB_Static_IMG_Model.json\nmodel cache        : /home/jovyan/.cache/fao_pipeline/models\nrun modes          : ndvi=resume, static=resume, vector=resume\nsieve min pixels   : ndvi=20, static=20",
  "output_dir": "/home/jovyan/FAO/optimized_code_testing/runs_retest/T2_sprmaize_margin0",
  "outcome": {
    "crop": "spr_maize",
    "year": "2025",
    "district": "okara",
    "ndvi_source": "stac",
    "static_source": "stac",
    "output_dir": "/home/jovyan/FAO/optimized_code_testing/runs_retest/T2_sprmaize_margin0",
    "ndvi_run": "1_ndvi_run_1",
    "static_run": "2_static_run_1",
    "vector_run": "3_vector_run_1",
    "sieved_ndvi_raster": "/home/jovyan/FAO/optimized_code_testing/runs_retest/T2_sprmaize_margin0/1_ndvi_run_1/okara_test_data_spr_maize_rf_classification_map_sieved_p20.tif",
    "sieved_static_raster": "/home/jovyan/FAO/optimized_code_testing/runs_retest/T2_sprmaize_margin0/2_static_run_1/29_Apr_2025/static_mosaic_29_Apr_2025_Cls_sieved_p20.tif",
    "vector_output": "/home/jovyan/FAO/optimized_code_testing/runs_retest/T2_sprmaize_margin0/3_vector_run_1/final_output/okara_spr_maize_2025.gpkg",
    "ndvi_minutes": 0.0,
    "static_minutes": 0.9,
    "total_minutes": 0.9,
    "result_check": {
      "warnings": [],
      "aoi_acres": 51293.1,
      "feature_count": 1945,
      "crop_acres": 8322.0,
      "crop_share_of_aoi_pct": 16.2,
      "ndvi_crop_pixels": 933959,
      "static_crop_pixels": 395796,
      "static_retention_pct": 42.4
    }
  },
  "wall_s": 52.5,
  "resources": {
    "samples": 98,
    "duration_s": 52.5,
    "peak_rss_tree_mb": 25979.0,
    "peak_rss_single_proc_mb": 6294.5,
    "peak_outdir_mb": 55.0,
    "final_outdir_mb": 55.0,
    "tree_read_mb": 0.0,
    "tree_write_mb": 54.76,
    "sys_read_mb": 0.24,
    "sys_write_mb": 60.27,
    "net_recv_mb": 53.5,
    "net_sent_mb": 1.73,
    "stage_peak_rss_mb": {
      "init": 202.5,
      "resolve_models": 0.0,
      "ndvi_stage": 0.0,
      "sieve": 803.0,
      "static_stage": 0.0,
      "static_acquire_stac": 922.3,
      "static_classify": 25979.0,
      "static_crop_mask": 0.0,
      "vector_stage": 815.8
    }
  },
  "finished_utc": "2026-09-04T06:53:16Z"
}
