==============================================================================
crop/year/district : spr_maize / 2025 / okara
AOI                : /home/jovyan/FAO/optimized_code_testing/test_aois_small/okara_test_data_spr_maize.shp
NDVI source        : stac
static source      : stac (auto)
NDVI series window : 2024-12-24 -> 2025-07-17
NDVI inference     : 2025-01-01 -> 2025-07-15
static window      : 2025-04-20 -> 2025-05-20
NDVI model         : gs://farmdar_data_catalog/FAO_SPR_MAIZE_MODELS/FAO_Spr_Maize_NDVI_Model/FAO_Spr_Maize_RF_Model.joblib
static model       : gs://farmdar_data_catalog/FAO_SPR_MAIZE_MODELS/FAO_Spr_Maize_Static_IMG_Model/FAO_Spr_Maize_XGB_Static_IMG_Model.json
model cache        : /home/jovyan/.cache/fao_pipeline/models
run modes          : ndvi=resume, static=resume, vector=resume
sieve min pixels   : ndvi=20, static=20
==============================================================================
2026-09-04 07:01:20,631 INFO pipeline: Pipeline configuration:
crop/year/district : spr_maize / 2025 / okara
AOI                : /home/jovyan/FAO/optimized_code_testing/test_aois_small/okara_test_data_spr_maize.shp
NDVI source        : stac
static source      : stac (auto)
NDVI series window : 2024-12-24 -> 2025-07-17
NDVI inference     : 2025-01-01 -> 2025-07-15
static window      : 2025-04-20 -> 2025-05-20
NDVI model         : gs://farmdar_data_catalog/FAO_SPR_MAIZE_MODELS/FAO_Spr_Maize_NDVI_Model/FAO_Spr_Maize_RF_Model.joblib
static model       : gs://farmdar_data_catalog/FAO_SPR_MAIZE_MODELS/FAO_Spr_Maize_Static_IMG_Model/FAO_Spr_Maize_XGB_Static_IMG_Model.json
model cache        : /home/jovyan/.cache/fao_pipeline/models
run modes          : ndvi=resume, static=resume, vector=resume
sieve min pixels   : ndvi=20, static=20
2026-09-04 07:01:20,631 INFO run_manager: 1_ndvi: resuming run 1 -> /home/jovyan/FAO/optimized_code_testing/runs_retest/T4_sprmaize_startat3/1_ndvi_run_1
2026-09-04 07:01:20,631 INFO run_manager: 3_vector: starting run 1 -> /home/jovyan/FAO/optimized_code_testing/runs_retest/T4_sprmaize_startat3/3_vector_run_1  (no previous output to reuse)
2026-09-04 07:01:20,631 INFO model_registry: ndvi_model: cache hit, using /home/jovyan/.cache/fao_pipeline/models/farmdar_data_catalog/FAO_SPR_MAIZE_MODELS/FAO_Spr_Maize_NDVI_Model/FAO_Spr_Maize_RF_Model.joblib
2026-09-04 07:01:20,631 INFO model_registry: static_model: cache hit, using /home/jovyan/.cache/fao_pipeline/models/farmdar_data_catalog/FAO_SPR_MAIZE_MODELS/FAO_Spr_Maize_Static_IMG_Model/FAO_Spr_Maize_XGB_Static_IMG_Model.json
2026-09-04 07:01:20,631 INFO ndvi_pipeline: [Checkpoint] NDVI classification map already exists: /home/jovyan/FAO/optimized_code_testing/runs_retest/T4_sprmaize_startat3/1_ndvi_run_1/okara_test_data_spr_maize_rf_classification_map.tif
[Skipped] Sieved raster already exists at: /home/jovyan/FAO/optimized_code_testing/runs_retest/T4_sprmaize_startat3/1_ndvi_run_1/okara_test_data_spr_maize_rf_classification_map_sieved_p20.tif
2026-09-04 07:01:20,631 INFO pipeline: NDVI stage finished in 0.0 min -> /home/jovyan/FAO/optimized_code_testing/runs_retest/T4_sprmaize_startat3/1_ndvi_run_1/okara_test_data_spr_maize_rf_classification_map_sieved_p20.tif
2026-09-04 07:01:20,632 INFO run_manager: 2_static: starting run 1 -> /home/jovyan/FAO/optimized_code_testing/runs_retest/T4_sprmaize_startat3/2_static_run_1  (no previous output to reuse)
2026-09-04 07:01:20,649 WARNING static_pipeline: Skipping the first 2 window(s) at the operator's request.
2026-09-04 07:01:20,720 INFO farmdar.sentinel: aws-creds: bootstrapped 12-hour session, expires 2026-09-04T19:01:20+00:00
2026-09-04 07:01:23,251 INFO farmdar.sentinel: static: 5 scenes on 5 dates in [2025-05-11, 2025-05-20)
2026-09-04 07:01:25,805 INFO farmdar.sentinel: static: dates=['2025-05-14'] (anchor=2025-05-14) -> 100.00% of AOI usable
2026-09-04 07:01:25,806 INFO static_pipeline: Window scores (best-first by preference):
2026-09-04 07:01:25,806 INFO static_pipeline:   window 3 (2025-05-11 to 2025-05-20): ['2025-05-14'] -> 100.0% of AOI usable
2026-09-04 07:01:25,806 INFO static_pipeline: Chose window 3 (2025-05-11 to 2025-05-20) at 100.0% (floor 80%).
2026-09-04 07:01:25,809 INFO farmdar.sentinel: AOI -> 4 tiles @ 10m (tile=0.10deg, bands=['blue', 'green', 'red', 'rededge1', 'nir', 'ndvi'], dates=['2025-05-14'], 8 workers)
2026-09-04 07:01:30,452 INFO farmdar.sentinel: [1/4] tile 0002: written (4.4s, 100.0% filled)
2026-09-04 07:01:31,878 INFO farmdar.sentinel: [2/4] tile 0004: written (5.5s, 100.0% filled)
2026-09-04 07:01:33,330 INFO farmdar.sentinel: [3/4] tile 0001: written (6.7s, 100.0% filled)
2026-09-04 07:01:34,730 INFO farmdar.sentinel: [4/4] tile 0003: written (8.3s, 100.0% filled)
2026-09-04 07:01:34,762 INFO farmdar.sentinel: DONE 4 tiles in 0.1 min. dates=['2025-05-14'] out_dir=/home/jovyan/FAO/optimized_code_testing/runs_retest/T4_sprmaize_startat3/2_static_run_1/static_staging vrt=/home/jovyan/FAO/optimized_code_testing/runs_retest/T4_sprmaize_startat3/2_static_run_1/static_staging/static.vrt
2026-09-04 07:01:34,762 INFO static_pipeline: STAC static dates (auto mode): ['2025-05-14'] via window 3 (2025-05-11 to 2025-05-20)
2026-09-04 07:01:34,763 INFO static_classify: Building crop mask | crop_classes=(1, 4, 5, 6, 7) | AOI=/home/jovyan/FAO/optimized_code_testing/test_aois_small/okara_test_data_spr_maize.shp
Building crop mask:   0%|                                                                                                                                                    | 0/4 [00:00<?, ?block/s]Building crop mask:  25%|███████████████████████████████████                                                                                                         | 1/4 [00:00<00:00,  9.20block/s]Building crop mask: 100%|████████████████████████████████████████████████████████████████████████████████████████████████████████████████████████████████████████████| 4/4 [00:00<00:00, 32.26block/s]
2026-09-04 07:01:34,906 INFO static_classify: Crop mask coverage: 439,255 px (18.19% of the AOI)
2026-09-04 07:01:34,912 INFO static_classify: Grid parity verified: crop mask is 1:1 with the static image.
2026-09-04 07:01:34,918 INFO static_classify: Static worker pool = 4  [requested=7; windows=4]
2026-09-04 07:01:34,918 INFO static_classify: Classifying 4 window(s) across 4 worker(s)...
Classifying static image:   0%|                                                                                                                                              | 0/4 [00:00<?, ?block/s]Classifying static image:  25%|█████████████████████████████████▌                                                                                                    | 1/4 [00:12<00:36, 12.00s/block]Classifying static image:  75%|████████████████████████████████████████████████████████████████████████████████████████████████████▌                                 | 3/4 [00:13<00:03,  3.64s/block]Classifying static image: 100%|██████████████████████████████████████████████████████████████████████████████████████████████████████████████████████████████████████| 4/4 [00:25<00:00,  6.63s/block]Classifying static image: 100%|██████████████████████████████████████████████████████████████████████████████████████████████████████████████████████████████████████| 4/4 [00:25<00:00,  6.43s/block]
Loading categorical map for strict sieving: static_mosaic_14_May_2025_Cls.tif
Phase 1: base sieve filter (removing blobs < 20 px)...
Phase 2: enforcing strict topological encapsulation...
Writing topologically-enforced output to disk...
SUCCESS: sieved raster saved to: /home/jovyan/FAO/optimized_code_testing/runs_retest/T4_sprmaize_startat3/2_static_run_1/14_May_2025/static_mosaic_14_May_2025_Cls_sieved_p20.tif
2026-09-04 07:02:01,386 INFO pipeline: Static stage finished in 0.7 min -> /home/jovyan/FAO/optimized_code_testing/runs_retest/T4_sprmaize_startat3/2_static_run_1/14_May_2025/static_mosaic_14_May_2025_Cls_sieved_p20.tif
1. Vectorising target classes [1]...
  -> Extracted 359 raw polygon features.
  -> Pre-filter dropped 44 sub-threshold polygons before clipping.
2. Loading boundary for clipping...
3. Clip to boundary, explode to singlepart...
4. Computing area (EPSG:32642) and filtering (>= 0.5 acres)...
   Retained 315 features, 931.68 acres, label 3015
5. Exporting...
2026-09-04 07:02:01,690 INFO pyogrio._io: Created 315 records
   -> Saved GPKG: /home/jovyan/FAO/optimized_code_testing/runs_retest/T4_sprmaize_startat3/3_vector_run_1/final_output/okara_spr_maize_2025.gpkg
2026-09-04 07:02:01,695 INFO pyogrio._io: Created 315 records
   -> Saved ZIP (Shapefile): /home/jovyan/FAO/optimized_code_testing/runs_retest/T4_sprmaize_startat3/3_vector_run_1/final_output/okara_spr_maize_2025.zip
2026-09-04 07:02:01,825 WARNING qc: RESULT CHECK: The static model kept only 4.8% of the NDVI stage's crop area. That is the signature of a hazy or cloud-contaminated image rather than of a real crop boundary -- re-run from the next window (static_window_start_at) before accepting this.
2026-09-04 07:02:01,825 INFO qc: Result: aoi_acres=51293.1, feature_count=315, crop_acres=931.7, crop_share_of_aoi_pct=1.8, ndvi_crop_pixels=933959, static_crop_pixels=44878, static_retention_pct=4.8 -- 1 warning(s)
2026-09-04 07:02:01,825 INFO pipeline: Pipeline finished in 0.7 min -> /home/jovyan/FAO/optimized_code_testing/runs_retest/T4_sprmaize_startat3/3_vector_run_1/final_output/okara_spr_maize_2025.gpkg

=== RESULT ===
{
  "name": "T4_sprmaize_startat3",
  "status": "ok",
  "started_utc": "2026-09-04T07:01:20Z",
  "config_summary": "crop/year/district : spr_maize / 2025 / okara\nAOI                : /home/jovyan/FAO/optimized_code_testing/test_aois_small/okara_test_data_spr_maize.shp\nNDVI source        : stac\nstatic source      : stac (auto)\nNDVI series window : 2024-12-24 -> 2025-07-17\nNDVI inference     : 2025-01-01 -> 2025-07-15\nstatic window      : 2025-04-20 -> 2025-05-20\nNDVI model         : gs://farmdar_data_catalog/FAO_SPR_MAIZE_MODELS/FAO_Spr_Maize_NDVI_Model/FAO_Spr_Maize_RF_Model.joblib\nstatic model       : gs://farmdar_data_catalog/FAO_SPR_MAIZE_MODELS/FAO_Spr_Maize_Static_IMG_Model/FAO_Spr_Maize_XGB_Static_IMG_Model.json\nmodel cache        : /home/jovyan/.cache/fao_pipeline/models\nrun modes          : ndvi=resume, static=resume, vector=resume\nsieve min pixels   : ndvi=20, static=20",
  "output_dir": "/home/jovyan/FAO/optimized_code_testing/runs_retest/T4_sprmaize_startat3",
  "outcome": {
    "crop": "spr_maize",
    "year": "2025",
    "district": "okara",
    "ndvi_source": "stac",
    "static_source": "stac",
    "output_dir": "/home/jovyan/FAO/optimized_code_testing/runs_retest/T4_sprmaize_startat3",
    "ndvi_run": "1_ndvi_run_1",
    "static_run": "2_static_run_1",
    "vector_run": "3_vector_run_1",
    "sieved_ndvi_raster": "/home/jovyan/FAO/optimized_code_testing/runs_retest/T4_sprmaize_startat3/1_ndvi_run_1/okara_test_data_spr_maize_rf_classification_map_sieved_p20.tif",
    "sieved_static_raster": "/home/jovyan/FAO/optimized_code_testing/runs_retest/T4_sprmaize_startat3/2_static_run_1/14_May_2025/static_mosaic_14_May_2025_Cls_sieved_p20.tif",
    "vector_output": "/home/jovyan/FAO/optimized_code_testing/runs_retest/T4_sprmaize_startat3/3_vector_run_1/final_output/okara_spr_maize_2025.gpkg",
    "ndvi_minutes": 0.0,
    "static_minutes": 0.7,
    "total_minutes": 0.7,
    "result_check": {
      "warnings": [
        "The static model kept only 4.8% of the NDVI stage's crop area. That is the signature of a hazy or cloud-contaminated image rather than of a real crop boundary -- re-run from the next window (static_window_start_at) before accepting this."
      ],
      "aoi_acres": 51293.1,
      "feature_count": 315,
      "crop_acres": 931.7,
      "crop_share_of_aoi_pct": 1.8,
      "ndvi_crop_pixels": 933959,
      "static_crop_pixels": 44878,
      "static_retention_pct": 4.8
    }
  },
  "wall_s": 41.19,
  "resources": {
    "samples": 73,
    "duration_s": 41.2,
    "peak_rss_tree_mb": 25993.7,
    "peak_rss_single_proc_mb": 6294.9,
    "peak_outdir_mb": 51.9,
    "final_outdir_mb": 51.9,
    "tree_read_mb": 0.0,
    "tree_write_mb": 51.59,
    "sys_read_mb": 0.23,
    "sys_write_mb": 34.29,
    "net_recv_mb": 50.37,
    "net_sent_mb": 1.72,
    "stage_peak_rss_mb": {
      "init": 202.8,
      "resolve_models": 0.0,
      "ndvi_stage": 0.0,
      "sieve": 0.0,
      "static_stage": 0.0,
      "static_acquire_stac": 864.2,
      "static_classify": 25993.7,
      "static_crop_mask": 0.0,
      "vector_stage": 837.2
    }
  },
  "finished_utc": "2026-09-04T07:02:01Z"
}
