==============================================================================
crop/year/district : wheat / 2025 / okara
AOI                : /home/jovyan/FAO/optimized_code_testing/test_aois_small/okara_test_data_wheat.shp
NDVI source        : stac
static source      : stac (auto)
NDVI series window : 2024-08-24 -> 2025-07-01
NDVI inference     : 2024-09-01 -> 2025-06-30
static window      : 2025-01-20 -> 2025-03-20
NDVI model         : gs://farmdar_data_catalog/FAO_Wheat_Model_Files/FAO_Wheat_NDVI_Model/FAO_Wheat_RF_Model.joblib
static model       : gs://farmdar_data_catalog/FAO_Wheat_Model_Files/FAO_Wheat_Static_IMG_Model/FAO_Wheat_XGB_Model.json
model cache        : /home/jovyan/.cache/fao_pipeline/models
run modes          : ndvi=resume, static=resume, vector=resume
sieve min pixels   : ndvi=20, static=20
==============================================================================
2026-09-04 08:08:00,548 INFO pipeline: Pipeline configuration:
crop/year/district : wheat / 2025 / okara
AOI                : /home/jovyan/FAO/optimized_code_testing/test_aois_small/okara_test_data_wheat.shp
NDVI source        : stac
static source      : stac (auto)
NDVI series window : 2024-08-24 -> 2025-07-01
NDVI inference     : 2024-09-01 -> 2025-06-30
static window      : 2025-01-20 -> 2025-03-20
NDVI model         : gs://farmdar_data_catalog/FAO_Wheat_Model_Files/FAO_Wheat_NDVI_Model/FAO_Wheat_RF_Model.joblib
static model       : gs://farmdar_data_catalog/FAO_Wheat_Model_Files/FAO_Wheat_Static_IMG_Model/FAO_Wheat_XGB_Model.json
model cache        : /home/jovyan/.cache/fao_pipeline/models
run modes          : ndvi=resume, static=resume, vector=resume
sieve min pixels   : ndvi=20, static=20
2026-09-04 08:08:00,549 INFO run_manager: 1_ndvi: resuming run 1 -> /home/jovyan/FAO/optimized_code_testing/runs_retest/W3_wheat_sindh/1_ndvi_run_1
2026-09-04 08:08:00,549 INFO run_manager: 3_vector: starting run 1 -> /home/jovyan/FAO/optimized_code_testing/runs_retest/W3_wheat_sindh/3_vector_run_1  (no previous output to reuse)
2026-09-04 08:08:00,549 INFO model_registry: ndvi_model: cache hit, using /home/jovyan/.cache/fao_pipeline/models/farmdar_data_catalog/FAO_Wheat_Model_Files/FAO_Wheat_NDVI_Model/FAO_Wheat_RF_Model.joblib
2026-09-04 08:08:00,549 INFO model_registry: static_model: cache hit, using /home/jovyan/.cache/fao_pipeline/models/farmdar_data_catalog/FAO_Wheat_Model_Files/FAO_Wheat_Static_IMG_Model/FAO_Wheat_XGB_Model.json
2026-09-04 08:08:00,549 INFO ndvi_pipeline: [Checkpoint] NDVI classification map already exists: /home/jovyan/FAO/optimized_code_testing/runs_retest/W3_wheat_sindh/1_ndvi_run_1/okara_test_data_wheat_rf_classification_map.tif
[Skipped] Sieved raster already exists at: /home/jovyan/FAO/optimized_code_testing/runs_retest/W3_wheat_sindh/1_ndvi_run_1/okara_test_data_wheat_rf_classification_map_sieved_p20.tif
2026-09-04 08:08:00,549 INFO pipeline: NDVI stage finished in 0.0 min -> /home/jovyan/FAO/optimized_code_testing/runs_retest/W3_wheat_sindh/1_ndvi_run_1/okara_test_data_wheat_rf_classification_map_sieved_p20.tif
2026-09-04 08:08:00,550 INFO run_manager: 2_static: starting run 1 -> /home/jovyan/FAO/optimized_code_testing/runs_retest/W3_wheat_sindh/2_static_run_1  (no previous output to reuse)
2026-09-04 08:08:00,653 INFO farmdar.sentinel: aws-creds: bootstrapped 12-hour session, expires 2026-09-04T20:08:00+00:00
2026-09-04 08:08:02,809 INFO farmdar.sentinel: static: 7 scenes on 6 dates in [2025-02-01, 2025-02-20)
2026-09-04 08:08:06,184 INFO farmdar.sentinel: static: dates=['2025-02-03'] (anchor=2025-02-03) -> 100.00% of AOI usable
2026-09-04 08:08:07,155 INFO farmdar.sentinel: static: 3 scenes on 3 dates in [2025-01-20, 2025-01-31)
2026-09-04 08:08:09,217 INFO farmdar.sentinel: static: dates=['2025-01-29', '2025-01-26'] (anchor=2025-01-29) -> 54.15% of AOI usable
2026-09-04 08:08:09,217 WARNING farmdar.sentinel: static: 54.15% AOI coverage with 2 date(s); raise n_dates to fill the rest
2026-09-04 08:08:10,270 INFO farmdar.sentinel: static: 2 scenes on 2 dates in [2025-02-21, 2025-02-28)
2026-09-04 08:08:12,143 INFO farmdar.sentinel: static: dates=['2025-02-23'] (anchor=2025-02-23) -> 100.00% of AOI usable
2026-09-04 08:08:12,144 INFO static_pipeline: Window scores (3 of 3 window(s) scored):
2026-09-04 08:08:12,144 INFO static_pipeline:   window 1 (2025-02-01 to 2025-02-20): ['2025-02-03'] -> 100.0% of AOI usable
2026-09-04 08:08:12,144 INFO static_pipeline:   window 2 (2025-01-20 to 2025-01-31): ['2025-01-29', '2025-01-26'] -> 54.1% of AOI usable
2026-09-04 08:08:12,144 INFO static_pipeline:   window 3 (2025-02-21 to 2025-02-28): ['2025-02-23'] -> 100.0% of AOI usable
2026-09-04 08:08:12,144 INFO static_pipeline: Coverage spread across the scored windows: 54.1%-100.0%. The chosen date, not just the code, determines the acreage reported.
2026-09-04 08:08:12,144 INFO static_pipeline: Chose window 1 (2025-02-01 to 2025-02-20) at 100.0% (floor 80%).
2026-09-04 08:08:12,147 INFO farmdar.sentinel: AOI -> 4 tiles @ 10m (tile=0.10deg, bands=['blue', 'green', 'red', 'rededge1', 'nir', 'ndvi'], dates=['2025-02-03'], 8 workers)
2026-09-04 08:08:16,964 INFO farmdar.sentinel: [1/4] tile 0002: written (4.2s, 100.0% filled)
2026-09-04 08:08:18,226 INFO farmdar.sentinel: [2/4] tile 0004: written (5.5s, 100.0% filled)
2026-09-04 08:08:20,701 INFO farmdar.sentinel: [3/4] tile 0003: written (8.3s, 100.0% filled)
2026-09-04 08:08:20,702 INFO farmdar.sentinel: [4/4] tile 0001: written (8.3s, 100.0% filled)
2026-09-04 08:08:20,734 INFO farmdar.sentinel: DONE 4 tiles in 0.1 min. dates=['2025-02-03'] out_dir=/home/jovyan/FAO/optimized_code_testing/runs_retest/W3_wheat_sindh/2_static_run_1/static_staging vrt=/home/jovyan/FAO/optimized_code_testing/runs_retest/W3_wheat_sindh/2_static_run_1/static_staging/static.vrt
2026-09-04 08:08:20,734 INFO static_pipeline: STAC static dates (auto mode): ['2025-02-03'] via window 1 (2025-02-01 to 2025-02-20)
2026-09-04 08:08:20,734 INFO static_classify: Building crop mask | crop_classes=(14,) | AOI=/home/jovyan/FAO/optimized_code_testing/test_aois_small/okara_test_data_wheat.shp
Building crop mask:   0%|                                                                                                                                                    | 0/4 [00:00<?, ?block/s]Building crop mask:  25%|███████████████████████████████████                                                                                                         | 1/4 [00:00<00:00,  8.18block/s]Building crop mask: 100%|████████████████████████████████████████████████████████████████████████████████████████████████████████████████████████████████████████████| 4/4 [00:00<00:00, 28.60block/s]
2026-09-04 08:08:20,894 INFO static_classify: Crop mask coverage: 1,407,169 px (58.28% of the AOI)
2026-09-04 08:08:20,900 INFO static_classify: Grid parity verified: crop mask is 1:1 with the static image.
2026-09-04 08:08:20,906 INFO static_classify: Static worker pool = 4  [requested=7; windows=4]
2026-09-04 08:08:20,906 INFO static_classify: Classifying 4 window(s) across 4 worker(s)...
Classifying static image:   0%|                                                                                                                                              | 0/4 [00:00<?, ?block/s]Classifying static image:  25%|█████████████████████████████████▌                                                                                                    | 1/4 [00:01<00:03,  1.10s/block]Classifying static image:  50%|███████████████████████████████████████████████████████████████████                                                                   | 2/4 [00:01<00:01,  1.75block/s]Classifying static image:  75%|████████████████████████████████████████████████████████████████████████████████████████████████████▌                                 | 3/4 [00:01<00:00,  2.63block/s]Classifying static image: 100%|██████████████████████████████████████████████████████████████████████████████████████████████████████████████████████████████████████| 4/4 [00:03<00:00,  1.04block/s]Classifying static image: 100%|██████████████████████████████████████████████████████████████████████████████████████████████████████████████████████████████████████| 4/4 [00:03<00:00,  1.21block/s]
Loading categorical map for strict sieving: static_mosaic_03_Feb_2025_Cls.tif
Phase 1: base sieve filter (removing blobs < 20 px)...
Phase 2: enforcing strict topological encapsulation...
Writing topologically-enforced output to disk...
SUCCESS: sieved raster saved to: /home/jovyan/FAO/optimized_code_testing/runs_retest/W3_wheat_sindh/2_static_run_1/03_Feb_2025/static_mosaic_03_Feb_2025_Cls_sieved_p20.tif
2026-09-04 08:08:24,823 INFO pipeline: Static stage finished in 0.4 min -> /home/jovyan/FAO/optimized_code_testing/runs_retest/W3_wheat_sindh/2_static_run_1/03_Feb_2025/static_mosaic_03_Feb_2025_Cls_sieved_p20.tif
1. Vectorising target classes [1]...
  -> Extracted 2,789 raw polygon features.
  -> Pre-filter dropped 223 sub-threshold polygons before clipping.
2. Loading boundary for clipping...
3. Clip to boundary, explode to singlepart...
4. Computing area (EPSG:32642) and filtering (>= 0.5 acres)...
   Retained 2,565 features, 15,750.77 acres, label 14
5. Exporting...
2026-09-04 08:08:25,495 INFO pyogrio._io: Created 2,565 records
   -> Saved GPKG: /home/jovyan/FAO/optimized_code_testing/runs_retest/W3_wheat_sindh/3_vector_run_1/final_output/okara_wheat_2025.gpkg
2026-09-04 08:08:25,519 INFO pyogrio._io: Created 2,565 records
   -> Saved ZIP (Shapefile): /home/jovyan/FAO/optimized_code_testing/runs_retest/W3_wheat_sindh/3_vector_run_1/final_output/okara_wheat_2025.zip
2026-09-04 08:08:25,735 INFO qc: Result: aoi_acres=51293.1, feature_count=2565, crop_acres=15750.8, crop_share_of_aoi_pct=30.7, ndvi_crop_pixels=2889629, static_crop_pixels=747796, static_retention_pct=25.9
2026-09-04 08:08:25,737 INFO pipeline: Pipeline finished in 0.4 min -> /home/jovyan/FAO/optimized_code_testing/runs_retest/W3_wheat_sindh/3_vector_run_1/final_output/okara_wheat_2025.gpkg

=== RESULT ===
{
  "name": "W3_wheat_sindh",
  "status": "ok",
  "started_utc": "2026-09-04T08:08:00Z",
  "config_summary": "crop/year/district : wheat / 2025 / okara\nAOI                : /home/jovyan/FAO/optimized_code_testing/test_aois_small/okara_test_data_wheat.shp\nNDVI source        : stac\nstatic source      : stac (auto)\nNDVI series window : 2024-08-24 -> 2025-07-01\nNDVI inference     : 2024-09-01 -> 2025-06-30\nstatic window      : 2025-01-20 -> 2025-03-20\nNDVI model         : gs://farmdar_data_catalog/FAO_Wheat_Model_Files/FAO_Wheat_NDVI_Model/FAO_Wheat_RF_Model.joblib\nstatic model       : gs://farmdar_data_catalog/FAO_Wheat_Model_Files/FAO_Wheat_Static_IMG_Model/FAO_Wheat_XGB_Model.json\nmodel cache        : /home/jovyan/.cache/fao_pipeline/models\nrun modes          : ndvi=resume, static=resume, vector=resume\nsieve min pixels   : ndvi=20, static=20",
  "output_dir": "/home/jovyan/FAO/optimized_code_testing/runs_retest/W3_wheat_sindh",
  "outcome": {
    "crop": "wheat",
    "year": "2025",
    "district": "okara",
    "ndvi_source": "stac",
    "static_source": "stac",
    "output_dir": "/home/jovyan/FAO/optimized_code_testing/runs_retest/W3_wheat_sindh",
    "ndvi_run": "1_ndvi_run_1",
    "static_run": "2_static_run_1",
    "vector_run": "3_vector_run_1",
    "sieved_ndvi_raster": "/home/jovyan/FAO/optimized_code_testing/runs_retest/W3_wheat_sindh/1_ndvi_run_1/okara_test_data_wheat_rf_classification_map_sieved_p20.tif",
    "sieved_static_raster": "/home/jovyan/FAO/optimized_code_testing/runs_retest/W3_wheat_sindh/2_static_run_1/03_Feb_2025/static_mosaic_03_Feb_2025_Cls_sieved_p20.tif",
    "vector_output": "/home/jovyan/FAO/optimized_code_testing/runs_retest/W3_wheat_sindh/3_vector_run_1/final_output/okara_wheat_2025.gpkg",
    "ndvi_minutes": 0.0,
    "static_minutes": 0.4,
    "total_minutes": 0.4,
    "result_check": {
      "warnings": [],
      "aoi_acres": 51293.1,
      "feature_count": 2565,
      "crop_acres": 15750.8,
      "crop_share_of_aoi_pct": 30.7,
      "ndvi_crop_pixels": 2889629,
      "static_crop_pixels": 747796,
      "static_retention_pct": 25.9
    }
  },
  "wall_s": 25.19,
  "resources": {
    "samples": 43,
    "duration_s": 25.2,
    "peak_rss_tree_mb": 2223.7,
    "peak_rss_single_proc_mb": 890.1,
    "peak_outdir_mb": 14.3,
    "final_outdir_mb": 1.0,
    "tree_read_mb": 0.0,
    "tree_write_mb": 61.21,
    "sys_read_mb": 0.0,
    "sys_write_mb": 1.26,
    "net_recv_mb": 55.65,
    "net_sent_mb": 0.88,
    "stage_peak_rss_mb": {
      "resolve_models": 0.0,
      "ndvi_stage": 0.0,
      "sieve": 864.7,
      "static_stage": 0.0,
      "static_acquire_stac": 890.1,
      "static_classify": 2223.7,
      "static_crop_mask": 0.0,
      "vector_stage": 865.5,
      "pipeline": 868.0
    }
  },
  "finished_utc": "2026-09-04T08:08:25Z"
}
