==============================================================================
crop/year/district : cane / 2025 / okara
AOI                : /home/jovyan/FAO/optimized_code_testing/test_aois_small/okara_test_data_cane.shp
NDVI source        : stac
static source      : stac (manual)
NDVI series window : 2024-12-24 -> 2025-11-17
NDVI inference     : 2025-01-01 -> 2025-11-15
static window      : 2025-10-15 -> 2025-11-25
NDVI model         : gs://farmdar_data_catalog/fao_cane_model_file/fao_cane_rf_model.joblib
static model       : gs://farmdar_data_catalog/fao_cane_model_file/fao_cane_xgb_model.json
model cache        : /home/jovyan/.cache/fao_pipeline/models
run modes          : ndvi=new, static=new, vector=new
sieve min pixels   : ndvi=20, static=20
==============================================================================
2026-09-04 08:09:34,711 INFO pipeline: Pipeline configuration:
crop/year/district : cane / 2025 / okara
AOI                : /home/jovyan/FAO/optimized_code_testing/test_aois_small/okara_test_data_cane.shp
NDVI source        : stac
static source      : stac (manual)
NDVI series window : 2024-12-24 -> 2025-11-17
NDVI inference     : 2025-01-01 -> 2025-11-15
static window      : 2025-10-15 -> 2025-11-25
NDVI model         : gs://farmdar_data_catalog/fao_cane_model_file/fao_cane_rf_model.joblib
static model       : gs://farmdar_data_catalog/fao_cane_model_file/fao_cane_xgb_model.json
model cache        : /home/jovyan/.cache/fao_pipeline/models
run modes          : ndvi=new, static=new, vector=new
sieve min pixels   : ndvi=20, static=20
2026-09-04 08:09:34,712 INFO run_manager: 1_ndvi: starting run 1 -> /home/jovyan/FAO/optimized_code_testing/runs_retest/W5_cane_fresh_1016/1_ndvi_run_1  (no previous output to reuse)
2026-09-04 08:09:34,712 INFO run_manager: 3_vector: starting run 1 -> /home/jovyan/FAO/optimized_code_testing/runs_retest/W5_cane_fresh_1016/3_vector_run_1  (no previous output to reuse)
2026-09-04 08:09:34,712 INFO model_registry: ndvi_model: cache hit, using /home/jovyan/.cache/fao_pipeline/models/farmdar_data_catalog/fao_cane_model_file/fao_cane_rf_model.joblib
2026-09-04 08:09:34,712 INFO model_registry: static_model: cache hit, using /home/jovyan/.cache/fao_pipeline/models/farmdar_data_catalog/fao_cane_model_file/fao_cane_xgb_model.json
2026-09-04 08:09:34,731 INFO ndvi_pipeline: STAC acquisition: ~4 tile(s), 4 in flight, estimated peak 5.8 GiB of 32.7 GiB budget
2026-09-04 08:09:34,802 INFO farmdar.sentinel: aws-creds: bootstrapped 12-hour session, expires 2026-09-04T20:09:34+00:00
2026-09-04 08:09:34,863 INFO farmdar.sentinel: AOI -> 4 tiles @ 10m (tile=0.10deg, bands=['red', 'nir'], 8 workers)
/opt/gis/lib/python3.11/site-packages/rasterio/warp.py:387: NotGeoreferencedWarning: Dataset has no geotransform, gcps, or rpcs. The identity matrix will be returned.
  dest = _reproject(
2026-09-04 08:11:37,572 INFO farmdar.sentinel: [1/4] tile 0002: written (121.2s)
2026-09-04 08:11:52,574 INFO farmdar.sentinel: [2/4] tile 0001: written (136.2s)
2026-09-04 08:12:37,421 INFO farmdar.sentinel: [3/4] tile 0004: written (181.1s)
2026-09-04 08:12:52,674 INFO farmdar.sentinel: [4/4] tile 0003: written (196.7s)
2026-09-04 08:12:52,675 INFO farmdar.sentinel: DONE 4 tiles in 3.3 min. out_dir=/home/jovyan/FAO/optimized_code_testing/runs_retest/W5_cane_fresh_1016/1_ndvi_run_1/raw_ndvi_tiles vrt=None
2026-09-04 08:12:52,676 INFO ndvi_pipeline: STAC acquisition took 3.3 min for 4 tile(s) -- 2.6 min/tile (mean of farmdar's per-tile durations).
2026-09-04 08:12:52,676 INFO ndvi_pipeline: Running RF inference over 4 tile(s) on 4 worker(s)...
NDVI tiles:   0%|                                                                                                                                                               | 0/4 [00:00<?, ?it/s]NDVI tiles:  25%|█████████████████████████████████████▊                                                                                                                 | 1/4 [00:30<01:30, 30.04s/it]NDVI tiles:  50%|███████████████████████████████████████████████████████████████████████████▌                                                                           | 2/4 [00:31<00:25, 12.97s/it]NDVI tiles: 100%|███████████████████████████████████████████████████████████████████████████████████████████████████████████████████████████████████████████████████████| 4/4 [00:31<00:00,  4.90s/it]NDVI tiles: 100%|███████████████████████████████████████████████████████████████████████████████████████████████████████████████████████████████████████████████████████| 4/4 [00:31<00:00,  7.81s/it]
2026-09-04 08:13:24,174 INFO raster_io: Mosaicking 4 raster(s) -> okara_test_data_cane_rf_classification_map.tif
Warning 1: PROJ: proj_create_from_database: Open of /opt/gis/share/proj failed
Warning 1: PROJ: proj_create_from_name: Open of /opt/gis/share/proj failed
Warning 1: PROJ: proj_create_from_database: Open of /opt/gis/share/proj failed
Warning 1: PROJ: proj_create_from_name: Open of /opt/gis/share/proj failed
Warning 1: PROJ: proj_create_from_database: Open of /opt/gis/share/proj failed
Warning 1: PROJ: proj_create_from_name: Open of /opt/gis/share/proj failed
Warning 1: PROJ: proj_create_from_database: Open of /opt/gis/share/proj failed
Warning 1: PROJ: proj_create_from_name: Open of /opt/gis/share/proj failed
ERROR 1: PROJ: proj_create_from_name: Open of /opt/gis/share/proj failed
Warning 1: PROJ: proj_create_from_name: Open of /opt/gis/share/proj failed
Warning 1: PROJ: proj_create_from_database: Open of /opt/gis/share/proj failed
Warning 1: PROJ: proj_create_from_name: Open of /opt/gis/share/proj failed
Warning 1: PROJ: proj_create_from_database: Open of /opt/gis/share/proj failed
Warning 1: PROJ: proj_create_from_name: Open of /opt/gis/share/proj failed
Warning 1: PROJ: proj_create_from_database: Open of /opt/gis/share/proj failed
Warning 1: PROJ: proj_create_from_name: Open of /opt/gis/share/proj failed
Warning 1: PROJ: proj_create_from_database: Open of /opt/gis/share/proj failed
Warning 1: PROJ: proj_create_from_name: Open of /opt/gis/share/proj failed
Loading categorical map for strict sieving: okara_test_data_cane_rf_classification_map.tif
Phase 1: base sieve filter (removing blobs < 20 px)...
Phase 2: enforcing strict topological encapsulation...
Writing topologically-enforced output to disk...
SUCCESS: sieved raster saved to: /home/jovyan/FAO/optimized_code_testing/runs_retest/W5_cane_fresh_1016/1_ndvi_run_1/okara_test_data_cane_rf_classification_map_sieved_p20.tif
2026-09-04 08:13:24,733 INFO pipeline: NDVI stage finished in 3.8 min -> /home/jovyan/FAO/optimized_code_testing/runs_retest/W5_cane_fresh_1016/1_ndvi_run_1/okara_test_data_cane_rf_classification_map_sieved_p20.tif
2026-09-04 08:13:24,734 INFO run_manager: 2_static: starting run 1 -> /home/jovyan/FAO/optimized_code_testing/runs_retest/W5_cane_fresh_1016/2_static_run_1  (no previous output to reuse)
2026-09-04 08:13:24,737 INFO farmdar.sentinel: AOI -> 4 tiles @ 10m (tile=0.10deg, bands=['blue', 'green', 'red', 'rededge1', 'nir', 'ndvi'], dates=['2025-10-16'], 8 workers)
2026-09-04 08:13:28,798 INFO farmdar.sentinel: [1/4] tile 0002: written (3.8s, 100.0% filled)
2026-09-04 08:13:32,540 INFO farmdar.sentinel: [2/4] tile 0004: written (6.0s, 100.0% filled)
2026-09-04 08:13:32,542 INFO farmdar.sentinel: [3/4] tile 0003: written (7.6s, 100.0% filled)
2026-09-04 08:13:32,542 INFO farmdar.sentinel: [4/4] tile 0001: written (7.6s, 100.0% filled)
2026-09-04 08:13:32,574 INFO farmdar.sentinel: DONE 4 tiles in 0.1 min. dates=['2025-10-16'] out_dir=/home/jovyan/FAO/optimized_code_testing/runs_retest/W5_cane_fresh_1016/2_static_run_1/static_staging vrt=/home/jovyan/FAO/optimized_code_testing/runs_retest/W5_cane_fresh_1016/2_static_run_1/static_staging/static.vrt
2026-09-04 08:13:32,575 INFO static_pipeline: STAC static dates (manual mode): ['2025-10-16']
2026-09-04 08:13:32,575 WARNING static_pipeline: Manual static dates: 2025-10-16 is the ANCHOR (layered on top and used as the radiometric reference). Put the date with the best AOI coverage first -- chronological order is not automatically correct.
2026-09-04 08:13:32,575 INFO static_classify: Building crop mask | crop_classes=(1,) | AOI=/home/jovyan/FAO/optimized_code_testing/test_aois_small/okara_test_data_cane.shp
Building crop mask:   0%|                                                                                                                                                    | 0/4 [00:00<?, ?block/s]Building crop mask:  25%|███████████████████████████████████                                                                                                         | 1/4 [00:00<00:00,  9.76block/s]Building crop mask: 100%|████████████████████████████████████████████████████████████████████████████████████████████████████████████████████████████████████████████| 4/4 [00:00<00:00, 34.12block/s]
2026-09-04 08:13:32,710 INFO static_classify: Crop mask coverage: 153,043 px (6.34% of the AOI)
2026-09-04 08:13:32,716 INFO static_classify: Grid parity verified: crop mask is 1:1 with the static image.
2026-09-04 08:13:32,722 INFO static_classify: Static worker pool = 4  [requested=7; windows=4]
2026-09-04 08:13:32,722 INFO static_classify: Classifying 4 window(s) across 4 worker(s)...
Classifying static image:   0%|                                                                                                                                              | 0/4 [00:00<?, ?block/s]Classifying static image:  25%|█████████████████████████████████▌                                                                                                    | 1/4 [00:01<00:05,  1.77s/block]Classifying static image:  75%|████████████████████████████████████████████████████████████████████████████████████████████████████▌                                 | 3/4 [00:01<00:00,  1.84block/s]Classifying static image: 100%|██████████████████████████████████████████████████████████████████████████████████████████████████████████████████████████████████████| 4/4 [00:03<00:00,  1.01s/block]Classifying static image: 100%|██████████████████████████████████████████████████████████████████████████████████████████████████████████████████████████████████████| 4/4 [00:03<00:00,  1.03block/s]
Loading categorical map for strict sieving: static_mosaic_16_Oct_2025_Cls.tif
Phase 1: base sieve filter (removing blobs < 20 px)...
Phase 2: enforcing strict topological encapsulation...
Writing topologically-enforced output to disk...
SUCCESS: sieved raster saved to: /home/jovyan/FAO/optimized_code_testing/runs_retest/W5_cane_fresh_1016/2_static_run_1/16_Oct_2025/static_mosaic_16_Oct_2025_Cls_sieved_p20.tif
2026-09-04 08:13:37,228 INFO pipeline: Static stage finished in 0.2 min -> /home/jovyan/FAO/optimized_code_testing/runs_retest/W5_cane_fresh_1016/2_static_run_1/16_Oct_2025/static_mosaic_16_Oct_2025_Cls_sieved_p20.tif
1. Vectorising target classes [1]...
  -> Extracted 1,101 raw polygon features.
  -> Pre-filter dropped 175 sub-threshold polygons before clipping.
2. Loading boundary for clipping...
3. Clip to boundary, explode to singlepart...
4. Computing area (EPSG:32642) and filtering (>= 0.5 acres)...
   Retained 926 features, 2,184.67 acres, label 1
5. Exporting...
2026-09-04 08:13:37,624 INFO pyogrio._io: Created 926 records
   -> Saved GPKG: /home/jovyan/FAO/optimized_code_testing/runs_retest/W5_cane_fresh_1016/3_vector_run_1/final_output/okara_cane_2025.gpkg
2026-09-04 08:13:37,633 INFO pyogrio._io: Created 926 records
   -> Saved ZIP (Shapefile): /home/jovyan/FAO/optimized_code_testing/runs_retest/W5_cane_fresh_1016/3_vector_run_1/final_output/okara_cane_2025.zip
2026-09-04 08:13:37,793 INFO qc: Result: aoi_acres=51293.1, feature_count=926, crop_acres=2184.7, crop_share_of_aoi_pct=4.3, ndvi_crop_pixels=245245, static_crop_pixels=106793, static_retention_pct=43.5
2026-09-04 08:13:37,794 INFO pipeline: Pipeline finished in 4.1 min -> /home/jovyan/FAO/optimized_code_testing/runs_retest/W5_cane_fresh_1016/3_vector_run_1/final_output/okara_cane_2025.gpkg

=== RESULT ===
{
  "name": "W5_cane_fresh_1016",
  "status": "ok",
  "started_utc": "2026-09-04T08:09:34Z",
  "config_summary": "crop/year/district : cane / 2025 / okara\nAOI                : /home/jovyan/FAO/optimized_code_testing/test_aois_small/okara_test_data_cane.shp\nNDVI source        : stac\nstatic source      : stac (manual)\nNDVI series window : 2024-12-24 -> 2025-11-17\nNDVI inference     : 2025-01-01 -> 2025-11-15\nstatic window      : 2025-10-15 -> 2025-11-25\nNDVI model         : gs://farmdar_data_catalog/fao_cane_model_file/fao_cane_rf_model.joblib\nstatic model       : gs://farmdar_data_catalog/fao_cane_model_file/fao_cane_xgb_model.json\nmodel cache        : /home/jovyan/.cache/fao_pipeline/models\nrun modes          : ndvi=new, static=new, vector=new\nsieve min pixels   : ndvi=20, static=20",
  "output_dir": "/home/jovyan/FAO/optimized_code_testing/runs_retest/W5_cane_fresh_1016",
  "outcome": {
    "crop": "cane",
    "year": "2025",
    "district": "okara",
    "ndvi_source": "stac",
    "static_source": "stac",
    "output_dir": "/home/jovyan/FAO/optimized_code_testing/runs_retest/W5_cane_fresh_1016",
    "ndvi_run": "1_ndvi_run_1",
    "static_run": "2_static_run_1",
    "vector_run": "3_vector_run_1",
    "sieved_ndvi_raster": "/home/jovyan/FAO/optimized_code_testing/runs_retest/W5_cane_fresh_1016/1_ndvi_run_1/okara_test_data_cane_rf_classification_map_sieved_p20.tif",
    "sieved_static_raster": "/home/jovyan/FAO/optimized_code_testing/runs_retest/W5_cane_fresh_1016/2_static_run_1/16_Oct_2025/static_mosaic_16_Oct_2025_Cls_sieved_p20.tif",
    "vector_output": "/home/jovyan/FAO/optimized_code_testing/runs_retest/W5_cane_fresh_1016/3_vector_run_1/final_output/okara_cane_2025.gpkg",
    "ndvi_minutes": 3.8,
    "static_minutes": 0.2,
    "total_minutes": 4.1,
    "result_check": {
      "warnings": [],
      "aoi_acres": 51293.1,
      "feature_count": 926,
      "crop_acres": 2184.7,
      "crop_share_of_aoi_pct": 4.3,
      "ndvi_crop_pixels": 245245,
      "static_crop_pixels": 106793,
      "static_retention_pct": 43.5
    }
  },
  "wall_s": 243.08,
  "resources": {
    "samples": 294,
    "duration_s": 243.1,
    "peak_rss_tree_mb": 6776.6,
    "peak_rss_single_proc_mb": 6161.8,
    "peak_outdir_mb": 645.9,
    "final_outdir_mb": 54.3,
    "tree_read_mb": 0.0,
    "tree_write_mb": 957.05,
    "sys_read_mb": 0.12,
    "sys_write_mb": 673.22,
    "net_recv_mb": 2029.0,
    "net_sent_mb": 22.8,
    "stage_peak_rss_mb": {
      "init": 203.0,
      "resolve_models": 0.0,
      "ndvi_stage": 6776.6,
      "ndvi_acquire_stac": 6161.8,
      "ndvi_mosaic": 0.0,
      "sieve": 3738.9,
      "static_stage": 0.0,
      "static_acquire_stac": 3785.3,
      "static_classify": 6011.9,
      "static_crop_mask": 0.0,
      "vector_stage": 3741.9
    }
  },
  "finished_utc": "2026-09-04T08:13:37Z"
}
