==============================================================================
crop/year/district : cane / 2025 / okara
AOI                : /home/jovyan/FAO/optimized_code_testing/test_aois_small/okara_nocane_block.shp
NDVI source        : stac
static source      : stac (auto)
NDVI series window : 2024-12-24 -> 2025-11-17
NDVI inference     : 2025-01-01 -> 2025-11-15
static window      : 2025-10-15 -> 2025-11-25
NDVI model         : gs://farmdar_data_catalog/fao_cane_model_file/fao_cane_rf_model.joblib
static model       : gs://farmdar_data_catalog/fao_cane_model_file/fao_cane_xgb_model.json
model cache        : /home/jovyan/.cache/fao_pipeline/models
run modes          : ndvi=resume, static=resume, vector=resume
sieve min pixels   : ndvi=20, static=20
==============================================================================
2026-09-04 06:57:00,682 INFO pipeline: Pipeline configuration:
crop/year/district : cane / 2025 / okara
AOI                : /home/jovyan/FAO/optimized_code_testing/test_aois_small/okara_nocane_block.shp
NDVI source        : stac
static source      : stac (auto)
NDVI series window : 2024-12-24 -> 2025-11-17
NDVI inference     : 2025-01-01 -> 2025-11-15
static window      : 2025-10-15 -> 2025-11-25
NDVI model         : gs://farmdar_data_catalog/fao_cane_model_file/fao_cane_rf_model.joblib
static model       : gs://farmdar_data_catalog/fao_cane_model_file/fao_cane_xgb_model.json
model cache        : /home/jovyan/.cache/fao_pipeline/models
run modes          : ndvi=resume, static=resume, vector=resume
sieve min pixels   : ndvi=20, static=20
2026-09-04 06:57:00,682 INFO run_manager: 1_ndvi: starting run 1 -> /home/jovyan/FAO/optimized_code_testing/runs_retest/Z1_nocane_empty/1_ndvi_run_1  (no previous output to reuse)
2026-09-04 06:57:00,682 INFO run_manager: 3_vector: starting run 1 -> /home/jovyan/FAO/optimized_code_testing/runs_retest/Z1_nocane_empty/3_vector_run_1  (no previous output to reuse)
2026-09-04 06:57:00,682 INFO model_registry: ndvi_model: cache hit, using /home/jovyan/.cache/fao_pipeline/models/farmdar_data_catalog/fao_cane_model_file/fao_cane_rf_model.joblib
2026-09-04 06:57:00,682 INFO model_registry: static_model: cache hit, using /home/jovyan/.cache/fao_pipeline/models/farmdar_data_catalog/fao_cane_model_file/fao_cane_xgb_model.json
2026-09-04 06:57:00,701 INFO ndvi_pipeline: STAC acquisition: ~1 tile(s), 1 in flight, estimated peak 1.5 GiB of 32.9 GiB budget
2026-09-04 06:57:00,786 INFO farmdar.sentinel: aws-creds: bootstrapped 12-hour session, expires 2026-09-04T18:57:00+00:00
2026-09-04 06:57:00,846 INFO farmdar.sentinel: AOI -> 1 tiles @ 10m (tile=0.10deg, bands=['red', 'nir'], 8 workers)
/opt/gis/lib/python3.11/site-packages/rasterio/warp.py:387: NotGeoreferencedWarning: Dataset has no geotransform, gcps, or rpcs. The identity matrix will be returned.
  dest = _reproject(
2026-09-04 06:58:54,818 INFO farmdar.sentinel: [1/1] tile 0001: written (112.5s)
2026-09-04 06:58:54,819 INFO farmdar.sentinel: DONE 1 tiles in 1.9 min. out_dir=/home/jovyan/FAO/optimized_code_testing/runs_retest/Z1_nocane_empty/1_ndvi_run_1/raw_ndvi_tiles vrt=None
2026-09-04 06:58:54,819 INFO ndvi_pipeline: STAC acquisition took 1.9 min for 1 tile(s) (1.9 min/tile).
2026-09-04 06:58:54,819 INFO ndvi_pipeline: Running RF inference over 1 tile(s) on 1 worker(s)...
NDVI tiles:   0%|                                                                                                                                                               | 0/1 [00:00<?, ?it/s]NDVI tiles: 100%|███████████████████████████████████████████████████████████████████████████████████████████████████████████████████████████████████████████████████████| 1/1 [00:30<00:00, 30.03s/it]NDVI tiles: 100%|███████████████████████████████████████████████████████████████████████████████████████████████████████████████████████████████████████████████████████| 1/1 [00:30<00:00, 30.03s/it]
2026-09-04 06:59:25,007 INFO raster_io: Mosaicking 1 raster(s) -> okara_nocane_block_rf_classification_map.tif
Warning 1: PROJ: proj_create_from_database: Open of /opt/gis/share/proj failed
Warning 1: PROJ: proj_create_from_name: Open of /opt/gis/share/proj failed
Warning 1: PROJ: proj_create_from_database: Open of /opt/gis/share/proj failed
Warning 1: PROJ: proj_create_from_name: Open of /opt/gis/share/proj failed
ERROR 1: PROJ: proj_create_from_name: Open of /opt/gis/share/proj failed
Warning 1: PROJ: proj_create_from_name: Open of /opt/gis/share/proj failed
Loading categorical map for strict sieving: okara_nocane_block_rf_classification_map.tif
Phase 1: base sieve filter (removing blobs < 20 px)...
Phase 2: enforcing strict topological encapsulation...
Writing topologically-enforced output to disk...
SUCCESS: sieved raster saved to: /home/jovyan/FAO/optimized_code_testing/runs_retest/Z1_nocane_empty/1_ndvi_run_1/okara_nocane_block_rf_classification_map_sieved_p20.tif
2026-09-04 06:59:25,313 INFO pipeline: NDVI stage finished in 2.4 min -> /home/jovyan/FAO/optimized_code_testing/runs_retest/Z1_nocane_empty/1_ndvi_run_1/okara_nocane_block_rf_classification_map_sieved_p20.tif
2026-09-04 06:59:25,313 INFO run_manager: 2_static: starting run 1 -> /home/jovyan/FAO/optimized_code_testing/runs_retest/Z1_nocane_empty/2_static_run_1  (no previous output to reuse)
2026-09-04 06:59:26,393 INFO farmdar.sentinel: static: 4 scenes on 4 dates in [2025-11-07, 2025-11-15)
2026-09-04 06:59:27,966 INFO farmdar.sentinel: static: dates=['2025-11-07'] (anchor=2025-11-07) -> 100.00% of AOI usable
2026-09-04 06:59:29,027 INFO farmdar.sentinel: static: 3 scenes on 2 dates in [2025-11-01, 2025-11-06)
2026-09-04 06:59:31,067 INFO farmdar.sentinel: static: dates=['2025-11-05'] (anchor=2025-11-05) -> 100.00% of AOI usable
2026-09-04 06:59:32,148 INFO farmdar.sentinel: static: 7 scenes on 7 dates in [2025-10-15, 2025-10-31)
2026-09-04 06:59:33,796 INFO farmdar.sentinel: static: dates=['2025-10-16'] (anchor=2025-10-16) -> 100.00% of AOI usable
2026-09-04 06:59:34,745 INFO farmdar.sentinel: static: 4 scenes on 3 dates in [2025-11-16, 2025-11-25)
2026-09-04 06:59:36,931 INFO farmdar.sentinel: static: dates=['2025-11-17'] (anchor=2025-11-17) -> 100.00% of AOI usable
2026-09-04 06:59:36,931 INFO static_pipeline: Window scores (best-first by preference):
2026-09-04 06:59:36,931 INFO static_pipeline:   window 1 (2025-11-07 to 2025-11-15): ['2025-11-07'] -> 100.0% of AOI usable
2026-09-04 06:59:36,931 INFO static_pipeline:   window 2 (2025-11-01 to 2025-11-06): ['2025-11-05'] -> 100.0% of AOI usable
2026-09-04 06:59:36,931 INFO static_pipeline:   window 3 (2025-10-15 to 2025-10-31): ['2025-10-16'] -> 100.0% of AOI usable
2026-09-04 06:59:36,931 INFO static_pipeline:   window 4 (2025-11-16 to 2025-11-25): ['2025-11-17'] -> 100.0% of AOI usable
2026-09-04 06:59:36,931 INFO static_pipeline: Chose window 1 (2025-11-07 to 2025-11-15) at 100.0% (floor 80%).
2026-09-04 06:59:36,934 INFO farmdar.sentinel: AOI -> 1 tiles @ 10m (tile=0.10deg, bands=['blue', 'green', 'red', 'rededge1', 'nir', 'ndvi'], dates=['2025-11-07'], 8 workers)
2026-09-04 06:59:44,757 INFO farmdar.sentinel: s2-cache MISS seeded S2C_MSIL2A_20251107T054041_R005_T43RCQ_20251107T093011/B05 (33331477 bytes)
2026-09-04 07:00:00,716 INFO farmdar.sentinel: s2-cache MISS seeded S2C_MSIL2A_20251107T054041_R005_T43RCQ_20251107T093011/B03 (125961624 bytes)
2026-09-04 07:00:04,660 INFO farmdar.sentinel: s2-cache MISS seeded S2C_MSIL2A_20251107T054041_R005_T43RCQ_20251107T093011/B02 (127749691 bytes)
2026-09-04 07:00:08,217 INFO farmdar.sentinel: [1/1] tile 0001: written (30.7s, 99.77% filled)
2026-09-04 07:00:08,247 INFO farmdar.sentinel: DONE 1 tiles in 0.5 min. dates=['2025-11-07'] out_dir=/home/jovyan/FAO/optimized_code_testing/runs_retest/Z1_nocane_empty/2_static_run_1/static_staging vrt=/home/jovyan/FAO/optimized_code_testing/runs_retest/Z1_nocane_empty/2_static_run_1/static_staging/static.vrt
2026-09-04 07:00:08,247 INFO static_pipeline: STAC static dates (auto mode): ['2025-11-07'] via window 1 (2025-11-07 to 2025-11-15)
2026-09-04 07:00:08,247 INFO static_classify: Building crop mask | crop_classes=(1,) | AOI=/home/jovyan/FAO/optimized_code_testing/test_aois_small/okara_nocane_block.shp
Building crop mask:   0%|                                                                                                                                                    | 0/1 [00:00<?, ?block/s]Building crop mask: 100%|████████████████████████████████████████████████████████████████████████████████████████████████████████████████████████████████████████████| 1/1 [00:00<00:00, 31.78block/s]
2026-09-04 07:00:08,295 INFO static_classify: Crop mask coverage: 0 px (0.00% of the AOI)
2026-09-04 07:00:08,295 WARNING static_classify: Crop mask is empty: classes (1,) not present in this AOI.
2026-09-04 07:00:08,301 INFO static_classify: Grid parity verified: crop mask is 1:1 with the static image.
2026-09-04 07:00:08,306 INFO static_classify: Static worker pool = 1  [requested=7; windows=1]
2026-09-04 07:00:08,306 INFO static_classify: Classifying 1 window(s) across 1 worker(s)...
Classifying static image:   0%|                                                                                                                                              | 0/1 [00:00<?, ?block/s]Classifying static image: 100%|██████████████████████████████████████████████████████████████████████████████████████████████████████████████████████████████████████| 1/1 [00:01<00:00,  1.48s/block]Classifying static image: 100%|██████████████████████████████████████████████████████████████████████████████████████████████████████████████████████████████████████| 1/1 [00:01<00:00,  1.48s/block]
Loading categorical map for strict sieving: static_mosaic_07_Nov_2025_Cls.tif
Phase 1: base sieve filter (removing blobs < 20 px)...
Phase 2: enforcing strict topological encapsulation...
Writing topologically-enforced output to disk...
SUCCESS: sieved raster saved to: /home/jovyan/FAO/optimized_code_testing/runs_retest/Z1_nocane_empty/2_static_run_1/07_Nov_2025/static_mosaic_07_Nov_2025_Cls_sieved_p20.tif
2026-09-04 07:00:10,221 INFO pipeline: Static stage finished in 0.7 min -> /home/jovyan/FAO/optimized_code_testing/runs_retest/Z1_nocane_empty/2_static_run_1/07_Nov_2025/static_mosaic_07_Nov_2025_Cls_sieved_p20.tif
1. Vectorising target classes [1]...
  [Warning] No pixels found for classes [1].
  -> Writing an empty layer with the full schema (no pixels of classes [1]).
2026-09-04 07:00:10,237 INFO pyogrio._io: Created 0 records
   -> Saved GPKG: /home/jovyan/FAO/optimized_code_testing/runs_retest/Z1_nocane_empty/3_vector_run_1/final_output/okara_cane_2025.gpkg
2026-09-04 07:00:10,240 INFO pyogrio._io: Created 0 records
   -> Saved ZIP (Shapefile): /home/jovyan/FAO/optimized_code_testing/runs_retest/Z1_nocane_empty/3_vector_run_1/final_output/okara_cane_2025.zip
2026-09-04 07:00:10,264 WARNING qc: RESULT CHECK: The static model kept only 0.0% of the NDVI stage's crop area. That is the signature of a hazy or cloud-contaminated image rather than of a real crop boundary -- re-run from the next window (static_window_start_at) before accepting this.
2026-09-04 07:00:10,264 INFO qc: Result: aoi_acres=1324.7, feature_count=0, crop_acres=0.0, crop_share_of_aoi_pct=0.0, ndvi_crop_pixels=21951, static_crop_pixels=0, static_retention_pct=0.0 -- 1 warning(s)
2026-09-04 07:00:10,264 INFO pipeline: Pipeline finished in 3.2 min -> /home/jovyan/FAO/optimized_code_testing/runs_retest/Z1_nocane_empty/3_vector_run_1/final_output/okara_cane_2025.gpkg

=== RESULT ===
{
  "name": "Z1_nocane_empty",
  "status": "ok",
  "started_utc": "2026-09-04T06:57:00Z",
  "config_summary": "crop/year/district : cane / 2025 / okara\nAOI                : /home/jovyan/FAO/optimized_code_testing/test_aois_small/okara_nocane_block.shp\nNDVI source        : stac\nstatic source      : stac (auto)\nNDVI series window : 2024-12-24 -> 2025-11-17\nNDVI inference     : 2025-01-01 -> 2025-11-15\nstatic window      : 2025-10-15 -> 2025-11-25\nNDVI model         : gs://farmdar_data_catalog/fao_cane_model_file/fao_cane_rf_model.joblib\nstatic model       : gs://farmdar_data_catalog/fao_cane_model_file/fao_cane_xgb_model.json\nmodel cache        : /home/jovyan/.cache/fao_pipeline/models\nrun modes          : ndvi=resume, static=resume, vector=resume\nsieve min pixels   : ndvi=20, static=20",
  "output_dir": "/home/jovyan/FAO/optimized_code_testing/runs_retest/Z1_nocane_empty",
  "outcome": {
    "crop": "cane",
    "year": "2025",
    "district": "okara",
    "ndvi_source": "stac",
    "static_source": "stac",
    "output_dir": "/home/jovyan/FAO/optimized_code_testing/runs_retest/Z1_nocane_empty",
    "ndvi_run": "1_ndvi_run_1",
    "static_run": "2_static_run_1",
    "vector_run": "3_vector_run_1",
    "sieved_ndvi_raster": "/home/jovyan/FAO/optimized_code_testing/runs_retest/Z1_nocane_empty/1_ndvi_run_1/okara_nocane_block_rf_classification_map_sieved_p20.tif",
    "sieved_static_raster": "/home/jovyan/FAO/optimized_code_testing/runs_retest/Z1_nocane_empty/2_static_run_1/07_Nov_2025/static_mosaic_07_Nov_2025_Cls_sieved_p20.tif",
    "vector_output": "/home/jovyan/FAO/optimized_code_testing/runs_retest/Z1_nocane_empty/3_vector_run_1/final_output/okara_cane_2025.gpkg",
    "ndvi_minutes": 2.4,
    "static_minutes": 0.7,
    "total_minutes": 3.2,
    "result_check": {
      "warnings": [
        "The static model kept only 0.0% of the NDVI stage's crop area. That is the signature of a hazy or cloud-contaminated image rather than of a real crop boundary -- re-run from the next window (static_window_start_at) before accepting this."
      ],
      "aoi_acres": 1324.7,
      "feature_count": 0,
      "crop_acres": 0.0,
      "crop_share_of_aoi_pct": 0.0,
      "ndvi_crop_pixels": 21951,
      "static_crop_pixels": 0,
      "static_retention_pct": 0.0
    }
  },
  "wall_s": 189.58,
  "resources": {
    "samples": 342,
    "duration_s": 189.6,
    "peak_rss_tree_mb": 2953.5,
    "peak_rss_single_proc_mb": 2953.5,
    "peak_outdir_mb": 177.6,
    "final_outdir_mb": 13.3,
    "tree_read_mb": 324.9,
    "tree_write_mb": 254.91,
    "sys_read_mb": 163.26,
    "sys_write_mb": 219.59,
    "net_recv_mb": 1369.84,
    "net_sent_mb": 301.98,
    "stage_peak_rss_mb": {
      "init": 203.2,
      "resolve_models": 0.0,
      "ndvi_stage": 2680.6,
      "ndvi_acquire_stac": 2953.5,
      "ndvi_mosaic": 0.0,
      "sieve": 0.0,
      "static_stage": 0.0,
      "static_acquire_stac": 2062.9,
      "static_classify": 2580.2,
      "static_crop_mask": 0.0,
      "vector_stage": 2032.7
    }
  },
  "finished_utc": "2026-09-04T07:00:10Z"
}
