==============================================================================
crop/year/district : cane / 2025 / okara
AOI                : /home/jovyan/FAO/optimized_code_testing/test_aois_small/okara_test_data_cane.shp
NDVI source        : stac
static source      : stac (manual)
NDVI series window : 2024-12-24 -> 2025-11-17
NDVI inference     : 2025-01-01 -> 2025-11-15
static window      : 2025-10-15 -> 2025-11-25
NDVI model         : gs://farmdar_data_catalog/fao_cane_model_file/fao_cane_rf_model.joblib
static model       : gs://farmdar_data_catalog/fao_cane_model_file/fao_cane_xgb_model.json
model cache        : /home/jovyan/.cache/fao_pipeline/models
run modes          : ndvi=resume, static=resume, vector=resume
sieve min pixels   : ndvi=20, static=20
==============================================================================
2026-09-04 06:54:24,794 INFO pipeline: Pipeline configuration:
crop/year/district : cane / 2025 / okara
AOI                : /home/jovyan/FAO/optimized_code_testing/test_aois_small/okara_test_data_cane.shp
NDVI source        : stac
static source      : stac (manual)
NDVI series window : 2024-12-24 -> 2025-11-17
NDVI inference     : 2025-01-01 -> 2025-11-15
static window      : 2025-10-15 -> 2025-11-25
NDVI model         : gs://farmdar_data_catalog/fao_cane_model_file/fao_cane_rf_model.joblib
static model       : gs://farmdar_data_catalog/fao_cane_model_file/fao_cane_xgb_model.json
model cache        : /home/jovyan/.cache/fao_pipeline/models
run modes          : ndvi=resume, static=resume, vector=resume
sieve min pixels   : ndvi=20, static=20
2026-09-04 06:54:24,794 INFO run_manager: 1_ndvi: resuming run 1 -> /home/jovyan/FAO/optimized_code_testing/runs_retest/Z2_regression_1016/1_ndvi_run_1
2026-09-04 06:54:24,794 INFO run_manager: 3_vector: starting run 1 -> /home/jovyan/FAO/optimized_code_testing/runs_retest/Z2_regression_1016/3_vector_run_1  (no previous output to reuse)
2026-09-04 06:54:24,795 INFO model_registry: ndvi_model: cache hit, using /home/jovyan/.cache/fao_pipeline/models/farmdar_data_catalog/fao_cane_model_file/fao_cane_rf_model.joblib
2026-09-04 06:54:24,795 INFO model_registry: static_model: cache hit, using /home/jovyan/.cache/fao_pipeline/models/farmdar_data_catalog/fao_cane_model_file/fao_cane_xgb_model.json
2026-09-04 06:54:24,795 INFO ndvi_pipeline: [Checkpoint] NDVI classification map already exists: /home/jovyan/FAO/optimized_code_testing/runs_retest/Z2_regression_1016/1_ndvi_run_1/okara_test_data_cane_rf_classification_map.tif
[Skipped] Sieved raster already exists at: /home/jovyan/FAO/optimized_code_testing/runs_retest/Z2_regression_1016/1_ndvi_run_1/okara_test_data_cane_rf_classification_map_sieved_p20.tif
2026-09-04 06:54:24,795 INFO pipeline: NDVI stage finished in 0.0 min -> /home/jovyan/FAO/optimized_code_testing/runs_retest/Z2_regression_1016/1_ndvi_run_1/okara_test_data_cane_rf_classification_map_sieved_p20.tif
2026-09-04 06:54:24,796 INFO run_manager: 2_static: starting run 1 -> /home/jovyan/FAO/optimized_code_testing/runs_retest/Z2_regression_1016/2_static_run_1  (no previous output to reuse)
2026-09-04 06:54:24,885 INFO farmdar.sentinel: aws-creds: bootstrapped 12-hour session, expires 2026-09-04T18:54:24+00:00
2026-09-04 06:54:24,947 INFO farmdar.sentinel: AOI -> 4 tiles @ 10m (tile=0.10deg, bands=['blue', 'green', 'red', 'rededge1', 'nir', 'ndvi'], dates=['2025-10-16'], 8 workers)
2026-09-04 06:54:31,278 INFO farmdar.sentinel: [1/4] tile 0002: written (4.9s, 100.0% filled)
2026-09-04 06:54:32,567 INFO farmdar.sentinel: [2/4] tile 0001: written (6.1s, 100.0% filled)
2026-09-04 06:54:33,790 INFO farmdar.sentinel: [3/4] tile 0004: written (7.4s, 100.0% filled)
2026-09-04 06:54:35,063 INFO farmdar.sentinel: [4/4] tile 0003: written (8.6s, 100.0% filled)
2026-09-04 06:54:35,095 INFO farmdar.sentinel: DONE 4 tiles in 0.2 min. dates=['2025-10-16'] out_dir=/home/jovyan/FAO/optimized_code_testing/runs_retest/Z2_regression_1016/2_static_run_1/static_staging vrt=/home/jovyan/FAO/optimized_code_testing/runs_retest/Z2_regression_1016/2_static_run_1/static_staging/static.vrt
2026-09-04 06:54:35,095 INFO static_pipeline: STAC static dates (manual mode): ['2025-10-16']
2026-09-04 06:54:35,095 WARNING static_pipeline: Manual static dates: 2025-10-16 is the ANCHOR (layered on top and used as the radiometric reference). Put the date with the best AOI coverage first -- chronological order is not automatically correct.
2026-09-04 06:54:35,096 INFO static_classify: Building crop mask | crop_classes=(1,) | AOI=/home/jovyan/FAO/optimized_code_testing/test_aois_small/okara_test_data_cane.shp
Building crop mask:   0%|                                                                                                                                                    | 0/4 [00:00<?, ?block/s]Building crop mask:  25%|███████████████████████████████████                                                                                                         | 1/4 [00:00<00:00,  9.92block/s]Building crop mask: 100%|████████████████████████████████████████████████████████████████████████████████████████████████████████████████████████████████████████████| 4/4 [00:00<00:00, 34.85block/s]
2026-09-04 06:54:35,230 INFO static_classify: Crop mask coverage: 153,043 px (6.34% of the AOI)
2026-09-04 06:54:35,237 INFO static_classify: Grid parity verified: crop mask is 1:1 with the static image.
2026-09-04 06:54:35,242 INFO static_classify: Static worker pool = 4  [requested=7; windows=4]
2026-09-04 06:54:35,242 INFO static_classify: Classifying 4 window(s) across 4 worker(s)...
Classifying static image:   0%|                                                                                                                                              | 0/4 [00:00<?, ?block/s]Classifying static image:  25%|█████████████████████████████████▌                                                                                                    | 1/4 [00:01<00:05,  1.73s/block]Classifying static image:  50%|███████████████████████████████████████████████████████████████████                                                                   | 2/4 [00:01<00:01,  1.26block/s]Classifying static image: 100%|██████████████████████████████████████████████████████████████████████████████████████████████████████████████████████████████████████| 4/4 [00:03<00:00,  1.06block/s]Classifying static image: 100%|██████████████████████████████████████████████████████████████████████████████████████████████████████████████████████████████████████| 4/4 [00:03<00:00,  1.02block/s]
Loading categorical map for strict sieving: static_mosaic_16_Oct_2025_Cls.tif
Phase 1: base sieve filter (removing blobs < 20 px)...
Phase 2: enforcing strict topological encapsulation...
Writing topologically-enforced output to disk...
SUCCESS: sieved raster saved to: /home/jovyan/FAO/optimized_code_testing/runs_retest/Z2_regression_1016/2_static_run_1/16_Oct_2025/static_mosaic_16_Oct_2025_Cls_sieved_p20.tif
2026-09-04 06:54:39,676 INFO pipeline: Static stage finished in 0.2 min -> /home/jovyan/FAO/optimized_code_testing/runs_retest/Z2_regression_1016/2_static_run_1/16_Oct_2025/static_mosaic_16_Oct_2025_Cls_sieved_p20.tif
1. Vectorising target classes [1]...
  -> Extracted 1,101 raw polygon features.
  -> Pre-filter dropped 175 sub-threshold polygons before clipping.
2. Loading boundary for clipping...
3. Clip to boundary, explode to singlepart...
4. Computing area (EPSG:32642) and filtering (>= 0.5 acres)...
   Retained 926 features, 2,184.67 acres, label 1
5. Exporting...
2026-09-04 06:54:39,995 INFO pyogrio._io: Created 926 records
   -> Saved GPKG: /home/jovyan/FAO/optimized_code_testing/runs_retest/Z2_regression_1016/3_vector_run_1/final_output/okara_cane_2025.gpkg
2026-09-04 06:54:40,003 INFO pyogrio._io: Created 926 records
   -> Saved ZIP (Shapefile): /home/jovyan/FAO/optimized_code_testing/runs_retest/Z2_regression_1016/3_vector_run_1/final_output/okara_cane_2025.zip
2026-09-04 06:54:40,130 INFO qc: Result: aoi_acres=51293.1, feature_count=926, crop_acres=2184.7, crop_share_of_aoi_pct=4.3, ndvi_crop_pixels=245245, static_crop_pixels=106793, static_retention_pct=43.5
2026-09-04 06:54:40,131 INFO pipeline: Pipeline finished in 0.3 min -> /home/jovyan/FAO/optimized_code_testing/runs_retest/Z2_regression_1016/3_vector_run_1/final_output/okara_cane_2025.gpkg

=== RESULT ===
{
  "name": "Z2_regression_1016",
  "status": "ok",
  "started_utc": "2026-09-04T06:54:24Z",
  "config_summary": "crop/year/district : cane / 2025 / okara\nAOI                : /home/jovyan/FAO/optimized_code_testing/test_aois_small/okara_test_data_cane.shp\nNDVI source        : stac\nstatic source      : stac (manual)\nNDVI series window : 2024-12-24 -> 2025-11-17\nNDVI inference     : 2025-01-01 -> 2025-11-15\nstatic window      : 2025-10-15 -> 2025-11-25\nNDVI model         : gs://farmdar_data_catalog/fao_cane_model_file/fao_cane_rf_model.joblib\nstatic model       : gs://farmdar_data_catalog/fao_cane_model_file/fao_cane_xgb_model.json\nmodel cache        : /home/jovyan/.cache/fao_pipeline/models\nrun modes          : ndvi=resume, static=resume, vector=resume\nsieve min pixels   : ndvi=20, static=20",
  "output_dir": "/home/jovyan/FAO/optimized_code_testing/runs_retest/Z2_regression_1016",
  "outcome": {
    "crop": "cane",
    "year": "2025",
    "district": "okara",
    "ndvi_source": "stac",
    "static_source": "stac",
    "output_dir": "/home/jovyan/FAO/optimized_code_testing/runs_retest/Z2_regression_1016",
    "ndvi_run": "1_ndvi_run_1",
    "static_run": "2_static_run_1",
    "vector_run": "3_vector_run_1",
    "sieved_ndvi_raster": "/home/jovyan/FAO/optimized_code_testing/runs_retest/Z2_regression_1016/1_ndvi_run_1/okara_test_data_cane_rf_classification_map_sieved_p20.tif",
    "sieved_static_raster": "/home/jovyan/FAO/optimized_code_testing/runs_retest/Z2_regression_1016/2_static_run_1/16_Oct_2025/static_mosaic_16_Oct_2025_Cls_sieved_p20.tif",
    "vector_output": "/home/jovyan/FAO/optimized_code_testing/runs_retest/Z2_regression_1016/3_vector_run_1/final_output/okara_cane_2025.gpkg",
    "ndvi_minutes": 0.0,
    "static_minutes": 0.2,
    "total_minutes": 0.3,
    "result_check": {
      "warnings": [],
      "aoi_acres": 51293.1,
      "feature_count": 926,
      "crop_acres": 2184.7,
      "crop_share_of_aoi_pct": 4.3,
      "ndvi_crop_pixels": 245245,
      "static_crop_pixels": 106793,
      "static_retention_pct": 43.5
    }
  },
  "wall_s": 15.34,
  "resources": {
    "samples": 24,
    "duration_s": 15.3,
    "peak_rss_tree_mb": 3124.3,
    "peak_rss_single_proc_mb": 848.2,
    "peak_outdir_mb": 54.3,
    "final_outdir_mb": 54.3,
    "tree_read_mb": 54.96,
    "tree_write_mb": 55.83,
    "sys_read_mb": 27.47,
    "sys_write_mb": 0.76,
    "net_recv_mb": 50.25,
    "net_sent_mb": 0.75,
    "stage_peak_rss_mb": {
      "resolve_models": 202.4,
      "ndvi_stage": 0.0,
      "sieve": 843.3,
      "static_stage": 0.0,
      "static_acquire_stac": 848.2,
      "static_classify": 3124.3,
      "static_crop_mask": 0.0,
      "vector_stage": 0.0,
      "pipeline": 846.4
    }
  },
  "finished_utc": "2026-09-04T06:54:40Z"
}
