==============================================================================
crop/year/district : cane / 2025 / okara
AOI                : /home/jovyan/FAO/optimized_code_testing/test_aois_small/okara_test_data_cane.shp
NDVI source        : stac
static source      : stac (auto)
NDVI series window : 2024-12-24 -> 2025-11-17
NDVI inference     : 2025-01-01 -> 2025-11-15
static window      : 2025-10-15 -> 2025-11-25
NDVI model         : gs://farmdar_data_catalog/fao_cane_model_file/fao_cane_rf_model.joblib
static model       : gs://farmdar_data_catalog/fao_cane_model_file/fao_cane_xgb_model.json
model cache        : /home/jovyan/.cache/fao_pipeline/models
run modes          : ndvi=resume, static=resume, vector=resume
sieve min pixels   : ndvi=20, static=20
==============================================================================
2026-09-04 06:54:40,991 INFO pipeline: Pipeline configuration:
crop/year/district : cane / 2025 / okara
AOI                : /home/jovyan/FAO/optimized_code_testing/test_aois_small/okara_test_data_cane.shp
NDVI source        : stac
static source      : stac (auto)
NDVI series window : 2024-12-24 -> 2025-11-17
NDVI inference     : 2025-01-01 -> 2025-11-15
static window      : 2025-10-15 -> 2025-11-25
NDVI model         : gs://farmdar_data_catalog/fao_cane_model_file/fao_cane_rf_model.joblib
static model       : gs://farmdar_data_catalog/fao_cane_model_file/fao_cane_xgb_model.json
model cache        : /home/jovyan/.cache/fao_pipeline/models
run modes          : ndvi=resume, static=resume, vector=resume
sieve min pixels   : ndvi=20, static=20
2026-09-04 06:54:40,991 INFO run_manager: 1_ndvi: resuming run 1 -> /home/jovyan/FAO/optimized_code_testing/runs_retest/Z3_cane_auto/1_ndvi_run_1
2026-09-04 06:54:40,992 INFO run_manager: 3_vector: starting run 1 -> /home/jovyan/FAO/optimized_code_testing/runs_retest/Z3_cane_auto/3_vector_run_1  (no previous output to reuse)
2026-09-04 06:54:40,992 INFO model_registry: ndvi_model: cache hit, using /home/jovyan/.cache/fao_pipeline/models/farmdar_data_catalog/fao_cane_model_file/fao_cane_rf_model.joblib
2026-09-04 06:54:40,992 INFO model_registry: static_model: cache hit, using /home/jovyan/.cache/fao_pipeline/models/farmdar_data_catalog/fao_cane_model_file/fao_cane_xgb_model.json
2026-09-04 06:54:40,992 INFO ndvi_pipeline: [Checkpoint] NDVI classification map already exists: /home/jovyan/FAO/optimized_code_testing/runs_retest/Z3_cane_auto/1_ndvi_run_1/okara_test_data_cane_rf_classification_map.tif
[Skipped] Sieved raster already exists at: /home/jovyan/FAO/optimized_code_testing/runs_retest/Z3_cane_auto/1_ndvi_run_1/okara_test_data_cane_rf_classification_map_sieved_p20.tif
2026-09-04 06:54:40,992 INFO pipeline: NDVI stage finished in 0.0 min -> /home/jovyan/FAO/optimized_code_testing/runs_retest/Z3_cane_auto/1_ndvi_run_1/okara_test_data_cane_rf_classification_map_sieved_p20.tif
2026-09-04 06:54:40,992 INFO run_manager: 2_static: starting run 1 -> /home/jovyan/FAO/optimized_code_testing/runs_retest/Z3_cane_auto/2_static_run_1  (no previous output to reuse)
2026-09-04 06:54:41,092 INFO farmdar.sentinel: aws-creds: bootstrapped 12-hour session, expires 2026-09-04T18:54:41+00:00
2026-09-04 06:54:43,798 INFO farmdar.sentinel: static: 4 scenes on 4 dates in [2025-11-07, 2025-11-15)
2026-09-04 06:54:51,035 INFO farmdar.sentinel: static: dates=['2025-11-10'] (anchor=2025-11-10) -> 100.00% of AOI usable
2026-09-04 06:54:51,689 INFO farmdar.sentinel: static: 3 scenes on 2 dates in [2025-11-01, 2025-11-06)
2026-09-04 06:54:54,499 INFO farmdar.sentinel: static: dates=['2025-11-05'] (anchor=2025-11-05) -> 100.00% of AOI usable
2026-09-04 06:54:56,592 INFO farmdar.sentinel: static: 7 scenes on 7 dates in [2025-10-15, 2025-10-31)
2026-09-04 06:54:58,933 INFO farmdar.sentinel: static: dates=['2025-10-16'] (anchor=2025-10-16) -> 100.00% of AOI usable
2026-09-04 06:54:59,585 INFO farmdar.sentinel: static: 4 scenes on 3 dates in [2025-11-16, 2025-11-25)
2026-09-04 06:55:02,308 INFO farmdar.sentinel: static: dates=['2025-11-20'] (anchor=2025-11-20) -> 100.00% of AOI usable
2026-09-04 06:55:02,308 INFO static_pipeline: Window scores (best-first by preference):
2026-09-04 06:55:02,308 INFO static_pipeline:   window 1 (2025-11-07 to 2025-11-15): ['2025-11-10'] -> 100.0% of AOI usable
2026-09-04 06:55:02,308 INFO static_pipeline:   window 2 (2025-11-01 to 2025-11-06): ['2025-11-05'] -> 100.0% of AOI usable
2026-09-04 06:55:02,308 INFO static_pipeline:   window 3 (2025-10-15 to 2025-10-31): ['2025-10-16'] -> 100.0% of AOI usable
2026-09-04 06:55:02,308 INFO static_pipeline:   window 4 (2025-11-16 to 2025-11-25): ['2025-11-20'] -> 100.0% of AOI usable
2026-09-04 06:55:02,308 INFO static_pipeline: Chose window 1 (2025-11-07 to 2025-11-15) at 100.0% (floor 80%).
2026-09-04 06:55:02,311 INFO farmdar.sentinel: AOI -> 4 tiles @ 10m (tile=0.10deg, bands=['blue', 'green', 'red', 'rededge1', 'nir', 'ndvi'], dates=['2025-11-10'], 8 workers)
2026-09-04 06:55:07,130 INFO farmdar.sentinel: [1/4] tile 0002: written (4.2s, 100.0% filled)
2026-09-04 06:55:09,689 INFO farmdar.sentinel: [2/4] tile 0004: written (5.5s, 100.0% filled)
2026-09-04 06:55:09,691 INFO farmdar.sentinel: [3/4] tile 0001: written (7.1s, 100.0% filled)
2026-09-04 06:55:10,999 INFO farmdar.sentinel: [4/4] tile 0003: written (8.1s, 100.0% filled)
2026-09-04 06:55:11,032 INFO farmdar.sentinel: DONE 4 tiles in 0.1 min. dates=['2025-11-10'] out_dir=/home/jovyan/FAO/optimized_code_testing/runs_retest/Z3_cane_auto/2_static_run_1/static_staging vrt=/home/jovyan/FAO/optimized_code_testing/runs_retest/Z3_cane_auto/2_static_run_1/static_staging/static.vrt
2026-09-04 06:55:11,032 INFO static_pipeline: STAC static dates (auto mode): ['2025-11-10'] via window 1 (2025-11-07 to 2025-11-15)
2026-09-04 06:55:11,032 INFO static_classify: Building crop mask | crop_classes=(1,) | AOI=/home/jovyan/FAO/optimized_code_testing/test_aois_small/okara_test_data_cane.shp
Building crop mask:   0%|                                                                                                                                                    | 0/4 [00:00<?, ?block/s]Building crop mask:  25%|███████████████████████████████████                                                                                                         | 1/4 [00:00<00:00,  9.98block/s]Building crop mask: 100%|████████████████████████████████████████████████████████████████████████████████████████████████████████████████████████████████████████████| 4/4 [00:00<00:00, 33.92block/s]
2026-09-04 06:55:11,169 INFO static_classify: Crop mask coverage: 153,043 px (6.34% of the AOI)
2026-09-04 06:55:11,176 INFO static_classify: Grid parity verified: crop mask is 1:1 with the static image.
2026-09-04 06:55:11,181 INFO static_classify: Static worker pool = 4  [requested=7; windows=4]
2026-09-04 06:55:11,181 INFO static_classify: Classifying 4 window(s) across 4 worker(s)...
Classifying static image:   0%|                                                                                                                                              | 0/4 [00:00<?, ?block/s]Classifying static image:  25%|█████████████████████████████████▌                                                                                                    | 1/4 [00:01<00:05,  1.78s/block]Classifying static image: 100%|██████████████████████████████████████████████████████████████████████████████████████████████████████████████████████████████████████| 4/4 [00:03<00:00,  1.07block/s]Classifying static image: 100%|██████████████████████████████████████████████████████████████████████████████████████████████████████████████████████████████████████| 4/4 [00:03<00:00,  1.01block/s]
Loading categorical map for strict sieving: static_mosaic_10_Nov_2025_Cls.tif
Phase 1: base sieve filter (removing blobs < 20 px)...
Phase 2: enforcing strict topological encapsulation...
Writing topologically-enforced output to disk...
SUCCESS: sieved raster saved to: /home/jovyan/FAO/optimized_code_testing/runs_retest/Z3_cane_auto/2_static_run_1/10_Nov_2025/static_mosaic_10_Nov_2025_Cls_sieved_p20.tif
2026-09-04 06:55:15,723 INFO pipeline: Static stage finished in 0.6 min -> /home/jovyan/FAO/optimized_code_testing/runs_retest/Z3_cane_auto/2_static_run_1/10_Nov_2025/static_mosaic_10_Nov_2025_Cls_sieved_p20.tif
1. Vectorising target classes [1]...
  -> Extracted 938 raw polygon features.
  -> Pre-filter dropped 138 sub-threshold polygons before clipping.
2. Loading boundary for clipping...
3. Clip to boundary, explode to singlepart...
4. Computing area (EPSG:32642) and filtering (>= 0.5 acres)...
   Retained 800 features, 1,855.54 acres, label 1
5. Exporting...
2026-09-04 06:55:16,043 INFO pyogrio._io: Created 800 records
   -> Saved GPKG: /home/jovyan/FAO/optimized_code_testing/runs_retest/Z3_cane_auto/3_vector_run_1/final_output/okara_cane_2025.gpkg
2026-09-04 06:55:16,051 INFO pyogrio._io: Created 800 records
   -> Saved ZIP (Shapefile): /home/jovyan/FAO/optimized_code_testing/runs_retest/Z3_cane_auto/3_vector_run_1/final_output/okara_cane_2025.zip
2026-09-04 06:55:16,191 INFO qc: Result: aoi_acres=51293.1, feature_count=800, crop_acres=1855.5, crop_share_of_aoi_pct=3.6, ndvi_crop_pixels=245245, static_crop_pixels=90469, static_retention_pct=36.9
2026-09-04 06:55:16,191 INFO pipeline: Pipeline finished in 0.6 min -> /home/jovyan/FAO/optimized_code_testing/runs_retest/Z3_cane_auto/3_vector_run_1/final_output/okara_cane_2025.gpkg

=== RESULT ===
{
  "name": "Z3_cane_auto",
  "status": "ok",
  "started_utc": "2026-09-04T06:54:40Z",
  "config_summary": "crop/year/district : cane / 2025 / okara\nAOI                : /home/jovyan/FAO/optimized_code_testing/test_aois_small/okara_test_data_cane.shp\nNDVI source        : stac\nstatic source      : stac (auto)\nNDVI series window : 2024-12-24 -> 2025-11-17\nNDVI inference     : 2025-01-01 -> 2025-11-15\nstatic window      : 2025-10-15 -> 2025-11-25\nNDVI model         : gs://farmdar_data_catalog/fao_cane_model_file/fao_cane_rf_model.joblib\nstatic model       : gs://farmdar_data_catalog/fao_cane_model_file/fao_cane_xgb_model.json\nmodel cache        : /home/jovyan/.cache/fao_pipeline/models\nrun modes          : ndvi=resume, static=resume, vector=resume\nsieve min pixels   : ndvi=20, static=20",
  "output_dir": "/home/jovyan/FAO/optimized_code_testing/runs_retest/Z3_cane_auto",
  "outcome": {
    "crop": "cane",
    "year": "2025",
    "district": "okara",
    "ndvi_source": "stac",
    "static_source": "stac",
    "output_dir": "/home/jovyan/FAO/optimized_code_testing/runs_retest/Z3_cane_auto",
    "ndvi_run": "1_ndvi_run_1",
    "static_run": "2_static_run_1",
    "vector_run": "3_vector_run_1",
    "sieved_ndvi_raster": "/home/jovyan/FAO/optimized_code_testing/runs_retest/Z3_cane_auto/1_ndvi_run_1/okara_test_data_cane_rf_classification_map_sieved_p20.tif",
    "sieved_static_raster": "/home/jovyan/FAO/optimized_code_testing/runs_retest/Z3_cane_auto/2_static_run_1/10_Nov_2025/static_mosaic_10_Nov_2025_Cls_sieved_p20.tif",
    "vector_output": "/home/jovyan/FAO/optimized_code_testing/runs_retest/Z3_cane_auto/3_vector_run_1/final_output/okara_cane_2025.gpkg",
    "ndvi_minutes": 0.0,
    "static_minutes": 0.6,
    "total_minutes": 0.6,
    "result_check": {
      "warnings": [],
      "aoi_acres": 51293.1,
      "feature_count": 800,
      "crop_acres": 1855.5,
      "crop_share_of_aoi_pct": 3.6,
      "ndvi_crop_pixels": 245245,
      "static_crop_pixels": 90469,
      "static_retention_pct": 36.9
    }
  },
  "wall_s": 35.2,
  "resources": {
    "samples": 62,
    "duration_s": 35.2,
    "peak_rss_tree_mb": 3128.0,
    "peak_rss_single_proc_mb": 961.8,
    "peak_outdir_mb": 40.5,
    "final_outdir_mb": 0.3,
    "tree_read_mb": 0.0,
    "tree_write_mb": 53.81,
    "sys_read_mb": 0.15,
    "sys_write_mb": 7.7,
    "net_recv_mb": 52.47,
    "net_sent_mb": 1.56,
    "stage_peak_rss_mb": {
      "resolve_models": 0.0,
      "ndvi_stage": 0.0,
      "sieve": 837.0,
      "static_stage": 0.0,
      "static_acquire_stac": 961.8,
      "static_classify": 3128.0,
      "static_crop_mask": 0.0,
      "vector_stage": 853.3
    }
  },
  "finished_utc": "2026-09-04T06:55:16Z"
}
